Archive member included to satisfy reference by file (symbol)

app/libapp.a(main.c.obj)      (--whole-archive)
zephyr/libzephyr.a(heap.c.obj)
                              (--whole-archive)
zephyr/libzephyr.a(cbprintf_packaged.c.obj)
                              (--whole-archive)
zephyr/libzephyr.a(printk.c.obj)
                              (--whole-archive)
zephyr/libzephyr.a(sem.c.obj)
                              (--whole-archive)
zephyr/libzephyr.a(thread_entry.c.obj)
                              (--whole-archive)
zephyr/libzephyr.a(cbprintf_complete.c.obj)
                              (--whole-archive)
zephyr/libzephyr.a(assert.c.obj)
                              (--whole-archive)
zephyr/libzephyr.a(mpsc_pbuf.c.obj)
                              (--whole-archive)
zephyr/libzephyr.a(dec.c.obj)
                              (--whole-archive)
zephyr/libzephyr.a(hex.c.obj)
                              (--whole-archive)
zephyr/libzephyr.a(rb.c.obj)  (--whole-archive)
zephyr/libzephyr.a(timeutil.c.obj)
                              (--whole-archive)
zephyr/libzephyr.a(bitarray.c.obj)
                              (--whole-archive)
zephyr/libzephyr.a(onoff.c.obj)
                              (--whole-archive)
zephyr/libzephyr.a(notify.c.obj)
                              (--whole-archive)
zephyr/libzephyr.a(configs.c.obj)
                              (--whole-archive)
zephyr/libzephyr.a(log_core.c.obj)
                              (--whole-archive)
zephyr/libzephyr.a(log_mgmt.c.obj)
                              (--whole-archive)
zephyr/libzephyr.a(log_cache.c.obj)
                              (--whole-archive)
zephyr/libzephyr.a(log_msg.c.obj)
                              (--whole-archive)
zephyr/libzephyr.a(log_output.c.obj)
                              (--whole-archive)
zephyr/libzephyr.a(log_backend_uart.c.obj)
                              (--whole-archive)
zephyr/libzephyr.a(mem_attr.c.obj)
                              (--whole-archive)
zephyr/libzephyr.a(tracing_none.c.obj)
                              (--whole-archive)
zephyr/libzephyr.a(banner.c.obj)
                              (--whole-archive)
zephyr/libzephyr.a(flash_map_partition_manager.c.obj)
                              (--whole-archive)
zephyr/arch/common/libarch__common.a(sw_isr_common.c.obj)
                              (--whole-archive)
zephyr/arch/arch/arm/core/libarch__arm__core.a(fatal.c.obj)
                              (--whole-archive)
zephyr/arch/arch/arm/core/libarch__arm__core.a(nmi.c.obj)
                              (--whole-archive)
zephyr/arch/arch/arm/core/libarch__arm__core.a(nmi_on_reset.S.obj)
                              (--whole-archive)
zephyr/arch/arch/arm/core/libarch__arm__core.a(tls.c.obj)
                              (--whole-archive)
zephyr/arch/arch/arm/core/cortex_m/libarch__arm__core__cortex_m.a(exc_exit.c.obj)
                              (--whole-archive)
zephyr/arch/arch/arm/core/cortex_m/libarch__arm__core__cortex_m.a(fault.c.obj)
                              (--whole-archive)
zephyr/arch/arch/arm/core/cortex_m/libarch__arm__core__cortex_m.a(fault_s.S.obj)
                              (--whole-archive)
zephyr/arch/arch/arm/core/cortex_m/libarch__arm__core__cortex_m.a(fpu.c.obj)
                              (--whole-archive)
zephyr/arch/arch/arm/core/cortex_m/libarch__arm__core__cortex_m.a(reset.S.obj)
                              (--whole-archive)
zephyr/arch/arch/arm/core/cortex_m/libarch__arm__core__cortex_m.a(scb.c.obj)
                              (--whole-archive)
zephyr/arch/arch/arm/core/cortex_m/libarch__arm__core__cortex_m.a(thread_abort.c.obj)
                              (--whole-archive)
zephyr/arch/arch/arm/core/cortex_m/libarch__arm__core__cortex_m.a(vector_table.S.obj)
                              (--whole-archive)
zephyr/arch/arch/arm/core/cortex_m/libarch__arm__core__cortex_m.a(swap.c.obj)
                              (--whole-archive)
zephyr/arch/arch/arm/core/cortex_m/libarch__arm__core__cortex_m.a(swap_helper.S.obj)
                              (--whole-archive)
zephyr/arch/arch/arm/core/cortex_m/libarch__arm__core__cortex_m.a(irq_manage.c.obj)
                              (--whole-archive)
zephyr/arch/arch/arm/core/cortex_m/libarch__arm__core__cortex_m.a(prep_c.c.obj)
                              (--whole-archive)
zephyr/arch/arch/arm/core/cortex_m/libarch__arm__core__cortex_m.a(thread.c.obj)
                              (--whole-archive)
zephyr/arch/arch/arm/core/cortex_m/libarch__arm__core__cortex_m.a(cpu_idle.c.obj)
                              (--whole-archive)
zephyr/arch/arch/arm/core/cortex_m/libarch__arm__core__cortex_m.a(irq_init.c.obj)
                              (--whole-archive)
zephyr/arch/arch/arm/core/cortex_m/libarch__arm__core__cortex_m.a(isr_wrapper.c.obj)
                              (--whole-archive)
zephyr/arch/arch/arm/core/cortex_m/libarch__arm__core__cortex_m.a(__aeabi_read_tp.S.obj)
[...]
Memory Configuration

Name             Origin             Length             Attributes
FLASH            0x0000000000000000 0x0000000000165000 xr
RAM              0x0000000020000000 0x0000000000028000 xw
IDT_LIST         0x00000000ffff7fff 0x0000000000008000 xw
*default*        0x0000000000000000 0xffffffffffffffff

Linker script and memory map

                0x0000000000005410                vfprintf = __l_vfprintf
                0x0000000000000000                vfscanf = __l_vfscanf
LOAD zephyr/CMakeFiles/zephyr_final.dir/misc/empty_file.c.obj
LOAD zephyr/CMakeFiles/zephyr_final.dir/isr_tables.c.obj
LOAD zephyr/CMakeFiles/offsets.dir/./arch/arm/core/offsets/offsets.c.obj
LOAD app/libapp.a
LOAD zephyr/libzephyr.a
LOAD zephyr/arch/common/libarch__common.a
LOAD zephyr/arch/arch/arm/core/libarch__arm__core.a
LOAD zephyr/arch/arch/arm/core/cortex_m/libarch__arm__core__cortex_m.a
LOAD zephyr/arch/arch/arm/core/cortex_m/cmse/libarch__arm__core__cortex_m__cmse.a
LOAD zephyr/arch/arch/arm/core/mpu/libarch__arm__core__mpu.a
LOAD zephyr/lib/libc/picolibc/liblib__libc__picolibc.a
LOAD zephyr/lib/libc/common/liblib__libc__common.a
LOAD zephyr/soc/soc/nrf54l15/libsoc__nordic.a
LOAD zephyr/drivers/misc/nordic_vpr_launcher/libdrivers__misc__nordic_vpr_launcher.a
LOAD zephyr/drivers/cache/libdrivers__cache.a
LOAD zephyr/drivers/clock_control/libdrivers__clock_control.a
LOAD zephyr/drivers/console/libdrivers__console.a
LOAD zephyr/drivers/gpio/libdrivers__gpio.a
LOAD zephyr/drivers/pinctrl/libdrivers__pinctrl.a
LOAD zephyr/drivers/serial/libdrivers__serial.a
LOAD zephyr/drivers/timer/libdrivers__timer.a
LOAD modules/hal_nordic/nrfx/libmodules__hal_nordic__nrfx.a
LOAD zephyr/kernel/libkernel.a
LOAD zephyr/arch/common/libisr_tables.a
LOAD c:\ncs\toolchains\b620d30767\opt\zephyr-sdk\arm-zephyr-eabi\bin\../lib/gcc/../../picolibc/arm-zephyr-eabi/lib/thumb/v8-m.main/nofp\libc.a
LOAD c:/ncs/toolchains/b620d30767/opt/zephyr-sdk/arm-zephyr-eabi/bin/../lib/gcc/arm-zephyr-eabi/12.2.0/thumb/v8-m.main/nofp\libgcc.a
                0x0000000000000020                _region_min_align = 0x20

.rel.plt        0x0000000000000000        0x0
 *(SORT_BY_ALIGNMENT(.rel.plt))
                [!provide]                        PROVIDE (__rel_iplt_start = .)
 *(SORT_BY_ALIGNMENT(.rel.iplt))
 .rel.iplt      0x0000000000000000        0x0 zephyr/CMakeFiles/zephyr_final.dir/isr_tables.c.obj
                [!provide]                        PROVIDE (__rel_iplt_end = .)

.rela.plt       0x0000000000000000        0x0
 *(SORT_BY_ALIGNMENT(.rela.plt))
                [!provide]                        PROVIDE (__rela_iplt_start = .)
 *(SORT_BY_ALIGNMENT(.rela.iplt))
                [!provide]                        PROVIDE (__rela_iplt_end = .)

.rel.dyn
 *(SORT_BY_ALIGNMENT(.rel.*))

.rela.dyn
 *(SORT_BY_ALIGNMENT(.rela.*))

/DISCARD/
 *(SORT_BY_ALIGNMENT(.plt))

/DISCARD/
 *(SORT_BY_ALIGNMENT(.iplt))
                0x0000000000000000                __rom_region_start = 0x0

rom_start       0x0000000000000000      0x47c
                0x0000000000000000                __rom_start_address = .
 FILL mask 0x00
                0x0000000000000000                . = (. + (0x0 - (. - __rom_start_address)))
                0x0000000000000000                . = ALIGN (0x4)
                0x0000000000000000                . = ALIGN (0x80)
                0x0000000000000000                . = ALIGN (0x800)
                0x0000000000000000                _vector_start = .
 *(SORT_BY_ALIGNMENT(.exc_vector_table))
 *(SORT_BY_ALIGNMENT(.exc_vector_table.*))
 .exc_vector_table._vector_table_section
                0x0000000000000000       0x40 zephyr/arch/arch/arm/core/cortex_m/libarch__arm__core__cortex_m.a(vector_table.S.obj)
                0x0000000000000000                _vector_table
 *(SORT_BY_ALIGNMENT(.vectors))
                0x000000000000047c                _vector_end = .
                0x0000000000000040                . = ALIGN (0x4)
 *(SORT_BY_ALIGNMENT(.gnu.linkonce.irq_vector_table*))
 .gnu.linkonce.irq_vector_table
                0x0000000000000040      0x43c zephyr/CMakeFiles/zephyr_final.dir/isr_tables.c.obj
                0x0000000000000040                _irq_vector_table
                0x000000000000047c                _vector_end = .

text            0x000000000000047c     0x6978
                0x000000000000047c                __text_region_start = .
 *(SORT_BY_ALIGNMENT(.text))
 .text          0x000000000000047c       0x30 c:/ncs/toolchains/b620d30767/opt/zephyr-sdk/arm-zephyr-eabi/bin/../lib/gcc/arm-zephyr-eabi/12.2.0/thumb/v8-m.main/nofp\libgcc.a(_aeabi_uldivmod.o)
                0x000000000000047c                __aeabi_uldivmod
 .text          0x00000000000004ac        0x4 c:/ncs/toolchains/b620d30767/opt/zephyr-sdk/arm-zephyr-eabi/bin/../lib/gcc/arm-zephyr-eabi/12.2.0/thumb/v8-m.main/nofp\libgcc.a(_dvmd_tls.o)
                0x00000000000004ac                __aeabi_idiv0
                0x00000000000004ac                __aeabi_ldiv0
 .text          0x00000000000004b0       0x10 c:\ncs\toolchains\b620d30767\opt\zephyr-sdk\arm-zephyr-eabi\bin\../lib/gcc/../../picolibc/arm-zephyr-eabi/lib/thumb/v8-m.main/nofp\libc.a(strlen.S.o)
                0x00000000000004b0                strlen
 .text          0x00000000000004c0      0x29c c:/ncs/toolchains/b620d30767/opt/zephyr-sdk/arm-zephyr-eabi/bin/../lib/gcc/arm-zephyr-eabi/12.2.0/thumb/v8-m.main/nofp\libgcc.a(_udivmoddi4.o)
                0x00000000000004c0                __udivmoddi4
 *(SORT_BY_ALIGNMENT(.text.*))
 .text.main     0x000000000000075c       0x48 app/libapp.a(main.c.obj)
                0x000000000000075c                main
 .text.cbvprintf_package
                0x00000000000007a4      0x3a4 zephyr/libzephyr.a(cbprintf_packaged.c.obj)
                0x00000000000007a4                cbvprintf_package
 .text.cbprintf_package_convert
                0x0000000000000b48      0x3c0 zephyr/libzephyr.a(cbprintf_packaged.c.obj)
                0x0000000000000b48                cbprintf_package_convert
 .text.__printk_hook_install
                0x0000000000000f08        0xc zephyr/libzephyr.a(printk.c.obj)
                0x0000000000000f08                __printk_hook_install
 .text.z_thread_entry
                0x0000000000000f14       0x34 zephyr/libzephyr.a(thread_entry.c.obj)
                0x0000000000000f14                z_thread_entry
 .text.process_event
                0x0000000000000f48      0x21c zephyr/libzephyr.a(onoff.c.obj)
 .text.activate_foreach_backend
                0x0000000000001164       0x64 zephyr/libzephyr.a(log_core.c.obj)
 .text.enable_logger
                0x00000000000011c8       0x5c zephyr/libzephyr.a(log_core.c.obj)
 .text.log_process_thread_timer_expiry_fn
                0x0000000000001224        0xc zephyr/libzephyr.a(log_core.c.obj)
 .text.z_log_init
                0x0000000000001230       0x90 zephyr/libzephyr.a(log_core.c.obj)
 .text.log_format_func_t_get
                0x00000000000012c0        0xc zephyr/libzephyr.a(log_core.c.obj)
                0x00000000000012c0                log_format_func_t_get
 .text.log_set_timestamp_func
                0x00000000000012cc       0x20 zephyr/libzephyr.a(log_core.c.obj)
                0x00000000000012cc                log_set_timestamp_func
 .text.z_log_notify_backend_enabled
                0x00000000000012ec       0x1c zephyr/libzephyr.a(log_core.c.obj)
                0x00000000000012ec                z_log_notify_backend_enabled
 .text.z_log_dropped
                0x0000000000001308       0x3c zephyr/libzephyr.a(log_core.c.obj)
                0x0000000000001308                z_log_dropped
 .text.z_log_dropped_read_and_clear
                0x0000000000001344       0x18 zephyr/libzephyr.a(log_core.c.obj)
                0x0000000000001344                z_log_dropped_read_and_clear
 .text.dropped_notify
                0x000000000000135c       0x30 zephyr/libzephyr.a(log_core.c.obj)
                0x000000000000135c                dropped_notify
 .text.z_log_msg_init
                0x000000000000138c       0x20 zephyr/libzephyr.a(log_core.c.obj)
                0x000000000000138c                z_log_msg_init
 .text.log_core_init
                0x00000000000013ac       0x34 zephyr/libzephyr.a(log_core.c.obj)
                0x00000000000013ac                log_core_init
 .text.z_log_msg_alloc
                0x00000000000013e0       0x10 zephyr/libzephyr.a(log_core.c.obj)
                0x00000000000013e0                z_log_msg_alloc
 .text.z_log_msg_local_claim
                0x00000000000013f0        0xc zephyr/libzephyr.a(log_core.c.obj)
                0x00000000000013f0                z_log_msg_local_claim
 .text.z_log_msg_free
                0x00000000000013fc       0x10 zephyr/libzephyr.a(log_core.c.obj)
                0x00000000000013fc                z_log_msg_free
 .text.z_log_msg_pending
                0x000000000000140c        0xc zephyr/libzephyr.a(log_core.c.obj)
                0x000000000000140c                z_log_msg_pending
 .text.z_impl_log_process
                0x0000000000001418       0xb4 zephyr/libzephyr.a(log_core.c.obj)
                0x0000000000001418                z_impl_log_process
 .text.z_impl_log_panic
                0x00000000000014cc       0x44 zephyr/libzephyr.a(log_core.c.obj)
                0x00000000000014cc                z_impl_log_panic
 .text.log_process_thread_func
                0x0000000000001510       0xa4 zephyr/libzephyr.a(log_core.c.obj)
 .text.z_log_msg_post_finalize
                0x00000000000015b4       0x78 zephyr/libzephyr.a(log_core.c.obj)
 .text.z_log_msg_commit
                0x000000000000162c       0x24 zephyr/libzephyr.a(log_core.c.obj)
                0x000000000000162c                z_log_msg_commit
 .text.log_source_name_get
                0x0000000000001650       0x1c zephyr/libzephyr.a(log_mgmt.c.obj)
                0x0000000000001650                log_source_name_get
 .text.log_backend_enable
                0x000000000000166c       0x28 zephyr/libzephyr.a(log_mgmt.c.obj)
                0x000000000000166c                log_backend_enable
 .text.z_impl_z_log_msg_static_create
                0x0000000000001694      0x108 zephyr/libzephyr.a(log_msg.c.obj)
                0x0000000000001694                z_impl_z_log_msg_static_create
 .text.z_log_msg_runtime_vcreate
                0x000000000000179c       0xa0 zephyr/libzephyr.a(log_msg.c.obj)
                0x000000000000179c                z_log_msg_runtime_vcreate
 .text.log_msg_get_source_id
                0x000000000000183c       0x18 zephyr/libzephyr.a(log_msg.c.obj)
                0x000000000000183c                log_msg_get_source_id
 .text.print_formatted
                0x0000000000001854       0x24 zephyr/libzephyr.a(log_output.c.obj)
 .text.newline_print
                0x0000000000001878       0x1c zephyr/libzephyr.a(log_output.c.obj)
 .text.log_output_process
                0x0000000000001894      0x2d4 zephyr/libzephyr.a(log_output.c.obj)
                0x0000000000001894                log_output_process
 .text.log_output_dropped_process
                0x0000000000001b68       0x58 zephyr/libzephyr.a(log_output.c.obj)
                0x0000000000001b68                log_output_dropped_process
 .text.log_output_timestamp_freq_set
                0x0000000000001bc0       0x2c zephyr/libzephyr.a(log_output.c.obj)
                0x0000000000001bc0                log_output_timestamp_freq_set
 .text.char_out
                0x0000000000001bec       0x24 zephyr/libzephyr.a(log_backend_uart.c.obj)
 .text.mem_attr_get_regions
                0x0000000000001c10        0xc zephyr/libzephyr.a(mem_attr.c.obj)
                0x0000000000001c10                mem_attr_get_regions
 .text.boot_banner
                0x0000000000001c1c       0x1c zephyr/libzephyr.a(banner.c.obj)
                0x0000000000001c1c                boot_banner
 .text.z_arm_fatal_error
                0x0000000000001c38       0xb8 zephyr/arch/arch/arm/core/libarch__arm__core.a(fatal.c.obj)
                0x0000000000001c38                z_arm_fatal_error
 .text.z_SysNmiOnReset
                0x0000000000001cf0        0x8 zephyr/arch/arch/arm/core/libarch__arm__core.a(nmi_on_reset.S.obj)
                0x0000000000001cf0                z_SysNmiOnReset
 .text.arch_tls_stack_setup
                0x0000000000001cf8       0x40 zephyr/arch/arch/arm/core/libarch__arm__core.a(tls.c.obj)
                0x0000000000001cf8                arch_tls_stack_setup
 .text._HandlerModeExit
                0x0000000000001d38       0x28 zephyr/arch/arch/arm/core/cortex_m/libarch__arm__core__cortex_m.a(exc_exit.c.obj)
                0x0000000000001d38                z_arm_int_exit
                0x0000000000001d38                z_arm_exc_exit
 .text.mem_manage_fault.constprop.0
                0x0000000000001d60       0xd0 zephyr/arch/arch/arm/core/cortex_m/libarch__arm__core__cortex_m.a(fault.c.obj)
 .text.usage_fault.constprop.0
                0x0000000000001e30       0xbc zephyr/arch/arch/arm/core/cortex_m/libarch__arm__core__cortex_m.a(fault.c.obj)
 .text.bus_fault.constprop.0
                0x0000000000001eec       0xd0 zephyr/arch/arch/arm/core/cortex_m/libarch__arm__core__cortex_m.a(fault.c.obj)
 .text.z_arm_fault
                0x0000000000001fbc      0x1d0 zephyr/arch/arch/arm/core/cortex_m/libarch__arm__core__cortex_m.a(fault.c.obj)
                0x0000000000001fbc                z_arm_fault
 .text.z_arm_fault_init
                0x000000000000218c       0x20 zephyr/arch/arch/arm/core/cortex_m/libarch__arm__core__cortex_m.a(fault.c.obj)
                0x000000000000218c                z_arm_fault_init
 .text.__fault  0x00000000000021ac       0x14 zephyr/arch/arch/arm/core/cortex_m/libarch__arm__core__cortex_m.a(fault_s.S.obj)
                0x00000000000021ac                z_arm_usage_fault
                0x00000000000021ac                z_arm_mpu_fault
                0x00000000000021ac                z_arm_exc_spurious
                0x00000000000021ac                z_arm_debug_monitor
                0x00000000000021ac                z_arm_hard_fault
                0x00000000000021ac                z_arm_bus_fault
 .text._reset_section
                0x00000000000021c0       0x60 zephyr/arch/arch/arm/core/cortex_m/libarch__arm__core__cortex_m.a(reset.S.obj)
                0x00000000000021c0                __start
                0x00000000000021c0                z_arm_reset
 .text.z_arm_clear_arm_mpu_config
                0x0000000000002220       0x24 zephyr/arch/arch/arm/core/cortex_m/libarch__arm__core__cortex_m.a(scb.c.obj)
                0x0000000000002220                z_arm_clear_arm_mpu_config
 .text.z_arm_init_arch_hw_at_boot
                0x0000000000002244       0x4c zephyr/arch/arch/arm/core/cortex_m/libarch__arm__core__cortex_m.a(scb.c.obj)
                0x0000000000002244                z_arm_init_arch_hw_at_boot
 .text.z_impl_k_thread_abort
                0x0000000000002290       0x2c zephyr/arch/arch/arm/core/cortex_m/libarch__arm__core__cortex_m.a(thread_abort.c.obj)
                0x0000000000002290                z_impl_k_thread_abort
 .text.arch_swap
                0x00000000000022bc       0x30 zephyr/arch/arch/arm/core/cortex_m/libarch__arm__core__cortex_m.a(swap.c.obj)
                0x00000000000022bc                arch_swap
 .text.z_arm_pendsv_c
                0x00000000000022ec       0x40 zephyr/arch/arch/arm/core/cortex_m/libarch__arm__core__cortex_m.a(swap.c.obj)
                0x00000000000022ec                z_arm_pendsv_c
 .text.z_arm_pendsv
                0x000000000000232c       0x40 zephyr/arch/arch/arm/core/cortex_m/libarch__arm__core__cortex_m.a(swap_helper.S.obj)
                0x000000000000232c                z_arm_pendsv
 .text.z_arm_svc
                0x000000000000236c       0x20 zephyr/arch/arch/arm/core/cortex_m/libarch__arm__core__cortex_m.a(swap_helper.S.obj)
                0x000000000000236c                z_arm_svc
 .text.arch_irq_enable
                0x000000000000238c       0x1c zephyr/arch/arch/arm/core/cortex_m/libarch__arm__core__cortex_m.a(irq_manage.c.obj)
                0x000000000000238c                arch_irq_enable
 .text.arch_irq_is_enabled
                0x00000000000023a8       0x1c zephyr/arch/arch/arm/core/cortex_m/libarch__arm__core__cortex_m.a(irq_manage.c.obj)
                0x00000000000023a8                arch_irq_is_enabled
 .text.z_arm_irq_priority_set
                0x00000000000023c4       0x2c zephyr/arch/arch/arm/core/cortex_m/libarch__arm__core__cortex_m.a(irq_manage.c.obj)
                0x00000000000023c4                z_arm_irq_priority_set
 .text.z_prep_c
                0x00000000000023f0       0x38 zephyr/arch/arch/arm/core/cortex_m/libarch__arm__core__cortex_m.a(prep_c.c.obj)
                0x00000000000023f0                z_prep_c
 .text.arch_new_thread
                0x0000000000002428       0x38 zephyr/arch/arch/arm/core/cortex_m/libarch__arm__core__cortex_m.a(thread.c.obj)
                0x0000000000002428                arch_new_thread
 .text.arch_switch_to_main_thread
                0x0000000000002460       0x48 zephyr/arch/arch/arm/core/cortex_m/libarch__arm__core__cortex_m.a(thread.c.obj)
                0x0000000000002460                arch_switch_to_main_thread
 .text.z_arm_cpu_idle_init
                0x00000000000024a8        0xc zephyr/arch/arch/arm/core/cortex_m/libarch__arm__core__cortex_m.a(cpu_idle.c.obj)
                0x00000000000024a8                z_arm_cpu_idle_init
 .text.z_arm_interrupt_init
                0x00000000000024b4       0x20 zephyr/arch/arch/arm/core/cortex_m/libarch__arm__core__cortex_m.a(irq_init.c.obj)
                0x00000000000024b4                z_arm_interrupt_init
 .text._isr_wrapper
                0x00000000000024d4       0x24 zephyr/arch/arch/arm/core/cortex_m/libarch__arm__core__cortex_m.a(isr_wrapper.c.obj)
                0x00000000000024d4                _isr_wrapper
 .text.z_arm_configure_static_mpu_regions
                0x00000000000024f8       0x38 zephyr/arch/arch/arm/core/mpu/libarch__arm__core__mpu.a(arm_core_mpu.c.obj)
                0x00000000000024f8                z_arm_configure_static_mpu_regions
 .text.region_init
                0x0000000000002530       0x34 zephyr/arch/arch/arm/core/mpu/libarch__arm__core__mpu.a(arm_mpu.c.obj)
 .text.region_allocate_and_init
                0x0000000000002564       0x38 zephyr/arch/arch/arm/core/mpu/libarch__arm__core__mpu.a(arm_mpu.c.obj)
 .text.mpu_configure_regions_and_partition.constprop.0
                0x000000000000259c      0x164 zephyr/arch/arch/arm/core/mpu/libarch__arm__core__mpu.a(arm_mpu.c.obj)
 .text.arm_core_mpu_enable
                0x0000000000002700       0x18 zephyr/arch/arch/arm/core/mpu/libarch__arm__core__mpu.a(arm_mpu.c.obj)
                0x0000000000002700                arm_core_mpu_enable
 .text.arm_core_mpu_disable
                0x0000000000002718       0x14 zephyr/arch/arch/arm/core/mpu/libarch__arm__core__mpu.a(arm_mpu.c.obj)
                0x0000000000002718                arm_core_mpu_disable
 .text.arm_core_mpu_configure_static_mpu_regions
                0x000000000000272c       0x14 zephyr/arch/arch/arm/core/mpu/libarch__arm__core__mpu.a(arm_mpu.c.obj)
                0x000000000000272c                arm_core_mpu_configure_static_mpu_regions
 .text.arm_core_mpu_mark_areas_for_dynamic_regions
                0x0000000000002740       0xb8 zephyr/arch/arch/arm/core/mpu/libarch__arm__core__mpu.a(arm_mpu.c.obj)
                0x0000000000002740                arm_core_mpu_mark_areas_for_dynamic_regions
 .text.z_arm_mpu_init
                0x00000000000027f8      0x11c zephyr/arch/arch/arm/core/mpu/libarch__arm__core__mpu.a(arm_mpu.c.obj)
                0x00000000000027f8                z_arm_mpu_init
 .text.z_impl_zephyr_fputc
                0x0000000000002914       0x10 zephyr/lib/libc/picolibc/liblib__libc__picolibc.a(libc-hooks.c.obj)
                0x0000000000002914                z_impl_zephyr_fputc
 .text.__stdout_hook_install
                0x0000000000002924       0x18 zephyr/lib/libc/picolibc/liblib__libc__picolibc.a(libc-hooks.c.obj)
                0x0000000000002924                __stdout_hook_install
 .text.cbvprintf
                0x000000000000293c       0x38 zephyr/lib/libc/picolibc/liblib__libc__picolibc.a(libc-hooks.c.obj)
                0x000000000000293c                cbvprintf
 .text.malloc_prepare
                0x0000000000002974       0x24 zephyr/lib/libc/common/liblib__libc__common.a(malloc.c.obj)
 .text.nordicsemi_nrf54l_init
                0x0000000000002998       0xa0 zephyr/soc/soc/nrf54l15/libsoc__nordic.a(soc.c.obj)
                0x0000000000002998                nordicsemi_nrf54l_init
 .text.arch_busy_wait
                0x0000000000002a38       0x24 zephyr/soc/soc/nrf54l15/libsoc__nordic.a(soc.c.obj)
                0x0000000000002a38                arch_busy_wait
 .text.cache_instr_enable
                0x0000000000002a5c       0x10 zephyr/drivers/cache/libdrivers__cache.a(cache_nrf.c.obj)
                0x0000000000002a5c                cache_instr_enable
 .text.onoff_stop
                0x0000000000002a6c       0x30 zephyr/drivers/clock_control/libdrivers__clock_control.a(clock_control_nrf.c.obj)
 .text.onoff_start
                0x0000000000002a9c       0x44 zephyr/drivers/clock_control/libdrivers__clock_control.a(clock_control_nrf.c.obj)
 .text.generic_hfclk_stop
                0x0000000000002ae0       0x34 zephyr/drivers/clock_control/libdrivers__clock_control.a(clock_control_nrf.c.obj)
 .text.clk_init
                0x0000000000002b14       0x5c zephyr/drivers/clock_control/libdrivers__clock_control.a(clock_control_nrf.c.obj)
 .text.api_blocking_start
                0x0000000000002b70       0x34 zephyr/drivers/clock_control/libdrivers__clock_control.a(clock_control_nrf.c.obj)
 .text.clkstarted_handle.constprop.0
                0x0000000000002ba4       0x4c zephyr/drivers/clock_control/libdrivers__clock_control.a(clock_control_nrf.c.obj)
 .text.generic_hfclk_start
                0x0000000000002bf0       0x78 zephyr/drivers/clock_control/libdrivers__clock_control.a(clock_control_nrf.c.obj)
 .text.clock_event_handler
                0x0000000000002c68       0x1c zephyr/drivers/clock_control/libdrivers__clock_control.a(clock_control_nrf.c.obj)
 .text.z_nrf_clock_control_lf_on
                0x0000000000002c84       0xf4 zephyr/drivers/clock_control/libdrivers__clock_control.a(clock_control_nrf.c.obj)
                0x0000000000002c84                z_nrf_clock_control_lf_on
 .text.uart_console_init
                0x0000000000002d78       0x28 zephyr/drivers/console/libdrivers__console.a(uart_console.c.obj)
 .text.console_out
                0x0000000000002da0       0x28 zephyr/drivers/console/libdrivers__console.a(uart_console.c.obj)
 .text.gpio_nrfx_init
                0x0000000000002dc8       0x54 zephyr/drivers/gpio/libdrivers__gpio.a(gpio_nrfx.c.obj)
 .text.gpio_nrfx_pin_configure
                0x0000000000002e1c      0x184 zephyr/drivers/gpio/libdrivers__gpio.a(gpio_nrfx.c.obj)
 .text.nrfx_gpio_handler
                0x0000000000002fa0       0x58 zephyr/drivers/gpio/libdrivers__gpio.a(gpio_nrfx.c.obj)
 .text.gpio_nrfx_pin_interrupt_configure
                0x0000000000002ff8       0xfc zephyr/drivers/gpio/libdrivers__gpio.a(gpio_nrfx.c.obj)
 .text.nrf_gpio_pin_port_decode
                0x00000000000030f4       0x20 zephyr/drivers/pinctrl/libdrivers__pinctrl.a(pinctrl_nrf.c.obj)
 .text.pinctrl_configure_pins
                0x0000000000003114      0x154 zephyr/drivers/pinctrl/libdrivers__pinctrl.a(pinctrl_nrf.c.obj)
                0x0000000000003114                pinctrl_configure_pins
 .text.uarte_nrfx_poll_out
                0x0000000000003268       0xb4 zephyr/drivers/serial/libdrivers__serial.a(uart_nrfx_uarte.c.obj)
 .text.sys_clock_timeout_handler
                0x000000000000331c       0x48 zephyr/drivers/timer/libdrivers__timer.a(nrf_grtc_timer.c.obj)
 .text.sys_clock_driver_init
                0x0000000000003364       0x6c zephyr/drivers/timer/libdrivers__timer.a(nrf_grtc_timer.c.obj)
 .text.sys_clock_elapsed
                0x00000000000033d0       0x2c zephyr/drivers/timer/libdrivers__timer.a(nrf_grtc_timer.c.obj)
                0x00000000000033d0                sys_clock_elapsed
 .text.sys_clock_set_timeout
                0x00000000000033fc       0x5c zephyr/drivers/timer/libdrivers__timer.a(nrf_grtc_timer.c.obj)
                0x00000000000033fc                sys_clock_set_timeout
 .text.nrf54l_handle_approtect_signal
                0x0000000000003458       0x34 modules/hal_nordic/nrfx/libmodules__hal_nordic__nrfx.a(system_nrf54l.c.obj)
 .text.SystemCoreClockUpdate
                0x000000000000348c       0x2c modules/hal_nordic/nrfx/libmodules__hal_nordic__nrfx.a(system_nrf54l.c.obj)
                0x000000000000348c                SystemCoreClockUpdate
 .text.SystemInit
                0x00000000000034b8       0xc4 modules/hal_nordic/nrfx/libmodules__hal_nordic__nrfx.a(system_nrf54l.c.obj)
                0x00000000000034b8                SystemInit
 .text.nrfx_flag32_alloc
                0x000000000000357c       0x40 modules/hal_nordic/nrfx/libmodules__hal_nordic__nrfx.a(nrfx_flag32_allocator.c.obj)
                0x000000000000357c                nrfx_flag32_alloc
 .text.nrfx_flag32_free
                0x00000000000035bc       0x38 modules/hal_nordic/nrfx/libmodules__hal_nordic__nrfx.a(nrfx_flag32_allocator.c.obj)
                0x00000000000035bc                nrfx_flag32_free
 .text.clock_stop
                0x00000000000035f4       0xb8 modules/hal_nordic/nrfx/libmodules__hal_nordic__nrfx.a(nrfx_clock.c.obj)
 .text.nrfx_clock_init
                0x00000000000036ac       0x20 modules/hal_nordic/nrfx/libmodules__hal_nordic__nrfx.a(nrfx_clock.c.obj)
                0x00000000000036ac                nrfx_clock_init
 .text.nrfx_clock_enable
                0x00000000000036cc       0x2c modules/hal_nordic/nrfx/libmodules__hal_nordic__nrfx.a(nrfx_clock.c.obj)
                0x00000000000036cc                nrfx_clock_enable
 .text.nrfx_clock_start
                0x00000000000036f8       0xb0 modules/hal_nordic/nrfx/libmodules__hal_nordic__nrfx.a(nrfx_clock.c.obj)
                0x00000000000036f8                nrfx_clock_start
 .text.nrfx_power_clock_irq_handler
                0x00000000000037a8       0x84 modules/hal_nordic/nrfx/libmodules__hal_nordic__nrfx.a(nrfx_clock.c.obj)
                0x00000000000037a8                nrfx_power_clock_irq_handler
 .text.nrf_gpio_pin_port_decode
                0x000000000000382c       0x20 modules/hal_nordic/nrfx/libmodules__hal_nordic__nrfx.a(nrfx_gpiote.c.obj)
 .text.get_pin_idx
                0x000000000000384c       0x14 modules/hal_nordic/nrfx/libmodules__hal_nordic__nrfx.a(nrfx_gpiote.c.obj)
 .text.release_handler
                0x0000000000003860       0x70 modules/hal_nordic/nrfx/libmodules__hal_nordic__nrfx.a(nrfx_gpiote.c.obj)
 .text.latch_pending_read_and_check
                0x00000000000038d0       0x58 modules/hal_nordic/nrfx/libmodules__hal_nordic__nrfx.a(nrfx_gpiote.c.obj)
 .text.pin_te_get.isra.0
                0x0000000000003928       0x20 modules/hal_nordic/nrfx/libmodules__hal_nordic__nrfx.a(nrfx_gpiote.c.obj)
 .text.pin_is_output.isra.0
                0x0000000000003948       0x24 modules/hal_nordic/nrfx/libmodules__hal_nordic__nrfx.a(nrfx_gpiote.c.obj)
 .text.pin_in_use_by_te.isra.0
                0x000000000000396c       0x24 modules/hal_nordic/nrfx/libmodules__hal_nordic__nrfx.a(nrfx_gpiote.c.obj)
 .text.irq_handler
                0x0000000000003990      0x1a8 modules/hal_nordic/nrfx/libmodules__hal_nordic__nrfx.a(nrfx_gpiote.c.obj)
 .text.pin_uninit
                0x0000000000003b38       0xa4 modules/hal_nordic/nrfx/libmodules__hal_nordic__nrfx.a(nrfx_gpiote.c.obj)
 .text.nrfx_gpiote_input_configure
                0x0000000000003bdc      0x1ec modules/hal_nordic/nrfx/libmodules__hal_nordic__nrfx.a(nrfx_gpiote.c.obj)
                0x0000000000003bdc                nrfx_gpiote_input_configure
 .text.nrfx_gpiote_output_configure
                0x0000000000003dc8      0x128 modules/hal_nordic/nrfx/libmodules__hal_nordic__nrfx.a(nrfx_gpiote.c.obj)
                0x0000000000003dc8                nrfx_gpiote_output_configure
 .text.nrfx_gpiote_global_callback_set
                0x0000000000003ef0       0x1c modules/hal_nordic/nrfx/libmodules__hal_nordic__nrfx.a(nrfx_gpiote.c.obj)
                0x0000000000003ef0                nrfx_gpiote_global_callback_set
 .text.nrfx_gpiote_channel_get
                0x0000000000003f0c       0x3c modules/hal_nordic/nrfx/libmodules__hal_nordic__nrfx.a(nrfx_gpiote.c.obj)
                0x0000000000003f0c                nrfx_gpiote_channel_get
 .text.nrfx_gpiote_init
                0x0000000000003f48       0x7c modules/hal_nordic/nrfx/libmodules__hal_nordic__nrfx.a(nrfx_gpiote.c.obj)
                0x0000000000003f48                nrfx_gpiote_init
 .text.nrfx_gpiote_init_check
                0x0000000000003fc4       0x1c modules/hal_nordic/nrfx/libmodules__hal_nordic__nrfx.a(nrfx_gpiote.c.obj)
                0x0000000000003fc4                nrfx_gpiote_init_check
 .text.nrfx_gpiote_channel_free
                0x0000000000003fe0       0x18 modules/hal_nordic/nrfx/libmodules__hal_nordic__nrfx.a(nrfx_gpiote.c.obj)
                0x0000000000003fe0                nrfx_gpiote_channel_free
 .text.nrfx_gpiote_channel_alloc
                0x0000000000003ff8       0x18 modules/hal_nordic/nrfx/libmodules__hal_nordic__nrfx.a(nrfx_gpiote.c.obj)
                0x0000000000003ff8                nrfx_gpiote_channel_alloc
 .text.nrfx_gpiote_trigger_enable
                0x0000000000004010       0xb8 modules/hal_nordic/nrfx/libmodules__hal_nordic__nrfx.a(nrfx_gpiote.c.obj)
                0x0000000000004010                nrfx_gpiote_trigger_enable
 .text.nrfx_gpiote_20_irq_handler
                0x00000000000040c8       0x10 modules/hal_nordic/nrfx/libmodules__hal_nordic__nrfx.a(nrfx_gpiote.c.obj)
                0x00000000000040c8                nrfx_gpiote_20_irq_handler
 .text.nrfx_gpiote_30_irq_handler
                0x00000000000040d8       0x10 modules/hal_nordic/nrfx/libmodules__hal_nordic__nrfx.a(nrfx_gpiote.c.obj)
                0x00000000000040d8                nrfx_gpiote_30_irq_handler
 .text.cc_channel_prepare
                0x00000000000040e8       0x5c modules/hal_nordic/nrfx/libmodules__hal_nordic__nrfx.a(nrfx_grtc.c.obj)
 .text.sleep_configure
                0x0000000000004144       0x24 modules/hal_nordic/nrfx/libmodules__hal_nordic__nrfx.a(nrfx_grtc.c.obj)
 .text.syscounter_check
                0x0000000000004168       0x38 modules/hal_nordic/nrfx/libmodules__hal_nordic__nrfx.a(nrfx_grtc.c.obj)
 .text.nrfx_grtc_syscounter_get
                0x00000000000041a0       0x64 modules/hal_nordic/nrfx/libmodules__hal_nordic__nrfx.a(nrfx_grtc.c.obj)
                0x00000000000041a0                nrfx_grtc_syscounter_get
 .text.nrfx_grtc_init
                0x0000000000004204      0x12c modules/hal_nordic/nrfx/libmodules__hal_nordic__nrfx.a(nrfx_grtc.c.obj)
                0x0000000000004204                nrfx_grtc_init
 .text.nrfx_grtc_syscounter_start
                0x0000000000004330       0xc8 modules/hal_nordic/nrfx/libmodules__hal_nordic__nrfx.a(nrfx_grtc.c.obj)
                0x0000000000004330                nrfx_grtc_syscounter_start
 .text.nrfx_grtc_syscounter_cc_absolute_set
                0x00000000000043f8       0x84 modules/hal_nordic/nrfx/libmodules__hal_nordic__nrfx.a(nrfx_grtc.c.obj)
                0x00000000000043f8                nrfx_grtc_syscounter_cc_absolute_set
 .text.nrfx_grtc_irq_handler
                0x000000000000447c       0xa0 modules/hal_nordic/nrfx/libmodules__hal_nordic__nrfx.a(nrfx_grtc.c.obj)
                0x000000000000447c                nrfx_grtc_irq_handler
 .text.k_sys_fatal_error_handler
                0x000000000000451c       0x20 zephyr/kernel/libkernel.a(fatal.c.obj)
                0x000000000000451c                k_sys_fatal_error_handler
 .text.z_fatal_error
                0x000000000000453c       0xe8 zephyr/kernel/libkernel.a(fatal.c.obj)
                0x000000000000453c                z_fatal_error
 .text.z_sys_init_run_level
                0x0000000000004624       0x2c zephyr/kernel/libkernel.a(init.c.obj)
 .text.bg_thread_main
                0x0000000000004650       0xc4 zephyr/kernel/libkernel.a(init.c.obj)
 .text.z_bss_zero
                0x0000000000004714       0x18 zephyr/kernel/libkernel.a(init.c.obj)
                0x0000000000004714                z_bss_zero
 .text.z_init_cpu
                0x000000000000472c       0x68 zephyr/kernel/libkernel.a(init.c.obj)
                0x000000000000472c                z_init_cpu
 .text.z_cstart
                0x0000000000004794       0xdc zephyr/kernel/libkernel.a(init.c.obj)
                0x0000000000004794                z_cstart
 .text.z_impl_k_sem_give
                0x0000000000004870       0x48 zephyr/kernel/libkernel.a(sem.c.obj)
                0x0000000000004870                z_impl_k_sem_give
 .text.z_impl_k_sem_take
                0x00000000000048b8       0x4c zephyr/kernel/libkernel.a(sem.c.obj)
                0x00000000000048b8                z_impl_k_sem_take
 .text.z_setup_new_thread
                0x0000000000004904       0x7c zephyr/kernel/libkernel.a(thread.c.obj)
                0x0000000000004904                z_setup_new_thread
 .text.z_impl_k_thread_create
                0x0000000000004980       0x58 zephyr/kernel/libkernel.a(thread.c.obj)
                0x0000000000004980                z_impl_k_thread_create
 .text.update_cache
                0x00000000000049d8       0x3c zephyr/kernel/libkernel.a(sched.c.obj)
 .text.unready_thread
                0x0000000000004a14       0x30 zephyr/kernel/libkernel.a(sched.c.obj)
 .text.ready_thread
                0x0000000000004a44       0x68 zephyr/kernel/libkernel.a(sched.c.obj)
 .text.z_thread_halt
                0x0000000000004aac       0xdc zephyr/kernel/libkernel.a(sched.c.obj)
 .text.move_thread_to_end_of_prio_q
                0x0000000000004b88       0x74 zephyr/kernel/libkernel.a(sched.c.obj)
                0x0000000000004b88                move_thread_to_end_of_prio_q
 .text.z_pend_curr
                0x0000000000004bfc       0x58 zephyr/kernel/libkernel.a(sched.c.obj)
                0x0000000000004bfc                z_pend_curr
 .text.z_reschedule
                0x0000000000004c54       0x24 zephyr/kernel/libkernel.a(sched.c.obj)
                0x0000000000004c54                z_reschedule
 .text.z_sched_start
                0x0000000000004c78       0x3c zephyr/kernel/libkernel.a(sched.c.obj)
                0x0000000000004c78                z_sched_start
 .text.z_reschedule_irqlock
                0x0000000000004cb4       0x28 zephyr/kernel/libkernel.a(sched.c.obj)
                0x0000000000004cb4                z_reschedule_irqlock
 .text.k_sched_lock
                0x0000000000004cdc       0x28 zephyr/kernel/libkernel.a(sched.c.obj)
                0x0000000000004cdc                k_sched_lock
 .text.k_sched_unlock
                0x0000000000004d04       0x40 zephyr/kernel/libkernel.a(sched.c.obj)
                0x0000000000004d04                k_sched_unlock
 .text.z_sched_init
                0x0000000000004d44       0x10 zephyr/kernel/libkernel.a(sched.c.obj)
                0x0000000000004d44                z_sched_init
 .text.z_impl_k_yield
                0x0000000000004d54       0x7c zephyr/kernel/libkernel.a(sched.c.obj)
                0x0000000000004d54                z_impl_k_yield
 .text.z_tick_sleep
                0x0000000000004dd0       0x88 zephyr/kernel/libkernel.a(sched.c.obj)
 .text.z_impl_k_sleep
                0x0000000000004e58       0x40 zephyr/kernel/libkernel.a(sched.c.obj)
                0x0000000000004e58                z_impl_k_sleep
 .text.z_impl_k_sched_current_thread_query
                0x0000000000004e98        0xc zephyr/kernel/libkernel.a(sched.c.obj)
                0x0000000000004e98                z_impl_k_sched_current_thread_query
 .text.slice_timeout
                0x0000000000004ea4       0x20 zephyr/kernel/libkernel.a(timeslicing.c.obj)
 .text.thread_is_sliceable
                0x0000000000004ec4       0x3c zephyr/kernel/libkernel.a(timeslicing.c.obj)
                0x0000000000004ec4                thread_is_sliceable
 .text.z_reset_time_slice
                0x0000000000004f00       0x50 zephyr/kernel/libkernel.a(timeslicing.c.obj)
                0x0000000000004f00                z_reset_time_slice
 .text.z_time_slice
                0x0000000000004f50       0x60 zephyr/kernel/libkernel.a(timeslicing.c.obj)
                0x0000000000004f50                z_time_slice
 .text.z_data_copy
                0x0000000000004fb0       0x34 zephyr/kernel/libkernel.a(xip.c.obj)
                0x0000000000004fb0                z_data_copy
 .text.elapsed  0x0000000000004fe4       0x14 zephyr/kernel/libkernel.a(timeout.c.obj)
 .text.remove_timeout
                0x0000000000004ff8       0x38 zephyr/kernel/libkernel.a(timeout.c.obj)
 .text.next_timeout
                0x0000000000005030       0x40 zephyr/kernel/libkernel.a(timeout.c.obj)
 .text.z_add_timeout
                0x0000000000005070       0xf4 zephyr/kernel/libkernel.a(timeout.c.obj)
                0x0000000000005070                z_add_timeout
 .text.sys_clock_announce
                0x0000000000005164       0xd0 zephyr/kernel/libkernel.a(timeout.c.obj)
                0x0000000000005164                sys_clock_announce
 .text.sys_clock_tick_get
                0x0000000000005234       0x30 zephyr/kernel/libkernel.a(timeout.c.obj)
                0x0000000000005234                sys_clock_tick_get
 .text.z_timer_expiration_handler
                0x0000000000005264       0xe0 zephyr/kernel/libkernel.a(timer.c.obj)
                0x0000000000005264                z_timer_expiration_handler
 .text.z_impl_k_timer_start
                0x0000000000005344       0x74 zephyr/kernel/libkernel.a(timer.c.obj)
                0x0000000000005344                z_impl_k_timer_start
 .text.snprintf
                0x00000000000053b8       0x58 c:\ncs\toolchains\b620d30767\opt\zephyr-sdk\arm-zephyr-eabi\bin\../lib/gcc/../../picolibc/arm-zephyr-eabi/lib/thumb/v8-m.main/nofp\libc.a(libc_tinystdio_snprintf.c.o)
                0x00000000000053b8                snprintf
 .text.__l_vfprintf
                0x0000000000005410      0x4b4 c:\ncs\toolchains\b620d30767\opt\zephyr-sdk\arm-zephyr-eabi\bin\../lib/gcc/../../picolibc/arm-zephyr-eabi/lib/thumb/v8-m.main/nofp\libc.a(libc_tinystdio_vflprintf.c.o)
                0x0000000000005410                __l_vfprintf
 .text._OffsetAbsSyms
                0x00000000000058c4        0x2 zephyr/CMakeFiles/offsets.dir/./arch/arm/core/offsets/offsets.c.obj
                0x00000000000058c4                _OffsetAbsSyms
 .text.chunk_field
                0x00000000000058c6       0x16 zephyr/libzephyr.a(heap.c.obj)
 .text.chunk_set
                0x00000000000058dc       0x16 zephyr/libzephyr.a(heap.c.obj)
 .text.chunk_size
                0x00000000000058f2        0xc zephyr/libzephyr.a(heap.c.obj)
 .text.set_chunk_used
                0x00000000000058fe       0x30 zephyr/libzephyr.a(heap.c.obj)
 .text.set_chunk_size
                0x000000000000592e        0x8 zephyr/libzephyr.a(heap.c.obj)
 .text.bucket_idx.isra.0
                0x0000000000005936       0x1c zephyr/libzephyr.a(heap.c.obj)
 .text.free_list_add
                0x0000000000005952       0x84 zephyr/libzephyr.a(heap.c.obj)
 .text.sys_heap_init
                0x00000000000059d6       0xb0 zephyr/libzephyr.a(heap.c.obj)
                0x00000000000059d6                sys_heap_init
 .text.cbpprintf_external
                0x0000000000005a86       0x62 zephyr/libzephyr.a(cbprintf_packaged.c.obj)
                0x0000000000005a86                cbpprintf_external
 .text.is_ptr   0x0000000000005ae8       0x4a zephyr/libzephyr.a(cbprintf_packaged.c.obj)
                0x0000000000005ae8                is_ptr
 .text.arch_printk_char_out
                0x0000000000005b32        0x4 zephyr/libzephyr.a(printk.c.obj)
                0x0000000000005b32                arch_printk_char_out
 .text.printk   0x0000000000005b36       0x1a zephyr/libzephyr.a(printk.c.obj)
                0x0000000000005b36                printk
 .text.free_space
                0x0000000000005b50       0x26 zephyr/libzephyr.a(mpsc_pbuf.c.obj)
 .text.get_usage
                0x0000000000005b76       0x22 zephyr/libzephyr.a(mpsc_pbuf.c.obj)
 .text.idx_inc  0x0000000000005b98       0x1c zephyr/libzephyr.a(mpsc_pbuf.c.obj)
 .text.rd_idx_inc
                0x0000000000005bb4       0x18 zephyr/libzephyr.a(mpsc_pbuf.c.obj)
 .text.add_skip_item
                0x0000000000005bcc       0x3e zephyr/libzephyr.a(mpsc_pbuf.c.obj)
 .text.drop_item_locked
                0x0000000000005c0a       0xee zephyr/libzephyr.a(mpsc_pbuf.c.obj)
 .text.post_drop_action
                0x0000000000005cf8       0x36 zephyr/libzephyr.a(mpsc_pbuf.c.obj)
 .text.max_utilization_update
                0x0000000000005d2e       0x1a zephyr/libzephyr.a(mpsc_pbuf.c.obj)
 .text.mpsc_pbuf_init
                0x0000000000005d48       0x42 zephyr/libzephyr.a(mpsc_pbuf.c.obj)
                0x0000000000005d48                mpsc_pbuf_init
 .text.mpsc_pbuf_alloc
                0x0000000000005d8a       0xf8 zephyr/libzephyr.a(mpsc_pbuf.c.obj)
                0x0000000000005d8a                mpsc_pbuf_alloc
 .text.mpsc_pbuf_commit
                0x0000000000005e82       0x3e zephyr/libzephyr.a(mpsc_pbuf.c.obj)
                0x0000000000005e82                mpsc_pbuf_commit
 .text.mpsc_pbuf_claim
                0x0000000000005ec0       0xa8 zephyr/libzephyr.a(mpsc_pbuf.c.obj)
                0x0000000000005ec0                mpsc_pbuf_claim
 .text.mpsc_pbuf_free
                0x0000000000005f68       0x76 zephyr/libzephyr.a(mpsc_pbuf.c.obj)
                0x0000000000005f68                mpsc_pbuf_free
 .text.mpsc_pbuf_is_pending
                0x0000000000005fde       0x32 zephyr/libzephyr.a(mpsc_pbuf.c.obj)
                0x0000000000005fde                mpsc_pbuf_is_pending
 .text.process_recheck
                0x0000000000006010       0x38 zephyr/libzephyr.a(onoff.c.obj)
 .text.validate_args
                0x0000000000006048       0x20 zephyr/libzephyr.a(onoff.c.obj)
 .text.notify_one
                0x0000000000006068       0x2c zephyr/libzephyr.a(onoff.c.obj)
 .text.transition_complete
                0x0000000000006094       0x1a zephyr/libzephyr.a(onoff.c.obj)
 .text.onoff_manager_init
                0x00000000000060ae       0x26 zephyr/libzephyr.a(onoff.c.obj)
                0x00000000000060ae                onoff_manager_init
 .text.onoff_request
                0x00000000000060d4       0xae zephyr/libzephyr.a(onoff.c.obj)
                0x00000000000060d4                onoff_request
 .text.sys_notify_validate
                0x0000000000006182       0x22 zephyr/libzephyr.a(notify.c.obj)
                0x0000000000006182                sys_notify_validate
 .text.sys_notify_finalize
                0x00000000000061a4       0x1a zephyr/libzephyr.a(notify.c.obj)
                0x00000000000061a4                sys_notify_finalize
 .text._ConfigAbsSyms
                0x00000000000061be        0x2 zephyr/libzephyr.a(configs.c.obj)
                0x00000000000061be                _ConfigAbsSyms
 .text.log_msg_generic_get_wlen
                0x00000000000061c0       0x20 zephyr/libzephyr.a(log_core.c.obj)
 .text.dummy_timestamp
                0x00000000000061e0        0x4 zephyr/libzephyr.a(log_core.c.obj)
 .text.default_get_timestamp
                0x00000000000061e4        0x4 zephyr/libzephyr.a(log_core.c.obj)
 .text.atomic_inc
                0x00000000000061e8       0x12 zephyr/libzephyr.a(log_core.c.obj)
 .text.z_log_vprintk
                0x00000000000061fa       0x1c zephyr/libzephyr.a(log_core.c.obj)
                0x00000000000061fa                z_log_vprintk
 .text.z_log_notify_drop
                0x0000000000006216        0x6 zephyr/libzephyr.a(log_core.c.obj)
 .text.z_log_get_tag
                0x000000000000621c        0x4 zephyr/libzephyr.a(log_core.c.obj)
                0x000000000000621c                z_log_get_tag
 .text.z_cbprintf_cpy
                0x0000000000006220       0x2c zephyr/libzephyr.a(log_msg.c.obj)
 .text.z_log_msg_finalize
                0x000000000000624c       0x32 zephyr/libzephyr.a(log_msg.c.obj)
                0x000000000000624c                z_log_msg_finalize
 .text.z_log_msg_simple_create
                0x000000000000627e       0x6e zephyr/libzephyr.a(log_msg.c.obj)
 .text.z_impl_z_log_msg_simple_create_0
                0x00000000000062ec       0x12 zephyr/libzephyr.a(log_msg.c.obj)
                0x00000000000062ec                z_impl_z_log_msg_simple_create_0
 .text.z_impl_z_log_msg_simple_create_1
                0x00000000000062fe       0x14 zephyr/libzephyr.a(log_msg.c.obj)
                0x00000000000062fe                z_impl_z_log_msg_simple_create_1
 .text.log_output_write
                0x0000000000006312       0x1c zephyr/libzephyr.a(log_output.c.obj)
 .text.log_output_flush
                0x000000000000632e       0x1a zephyr/libzephyr.a(log_output.c.obj)
 .text.out_func
                0x0000000000006348       0x2e zephyr/libzephyr.a(log_output.c.obj)
 .text.cr_out_func
                0x0000000000006376       0x1c zephyr/libzephyr.a(log_output.c.obj)
 .text.log_output_msg_process
                0x0000000000006392       0x6a zephyr/libzephyr.a(log_output.c.obj)
                0x0000000000006392                log_output_msg_process
 .text.format_set
                0x00000000000063fc        0xc zephyr/libzephyr.a(log_backend_uart.c.obj)
 .text.log_backend_uart_init
                0x0000000000006408        0xc zephyr/libzephyr.a(log_backend_uart.c.obj)
 .text.panic    0x0000000000006414       0x32 zephyr/libzephyr.a(log_backend_uart.c.obj)
 .text.dropped  0x0000000000006446        0xa zephyr/libzephyr.a(log_backend_uart.c.obj)
 .text.process  0x0000000000006450       0x1e zephyr/libzephyr.a(log_backend_uart.c.obj)
 .text.z_do_kernel_oops
                0x000000000000646e        0x8 zephyr/arch/arch/arm/core/libarch__arm__core.a(fatal.c.obj)
                0x000000000000646e                z_do_kernel_oops
 .text.z_arm_nmi
                0x0000000000006476        0xe zephyr/arch/arch/arm/core/libarch__arm__core.a(nmi.c.obj)
                0x0000000000006476                z_arm_nmi
 .text.z_log_msg_simple_create_0.constprop.0
                0x0000000000006484        0x8 zephyr/arch/arch/arm/core/cortex_m/libarch__arm__core__cortex_m.a(fault.c.obj)
 .text.z_irq_spurious
                0x000000000000648c        0x8 zephyr/arch/arch/arm/core/cortex_m/libarch__arm__core__cortex_m.a(irq_manage.c.obj)
                0x000000000000648c                z_irq_spurious
 .text.configure_builtin_stack_guard
                0x0000000000006494        0x8 zephyr/arch/arch/arm/core/cortex_m/libarch__arm__core__cortex_m.a(thread.c.obj)
                0x0000000000006494                configure_builtin_stack_guard
 .text.arch_irq_unlock_outlined
                0x000000000000649c        0xe zephyr/arch/arch/arm/core/cortex_m/libarch__arm__core__cortex_m.a(thread.c.obj)
                0x000000000000649c                arch_irq_unlock_outlined
 .text.arch_cpu_idle
                0x00000000000064aa       0x1a zephyr/arch/arch/arm/core/cortex_m/libarch__arm__core__cortex_m.a(cpu_idle.c.obj)
                0x00000000000064aa                arch_cpu_idle
 .text.arch_cpu_atomic_idle
                0x00000000000064c4       0x1e zephyr/arch/arch/arm/core/cortex_m/libarch__arm__core__cortex_m.a(cpu_idle.c.obj)
                0x00000000000064c4                arch_cpu_atomic_idle
 .text.arm_cmse_mpu_region_get
                0x00000000000064e2       0x12 zephyr/arch/arch/arm/core/cortex_m/cmse/libarch__arm__core__cortex_m__cmse.a(arm_core_cmse.c.obj)
                0x00000000000064e2                arm_cmse_mpu_region_get
 .text.mpu_configure_region
                0x00000000000064f4       0x32 zephyr/arch/arch/arm/core/mpu/libarch__arm__core__mpu.a(arm_mpu.c.obj)
 .text.cbputc   0x0000000000006526        0xc zephyr/lib/libc/picolibc/liblib__libc__picolibc.a(libc-hooks.c.obj)
 .text.picolibc_put
                0x0000000000006532        0xa zephyr/lib/libc/picolibc/liblib__libc__picolibc.a(libc-hooks.c.obj)
 .text.nordic_vpr_launcher_init
                0x000000000000653c       0x40 zephyr/drivers/misc/nordic_vpr_launcher/libdrivers__misc__nordic_vpr_launcher.a(nordic_vpr_launcher.c.obj)
 .text.get_status
                0x000000000000657c       0x12 zephyr/drivers/clock_control/libdrivers__clock_control.a(clock_control_nrf.c.obj)
 .text.stop     0x000000000000658e       0x50 zephyr/drivers/clock_control/libdrivers__clock_control.a(clock_control_nrf.c.obj)
 .text.api_stop
                0x00000000000065de        0x6 zephyr/drivers/clock_control/libdrivers__clock_control.a(clock_control_nrf.c.obj)
 .text.async_start
                0x00000000000065e4       0x5a zephyr/drivers/clock_control/libdrivers__clock_control.a(clock_control_nrf.c.obj)
 .text.api_start
                0x000000000000663e        0xe zephyr/drivers/clock_control/libdrivers__clock_control.a(clock_control_nrf.c.obj)
 .text.onoff_started_callback
                0x000000000000664c       0x12 zephyr/drivers/clock_control/libdrivers__clock_control.a(clock_control_nrf.c.obj)
 .text.lfclk_start
                0x000000000000665e        0x6 zephyr/drivers/clock_control/libdrivers__clock_control.a(clock_control_nrf.c.obj)
 .text.lfclk_stop
                0x0000000000006664        0x6 zephyr/drivers/clock_control/libdrivers__clock_control.a(clock_control_nrf.c.obj)
 .text.blocking_start_callback
                0x000000000000666a        0x6 zephyr/drivers/clock_control/libdrivers__clock_control.a(clock_control_nrf.c.obj)
 .text.gpio_nrfx_port_get_raw
                0x0000000000006670        0xc zephyr/drivers/gpio/libdrivers__gpio.a(gpio_nrfx.c.obj)
 .text.gpio_nrfx_port_set_masked_raw
                0x000000000000667c       0x14 zephyr/drivers/gpio/libdrivers__gpio.a(gpio_nrfx.c.obj)
 .text.gpio_nrfx_port_set_bits_raw
                0x0000000000006690        0xa zephyr/drivers/gpio/libdrivers__gpio.a(gpio_nrfx.c.obj)
 .text.gpio_nrfx_port_clear_bits_raw
                0x000000000000669a        0xa zephyr/drivers/gpio/libdrivers__gpio.a(gpio_nrfx.c.obj)
 .text.gpio_nrfx_port_toggle_bits
                0x00000000000066a4       0x14 zephyr/drivers/gpio/libdrivers__gpio.a(gpio_nrfx.c.obj)
 .text.gpio_nrfx_manage_callback
                0x00000000000066b8       0x52 zephyr/drivers/gpio/libdrivers__gpio.a(gpio_nrfx.c.obj)
 .text.pinctrl_lookup_state
                0x000000000000670a       0x26 zephyr/drivers/pinctrl/libdrivers__pinctrl.a(common.c.obj)
                0x000000000000670a                pinctrl_lookup_state
 .text.uarte_nrfx_isr_int
                0x0000000000006730        0xa zephyr/drivers/serial/libdrivers__serial.a(uart_nrfx_uarte.c.obj)
 .text.uarte_nrfx_err_check
                0x000000000000673a        0xe zephyr/drivers/serial/libdrivers__serial.a(uart_nrfx_uarte.c.obj)
 .text.uarte_nrfx_poll_in
                0x0000000000006748       0x26 zephyr/drivers/serial/libdrivers__serial.a(uart_nrfx_uarte.c.obj)
 .text.uarte_20_init
                0x000000000000676e       0xb0 zephyr/drivers/serial/libdrivers__serial.a(uart_nrfx_uarte.c.obj)
 .text.sys_clock_cycle_get_32
                0x000000000000681e       0x24 zephyr/drivers/timer/libdrivers__timer.a(nrf_grtc_timer.c.obj)
                0x000000000000681e                sys_clock_cycle_get_32
 .text.nrfx_isr
                0x0000000000006842        0x2 modules/hal_nordic/nrfx/libmodules__hal_nordic__nrfx.a(nrfx_glue.c.obj)
                0x0000000000006842                nrfx_isr
 .text.nrfx_busy_wait
                0x0000000000006844        0x4 modules/hal_nordic/nrfx/libmodules__hal_nordic__nrfx.a(nrfx_glue.c.obj)
                0x0000000000006844                nrfx_busy_wait
 .text.nrfx_clock_stop
                0x0000000000006848        0x4 modules/hal_nordic/nrfx/libmodules__hal_nordic__nrfx.a(nrfx_clock.c.obj)
                0x0000000000006848                nrfx_clock_stop
 .text.nrf_gpio_reconfigure
                0x000000000000684c       0x92 modules/hal_nordic/nrfx/libmodules__hal_nordic__nrfx.a(nrfx_gpiote.c.obj)
 .text.nrf_gpio_cfg_sense_set
                0x00000000000068de       0x1e modules/hal_nordic/nrfx/libmodules__hal_nordic__nrfx.a(nrfx_gpiote.c.obj)
 .text.call_handler
                0x00000000000068fc       0x3e modules/hal_nordic/nrfx/libmodules__hal_nordic__nrfx.a(nrfx_gpiote.c.obj)
 .text.__nrfy_internal_gpiote_events_process
                0x000000000000693a       0x4e modules/hal_nordic/nrfx/libmodules__hal_nordic__nrfx.a(nrfx_gpiote.c.obj)
 .text.pin_trigger_disable
                0x0000000000006988       0x4a modules/hal_nordic/nrfx/libmodules__hal_nordic__nrfx.a(nrfx_gpiote.c.obj)
 .text.nrfx_gpiote_pin_uninit
                0x00000000000069d2        0x4 modules/hal_nordic/nrfx/libmodules__hal_nordic__nrfx.a(nrfx_gpiote.c.obj)
                0x00000000000069d2                nrfx_gpiote_pin_uninit
 .text.nrfx_gpiote_trigger_disable
                0x00000000000069d6        0x4 modules/hal_nordic/nrfx/libmodules__hal_nordic__nrfx.a(nrfx_gpiote.c.obj)
                0x00000000000069d6                nrfx_gpiote_trigger_disable
 .text.z_impl_k_busy_wait
                0x00000000000069da        0x8 zephyr/kernel/libkernel.a(busy_wait.c.obj)
                0x00000000000069da                z_impl_k_busy_wait
 .text.z_device_state_init
                0x00000000000069e2        0x2 zephyr/kernel/libkernel.a(device.c.obj)
                0x00000000000069e2                z_device_state_init
 .text.z_impl_device_is_ready
                0x00000000000069e4       0x16 zephyr/kernel/libkernel.a(device.c.obj)
                0x00000000000069e4                z_impl_device_is_ready
 .text.arch_system_halt
                0x00000000000069fa       0x10 zephyr/kernel/libkernel.a(fatal.c.obj)
                0x00000000000069fa                arch_system_halt
 .text.do_device_init
                0x0000000000006a0a       0x30 zephyr/kernel/libkernel.a(init.c.obj)
 .text.z_early_memset
                0x0000000000006a3a        0x4 zephyr/kernel/libkernel.a(init.c.obj)
                0x0000000000006a3a                z_early_memset
 .text.z_early_memcpy
                0x0000000000006a3e        0x4 zephyr/kernel/libkernel.a(init.c.obj)
                0x0000000000006a3e                z_early_memcpy
 .text.z_init_static
                0x0000000000006a42        0x2 zephyr/kernel/libkernel.a(init_static.c.obj)
                0x0000000000006a42                z_init_static
 .text.idle     0x0000000000006a44       0x16 zephyr/kernel/libkernel.a(idle.c.obj)
                0x0000000000006a44                idle
 .text.z_impl_k_sem_init
                0x0000000000006a5a       0x18 zephyr/kernel/libkernel.a(sem.c.obj)
                0x0000000000006a5a                z_impl_k_sem_init
 .text.k_is_in_isr
                0x0000000000006a72        0xc zephyr/kernel/libkernel.a(thread.c.obj)
                0x0000000000006a72                k_is_in_isr
 .text.z_impl_k_thread_name_set
                0x0000000000006a7e        0x6 zephyr/kernel/libkernel.a(thread.c.obj)
                0x0000000000006a7e                z_impl_k_thread_name_set
 .text.k_thread_name_get
                0x0000000000006a84        0x4 zephyr/kernel/libkernel.a(thread.c.obj)
                0x0000000000006a84                k_thread_name_get
 .text.z_impl_k_thread_start
                0x0000000000006a88        0x4 zephyr/kernel/libkernel.a(thread.c.obj)
                0x0000000000006a88                z_impl_k_thread_start
 .text.sys_dlist_remove
                0x0000000000006a8c       0x10 zephyr/kernel/libkernel.a(sched.c.obj)
 .text.unpend_thread_no_timeout
                0x0000000000006a9c       0x14 zephyr/kernel/libkernel.a(sched.c.obj)
 .text.add_to_waitq_locked
                0x0000000000006ab0       0x50 zephyr/kernel/libkernel.a(sched.c.obj)
 .text.z_ready_thread
                0x0000000000006b00       0x1e zephyr/kernel/libkernel.a(sched.c.obj)
                0x0000000000006b00                z_ready_thread
 .text.z_impl_k_thread_suspend
                0x0000000000006b1e       0x34 zephyr/kernel/libkernel.a(sched.c.obj)
                0x0000000000006b1e                z_impl_k_thread_suspend
 .text.z_unpend_thread_no_timeout
                0x0000000000006b52       0x22 zephyr/kernel/libkernel.a(sched.c.obj)
                0x0000000000006b52                z_unpend_thread_no_timeout
 .text.z_sched_wake_thread
                0x0000000000006b74       0x42 zephyr/kernel/libkernel.a(sched.c.obj)
                0x0000000000006b74                z_sched_wake_thread
 .text.z_thread_timeout
                0x0000000000006bb6        0x8 zephyr/kernel/libkernel.a(sched.c.obj)
                0x0000000000006bb6                z_thread_timeout
 .text.z_unpend1_no_timeout
                0x0000000000006bbe       0x2c zephyr/kernel/libkernel.a(sched.c.obj)
                0x0000000000006bbe                z_unpend1_no_timeout
 .text.z_unpend_first_thread
                0x0000000000006bea       0x36 zephyr/kernel/libkernel.a(sched.c.obj)
                0x0000000000006bea                z_unpend_first_thread
 .text.z_thread_abort
                0x0000000000006c20       0x44 zephyr/kernel/libkernel.a(sched.c.obj)
                0x0000000000006c20                z_thread_abort
 .text.z_abort_timeout
                0x0000000000006c64       0x2a zephyr/kernel/libkernel.a(timeout.c.obj)
                0x0000000000006c64                z_abort_timeout
 .text.sys_clock_tick_get_32
                0x0000000000006c8e        0x8 zephyr/kernel/libkernel.a(timeout.c.obj)
                0x0000000000006c8e                sys_clock_tick_get_32
 .text.z_impl_k_uptime_ticks
                0x0000000000006c96        0x4 zephyr/kernel/libkernel.a(timeout.c.obj)
                0x0000000000006c96                z_impl_k_uptime_ticks
 .text.k_timer_init
                0x0000000000006c9a       0x18 zephyr/kernel/libkernel.a(timer.c.obj)
                0x0000000000006c9a                k_timer_init
 .text.z_impl_k_timer_stop
                0x0000000000006cb2       0x38 zephyr/kernel/libkernel.a(timer.c.obj)
                0x0000000000006cb2                z_impl_k_timer_stop
 .text.memcpy   0x0000000000006cea       0x1a c:\ncs\toolchains\b620d30767\opt\zephyr-sdk\arm-zephyr-eabi\bin\../lib/gcc/../../picolibc/arm-zephyr-eabi/lib/thumb/v8-m.main/nofp\libc.a(memcpy.c.o)
                0x0000000000006cea                __aeabi_memcpy
                0x0000000000006cea                __aeabi_memcpy4
                0x0000000000006cea                __aeabi_memcpy8
                0x0000000000006cea                memcpy
 .text.memset   0x0000000000006d04       0x10 c:\ncs\toolchains\b620d30767\opt\zephyr-sdk\arm-zephyr-eabi\bin\../lib/gcc/../../picolibc/arm-zephyr-eabi/lib/thumb/v8-m.main/nofp\libc.a(memset.c.o)
                0x0000000000006d04                memset
 .text.strnlen  0x0000000000006d14       0x18 c:\ncs\toolchains\b620d30767\opt\zephyr-sdk\arm-zephyr-eabi\bin\../lib/gcc/../../picolibc/arm-zephyr-eabi/lib/thumb/v8-m.main/nofp\libc.a(libc_string_strnlen.c.o)
                0x0000000000006d14                strnlen
 .text.__ultoa_invert
                0x0000000000006d2c       0xac c:\ncs\toolchains\b620d30767\opt\zephyr-sdk\arm-zephyr-eabi\bin\../lib/gcc/../../picolibc/arm-zephyr-eabi/lib/thumb/v8-m.main/nofp\libc.a(libc_tinystdio_vflprintf.c.o)
 .text.__file_str_put
                0x0000000000006dd8       0x10 c:\ncs\toolchains\b620d30767\opt\zephyr-sdk\arm-zephyr-eabi\bin\../lib/gcc/../../picolibc/arm-zephyr-eabi/lib/thumb/v8-m.main/nofp\libc.a(libc_tinystdio_filestrput.c.o)
                0x0000000000006dd8                __file_str_put
 *(SORT_BY_ALIGNMENT(.TEXT.*))
 .TEXT.__aeabi_read_tp
                0x0000000000006de8        0xc zephyr/arch/arch/arm/core/cortex_m/libarch__arm__core__cortex_m.a(__aeabi_read_tp.S.obj)
                0x0000000000006de8                __aeabi_read_tp
 *(SORT_BY_ALIGNMENT(.gnu.linkonce.t.*))
 *(SORT_BY_ALIGNMENT(.glue_7t))
 .glue_7t       0x0000000000006df4        0x0 linker stubs
 *(SORT_BY_ALIGNMENT(.glue_7))
 .glue_7        0x0000000000006df4        0x0 linker stubs
 *(SORT_BY_ALIGNMENT(.vfp11_veneer))
 .vfp11_veneer  0x0000000000006df4        0x0 linker stubs
 *(SORT_BY_ALIGNMENT(.v4_bx))
 .v4_bx         0x0000000000006df4        0x0 linker stubs
                0x0000000000006df4                . = ALIGN (0x4)
                0x0000000000006df4                __text_region_end = .

.ARM.exidx      0x0000000000006df4        0x8
                0x0000000000006df4                __exidx_start = .
 *(SORT_BY_ALIGNMENT(.ARM.exidx*) SORT_BY_ALIGNMENT(gnu.linkonce.armexidx.*))
 .ARM.exidx     0x0000000000006df4        0x8 c:\ncs\toolchains\b620d30767\opt\zephyr-sdk\arm-zephyr-eabi\bin\../lib/gcc/../../picolibc/arm-zephyr-eabi/lib/thumb/v8-m.main/nofp\libc.a(strlen.S.o)
 .ARM.exidx     0x0000000000006dfc        0x0 c:/ncs/toolchains/b620d30767/opt/zephyr-sdk/arm-zephyr-eabi/bin/../lib/gcc/arm-zephyr-eabi/12.2.0/thumb/v8-m.main/nofp\libgcc.a(_udivmoddi4.o)
                                          0x8 (size before relaxing)
                0x0000000000006dfc                __exidx_end = .
                0x0000000000006dfc                __rodata_region_start = .

initlevel       0x0000000000006dfc       0x58
                0x0000000000006dfc                __init_start = .
                0x0000000000006dfc                __init_EARLY_start = .
 *(SORT_BY_NAME(SORT_BY_ALIGNMENT(.z_init_EARLY?_*)))
 *(SORT_BY_NAME(SORT_BY_ALIGNMENT(.z_init_EARLY??_*)))
                0x0000000000006dfc                __init_PRE_KERNEL_1_start = .
 *(SORT_BY_NAME(SORT_BY_ALIGNMENT(.z_init_PRE_KERNEL_1?_*)))
 .z_init_PRE_KERNEL_10_0_
                0x0000000000006dfc        0x8 zephyr/soc/soc/nrf54l15/libsoc__nordic.a(soc.c.obj)
 *(SORT_BY_NAME(SORT_BY_ALIGNMENT(.z_init_PRE_KERNEL_1??_*)))
 .z_init_PRE_KERNEL_130_00057_
                0x0000000000006e04        0x8 zephyr/drivers/clock_control/libdrivers__clock_control.a(clock_control_nrf.c.obj)
 .z_init_PRE_KERNEL_140_00010_
                0x0000000000006e0c        0x8 zephyr/drivers/gpio/libdrivers__gpio.a(gpio_nrfx.c.obj)
 .z_init_PRE_KERNEL_140_00012_
                0x0000000000006e14        0x8 zephyr/drivers/gpio/libdrivers__gpio.a(gpio_nrfx.c.obj)
 .z_init_PRE_KERNEL_140_00024_
                0x0000000000006e1c        0x8 zephyr/drivers/gpio/libdrivers__gpio.a(gpio_nrfx.c.obj)
 .z_init_PRE_KERNEL_150_00099_
                0x0000000000006e24        0x8 zephyr/drivers/serial/libdrivers__serial.a(uart_nrfx_uarte.c.obj)
 .z_init_PRE_KERNEL_160_0_
                0x0000000000006e2c        0x8 zephyr/drivers/console/libdrivers__console.a(uart_console.c.obj)
                0x0000000000006e34                __init_PRE_KERNEL_2_start = .
 *(SORT_BY_NAME(SORT_BY_ALIGNMENT(.z_init_PRE_KERNEL_2?_*)))
 .z_init_PRE_KERNEL_20_0_
                0x0000000000006e34        0x8 zephyr/drivers/timer/libdrivers__timer.a(nrf_grtc_timer.c.obj)
 *(SORT_BY_NAME(SORT_BY_ALIGNMENT(.z_init_PRE_KERNEL_2??_*)))
                0x0000000000006e3c                __init_POST_KERNEL_start = .
 *(SORT_BY_NAME(SORT_BY_ALIGNMENT(.z_init_POST_KERNEL?_*)))
 .z_init_POST_KERNEL0_00119_
                0x0000000000006e3c        0x8 zephyr/drivers/misc/nordic_vpr_launcher/libdrivers__misc__nordic_vpr_launcher.a(nordic_vpr_launcher.c.obj)
 .z_init_POST_KERNEL0_0_
                0x0000000000006e44        0x8 zephyr/libzephyr.a(log_core.c.obj)
 *(SORT_BY_NAME(SORT_BY_ALIGNMENT(.z_init_POST_KERNEL??_*)))
 .z_init_POST_KERNEL35_0_
                0x0000000000006e4c        0x8 zephyr/lib/libc/common/liblib__libc__common.a(malloc.c.obj)
                0x0000000000006e54                __init_APPLICATION_start = .
 *(SORT_BY_NAME(SORT_BY_ALIGNMENT(.z_init_APPLICATION?_*)))
 *(SORT_BY_NAME(SORT_BY_ALIGNMENT(.z_init_APPLICATION??_*)))
                0x0000000000006e54                __init_SMP_start = .
 *(SORT_BY_NAME(SORT_BY_ALIGNMENT(.z_init_SMP?_*)))
 *(SORT_BY_NAME(SORT_BY_ALIGNMENT(.z_init_SMP??_*)))
                0x0000000000006e54                __init_end = .
                0x0000000000006e54                __deferred_init_list_start = .
 *(SORT_BY_ALIGNMENT(.z_deferred_init*))
                0x0000000000006e54                __deferred_init_list_end = .

device_area     0x0000000000006e54       0x78
                0x0000000000006e54                _device_list_start = .
 *(SORT_BY_NAME(SORT_BY_ALIGNMENT(._device.static.*_?_*)))
 ._device.static.3_0_
                0x0000000000006e54       0x14 zephyr/drivers/misc/nordic_vpr_launcher/libdrivers__misc__nordic_vpr_launcher.a(nordic_vpr_launcher.c.obj)
                0x0000000000006e54                __device_dts_ord_119
 *(SORT_BY_NAME(SORT_BY_ALIGNMENT(._device.static.*_??_*)))
 ._device.static.1_30_
                0x0000000000006e68       0x14 zephyr/drivers/clock_control/libdrivers__clock_control.a(clock_control_nrf.c.obj)
                0x0000000000006e68                __device_dts_ord_57
 ._device.static.1_40_
                0x0000000000006e7c       0x3c zephyr/drivers/gpio/libdrivers__gpio.a(gpio_nrfx.c.obj)
                0x0000000000006e7c                __device_dts_ord_12
                0x0000000000006e90                __device_dts_ord_10
                0x0000000000006ea4                __device_dts_ord_24
 ._device.static.1_50_
                0x0000000000006eb8       0x14 zephyr/drivers/serial/libdrivers__serial.a(uart_nrfx_uarte.c.obj)
                0x0000000000006eb8                __device_dts_ord_99
                0x0000000000006ecc                _device_list_end = .

sw_isr_table    0x0000000000006ecc      0x878
                0x0000000000006ecc                . = ALIGN (0x4)
 *(SORT_BY_ALIGNMENT(.gnu.linkonce.sw_isr_table*))
 .gnu.linkonce.sw_isr_table
                0x0000000000006ecc      0x878 zephyr/CMakeFiles/zephyr_final.dir/isr_tables.c.obj
                0x0000000000006ecc                _sw_isr_table

initlevel_error
                0x0000000000006dfc        0x0
 *(SORT_BY_NAME(SORT_BY_ALIGNMENT(.z_init_[_A-Z0-9]*)))
                0x0000000000000001                ASSERT ((SIZEOF (initlevel_error) == 0x0), Undefined initialization levels used.)

app_shmem_regions
                0x0000000000007744        0x0
                0x0000000000007744                __app_shmem_regions_start = .
 *(SORT_BY_NAME(SORT_BY_ALIGNMENT(.app_regions.*)))
                0x0000000000007744                __app_shmem_regions_end = .

k_p4wq_initparam_area
                0x0000000000007744        0x0
                0x0000000000007744                _k_p4wq_initparam_list_start = .
 *(SORT_BY_NAME(SORT_BY_ALIGNMENT(._k_p4wq_initparam.static.*)))
                0x0000000000007744                _k_p4wq_initparam_list_end = .

_static_thread_data_area
                0x0000000000007744        0x0
                0x0000000000007744                __static_thread_data_list_start = .
 *(SORT_BY_NAME(SORT_BY_ALIGNMENT(.__static_thread_data.static.*)))
                0x0000000000007744                __static_thread_data_list_end = .

device_deps     0x0000000000007744        0x0
                0x0000000000007744                __device_deps_start = .
 *(SORT_BY_NAME(SORT_BY_ALIGNMENT(.__device_deps_pass2*)))
                0x0000000000007744                __device_deps_end = .

ztest           0x0000000000007744        0x0
                0x0000000000007744                _ztest_expected_result_entry_list_start = .
 *(SORT_BY_NAME(SORT_BY_ALIGNMENT(._ztest_expected_result_entry.static.*)))
                0x0000000000007744                _ztest_expected_result_entry_list_end = .
                0x0000000000007744                _ztest_suite_node_list_start = .
 *(SORT_BY_NAME(SORT_BY_ALIGNMENT(._ztest_suite_node.static.*)))
                0x0000000000007744                _ztest_suite_node_list_end = .
                0x0000000000007744                _ztest_unit_test_list_start = .
 *(SORT_BY_NAME(SORT_BY_ALIGNMENT(._ztest_unit_test.static.*)))
                0x0000000000007744                _ztest_unit_test_list_end = .
                0x0000000000007744                _ztest_test_rule_list_start = .
 *(SORT_BY_NAME(SORT_BY_ALIGNMENT(._ztest_test_rule.static.*)))
                0x0000000000007744                _ztest_test_rule_list_end = .

init_array      0x0000000000007744        0x0
 *(SORT_BY_NAME(SORT_BY_ALIGNMENT(.ctors*)))
 *(SORT_BY_NAME(SORT_BY_ALIGNMENT(.init_array*)))
                0x0000000000000001                ASSERT ((SIZEOF (init_array) == 0x0), GNU-style constructors required but STATIC_INIT_GNU not enabled)

bt_l2cap_fixed_chan_area
                0x0000000000007744        0x0
                0x0000000000007744                _bt_l2cap_fixed_chan_list_start = .
 *(SORT_BY_NAME(SORT_BY_ALIGNMENT(._bt_l2cap_fixed_chan.static.*)))
                0x0000000000007744                _bt_l2cap_fixed_chan_list_end = .

bt_gatt_service_static_area
                0x0000000000007744        0x0
                0x0000000000007744                _bt_gatt_service_static_list_start = .
 *(SORT_BY_NAME(SORT_BY_ALIGNMENT(._bt_gatt_service_static.static.*)))
                0x0000000000007744                _bt_gatt_service_static_list_end = .

log_strings_area
                0x0000000000007744        0x0
                0x0000000000007744                _log_strings_list_start = .
 *(SORT_BY_NAME(SORT_BY_ALIGNMENT(._log_strings.static.*)))
                0x0000000000007744                _log_strings_list_end = .

log_const_area  0x0000000000007744       0x60
                0x0000000000007744                _log_const_list_start = .
 *(SORT_BY_NAME(SORT_BY_ALIGNMENT(._log_const.static.*)))
 ._log_const.static.log_const_cache_nrfx_
                0x0000000000007744        0x8 zephyr/drivers/cache/libdrivers__cache.a(cache_nrf.c.obj)
                0x0000000000007744                log_const_cache_nrfx
 ._log_const.static.log_const_cbprintf_package_
                0x000000000000774c        0x8 zephyr/libzephyr.a(cbprintf_packaged.c.obj)
                0x000000000000774c                log_const_cbprintf_package
 ._log_const.static.log_const_clock_control_
                0x0000000000007754        0x8 zephyr/drivers/clock_control/libdrivers__clock_control.a(clock_control_nrf.c.obj)
                0x0000000000007754                log_const_clock_control
 ._log_const.static.log_const_log_
                0x000000000000775c        0x8 zephyr/libzephyr.a(log_core.c.obj)
                0x000000000000775c                log_const_log
 ._log_const.static.log_const_log_mgmt_
                0x0000000000007764        0x8 zephyr/libzephyr.a(log_mgmt.c.obj)
                0x0000000000007764                log_const_log_mgmt
 ._log_const.static.log_const_log_uart_
                0x000000000000776c        0x8 zephyr/libzephyr.a(log_backend_uart.c.obj)
                0x000000000000776c                log_const_log_uart
 ._log_const.static.log_const_main_
                0x0000000000007774        0x8 app/libapp.a(main.c.obj)
                0x0000000000007774                log_const_main
 ._log_const.static.log_const_mpu_
                0x000000000000777c        0x8 zephyr/arch/arch/arm/core/mpu/libarch__arm__core__mpu.a(arm_core_mpu.c.obj)
                0x000000000000777c                log_const_mpu
 ._log_const.static.log_const_nordic_vpr_launcher_
                0x0000000000007784        0x8 zephyr/drivers/misc/nordic_vpr_launcher/libdrivers__misc__nordic_vpr_launcher.a(nordic_vpr_launcher.c.obj)
                0x0000000000007784                log_const_nordic_vpr_launcher
 ._log_const.static.log_const_os_
                0x000000000000778c        0x8 zephyr/kernel/libkernel.a(init.c.obj)
                0x000000000000778c                log_const_os
 ._log_const.static.log_const_soc_
                0x0000000000007794        0x8 zephyr/soc/soc/nrf54l15/libsoc__nordic.a(soc.c.obj)
                0x0000000000007794                log_const_soc
 ._log_const.static.log_const_uart_nrfx_uarte_
                0x000000000000779c        0x8 zephyr/drivers/serial/libdrivers__serial.a(uart_nrfx_uarte.c.obj)
                0x000000000000779c                log_const_uart_nrfx_uarte
                0x00000000000077a4                _log_const_list_end = .

log_backend_area
                0x00000000000077a4       0x10
                0x00000000000077a4                _log_backend_list_start = .
 *(SORT_BY_NAME(SORT_BY_ALIGNMENT(._log_backend.static.*)))
 ._log_backend.static.log_backend_uart_
                0x00000000000077a4       0x10 zephyr/libzephyr.a(log_backend_uart.c.obj)
                0x00000000000077b4                _log_backend_list_end = .

log_link_area   0x00000000000077b4        0x0
                0x00000000000077b4                _log_link_list_start = .
 *(SORT_BY_NAME(SORT_BY_ALIGNMENT(._log_link.static.*)))
                0x00000000000077b4                _log_link_list_end = .

tracing_backend_area
                0x00000000000077b4        0x0
                0x00000000000077b4                _tracing_backend_list_start = .
 *(SORT_BY_NAME(SORT_BY_ALIGNMENT(._tracing_backend.static.*)))
                0x00000000000077b4                _tracing_backend_list_end = .

zephyr_dbg_info
 *(SORT_BY_ALIGNMENT(.dbg_thread_info))

intc_table_area
                0x00000000000077b4        0x0
                0x00000000000077b4                _intc_table_list_start = .
 *(SORT_BY_NAME(SORT_BY_ALIGNMENT(._intc_table.static.*)))
                0x00000000000077b4                _intc_table_list_end = .

symbol_to_keep  0x00000000000077b4        0x0
                0x00000000000077b4                __symbol_to_keep_start = .
 *(SORT_BY_NAME(SORT_BY_ALIGNMENT(.symbol_to_keep*)))
                0x00000000000077b4                __symbol_to_keep_end = .

shell_area      0x00000000000077b4        0x0
                0x00000000000077b4                _shell_list_start = .
 *(SORT_BY_NAME(SORT_BY_ALIGNMENT(._shell.static.*)))
                0x00000000000077b4                _shell_list_end = .

shell_root_cmds_area
                0x00000000000077b4        0x0
                0x00000000000077b4                _shell_root_cmds_list_start = .
 *(SORT_BY_NAME(SORT_BY_ALIGNMENT(._shell_root_cmds.static.*)))
                0x00000000000077b4                _shell_root_cmds_list_end = .

shell_subcmds_area
                0x00000000000077b4        0x0
                0x00000000000077b4                _shell_subcmds_list_start = .
 *(SORT_BY_NAME(SORT_BY_ALIGNMENT(._shell_subcmds.static.*)))
                0x00000000000077b4                _shell_subcmds_list_end = .

shell_dynamic_subcmds_area
                0x00000000000077b4        0x0
                0x00000000000077b4                _shell_dynamic_subcmds_list_start = .
 *(SORT_BY_NAME(SORT_BY_ALIGNMENT(._shell_dynamic_subcmds.static.*)))
                0x00000000000077b4                _shell_dynamic_subcmds_list_end = .

cfb_font_area   0x00000000000077b4        0x0
                0x00000000000077b4                _cfb_font_list_start = .
 *(SORT_BY_NAME(SORT_BY_ALIGNMENT(._cfb_font.static.*)))
                0x00000000000077b4                _cfb_font_list_end = .

tdata           0x00000000000077b4        0x0
 *(SORT_BY_ALIGNMENT(.tdata) SORT_BY_ALIGNMENT(.tdata.*) SORT_BY_ALIGNMENT(.gnu.linkonce.td.*))

tbss            0x00000000000077b4        0x4
 *(SORT_BY_ALIGNMENT(.tbss) SORT_BY_ALIGNMENT(.tbss.*) SORT_BY_ALIGNMENT(.gnu.linkonce.tb.*) SORT_BY_ALIGNMENT(.tcommon))
 .tbss.z_tls_current
                0x00000000000077b4        0x4 zephyr/libzephyr.a(thread_entry.c.obj)
                0x00000000000077b4                z_tls_current
                0x00000000000077b4                PROVIDE (__tdata_start = LOADADDR (tdata))
                0x0000000000000001                PROVIDE (__tdata_align = ALIGNOF (tdata))
                0x0000000000000000                PROVIDE (__tdata_size = (((SIZEOF (tdata) + __tdata_align) - 0x1) & ~ ((__tdata_align - 0x1))))
                [!provide]                        PROVIDE (__tdata_end = (__tdata_start + __tdata_size))
                0x0000000000000004                PROVIDE (__tbss_align = ALIGNOF (tbss))
                [!provide]                        PROVIDE (__tbss_start = ADDR (tbss))
                0x0000000000000004                PROVIDE (__tbss_size = (((SIZEOF (tbss) + __tbss_align) - 0x1) & ~ ((__tbss_align - 0x1))))
                [!provide]                        PROVIDE (__tbss_end = (__tbss_start + __tbss_size))
                [!provide]                        PROVIDE (__tls_start = __tdata_start)
                [!provide]                        PROVIDE (__tls_end = __tbss_end)
                [!provide]                        PROVIDE (__tls_size = (__tbss_end - __tdata_start))

rodata          0x00000000000077c0      0xb04
 *(SORT_BY_ALIGNMENT(.rodata))
 .rodata        0x00000000000077c0        0xc modules/hal_nordic/nrfx/libmodules__hal_nordic__nrfx.a(nrfx_gpiote.c.obj)
 .rodata        0x00000000000077cc        0xc modules/hal_nordic/nrfx/libmodules__hal_nordic__nrfx.a(nrfx_grtc.c.obj)
 *(SORT_BY_ALIGNMENT(.rodata.*))
 *fill*         0x00000000000077d8        0x8 
 .rodata.delay_machine_code.0
                0x00000000000077e0        0x6 zephyr/soc/soc/nrf54l15/libsoc__nordic.a(soc.c.obj)
 *fill*         0x00000000000077e6        0xa 
 .rodata.delay_machine_code.0
                0x00000000000077f0        0x6 modules/hal_nordic/nrfx/libmodules__hal_nordic__nrfx.a(nrfx_grtc.c.obj)
 *fill*         0x00000000000077f6        0x2 
 .rodata.mpsc_config
                0x00000000000077f8       0x14 zephyr/libzephyr.a(log_core.c.obj)
 .rodata.format_table
                0x000000000000780c       0x10 zephyr/libzephyr.a(log_core.c.obj)
 .rodata.colors
                0x000000000000781c       0x14 zephyr/libzephyr.a(log_output.c.obj)
 .rodata.severity
                0x0000000000007830       0x14 zephyr/libzephyr.a(log_output.c.obj)
 .rodata.lbu_cb_ctx
                0x0000000000007844        0x8 zephyr/libzephyr.a(log_backend_uart.c.obj)
 .rodata.lbu_output
                0x000000000000784c       0x10 zephyr/libzephyr.a(log_backend_uart.c.obj)
 .rodata.log_backend_uart_api
                0x000000000000785c       0x1c zephyr/libzephyr.a(log_backend_uart.c.obj)
                0x000000000000785c                log_backend_uart_api
 .rodata.mem_attr_region
                0x0000000000007878        0x0 zephyr/libzephyr.a(mem_attr.c.obj)
 .rodata.static_regions
                0x0000000000007878        0xc zephyr/arch/arch/arm/core/mpu/libarch__arm__core__mpu.a(arm_core_mpu.c.obj)
 .rodata.mpu_config
                0x0000000000007884        0x8 zephyr/arch/arch/arm/core/mpu/libarch__arm__core__mpu.a(arm_mpu_regions.c.obj)
                0x0000000000007884                mpu_config
 .rodata.mpu_regions
                0x000000000000788c       0x20 zephyr/arch/arch/arm/core/mpu/libarch__arm__core__mpu.a(arm_mpu_regions.c.obj)
 .rodata.config0
                0x00000000000078ac       0x10 zephyr/drivers/misc/nordic_vpr_launcher/libdrivers__misc__nordic_vpr_launcher.a(nordic_vpr_launcher.c.obj)
 .rodata.transitions.0
                0x00000000000078bc        0xc zephyr/drivers/clock_control/libdrivers__clock_control.a(clock_control_nrf.c.obj)
 .rodata.config
                0x00000000000078c8       0x18 zephyr/drivers/clock_control/libdrivers__clock_control.a(clock_control_nrf.c.obj)
 .rodata.clock_control_api
                0x00000000000078e0       0x1c zephyr/drivers/clock_control/libdrivers__clock_control.a(clock_control_nrf.c.obj)
 .rodata.CSWTCH.44
                0x00000000000078fc        0xc zephyr/drivers/gpio/libdrivers__gpio.a(gpio_nrfx.c.obj)
 .rodata.gpio_nrfx_p2_cfg
                0x0000000000007908       0x18 zephyr/drivers/gpio/libdrivers__gpio.a(gpio_nrfx.c.obj)
 .rodata.gpio_nrfx_p1_cfg
                0x0000000000007920       0x18 zephyr/drivers/gpio/libdrivers__gpio.a(gpio_nrfx.c.obj)
 .rodata.gpio_nrfx_p0_cfg
                0x0000000000007938       0x18 zephyr/drivers/gpio/libdrivers__gpio.a(gpio_nrfx.c.obj)
 .rodata.gpio_nrfx_drv_api_funcs
                0x0000000000007950       0x24 zephyr/drivers/gpio/libdrivers__gpio.a(gpio_nrfx.c.obj)
 .rodata.CSWTCH.20
                0x0000000000007974        0xc zephyr/drivers/pinctrl/libdrivers__pinctrl.a(pinctrl_nrf.c.obj)
 .rodata.uarte_20z_config
                0x0000000000007980       0x28 zephyr/drivers/serial/libdrivers__serial.a(uart_nrfx_uarte.c.obj)
 .rodata.__pinctrl_dev_config__device_dts_ord_99
                0x00000000000079a8        0xc zephyr/drivers/serial/libdrivers__serial.a(uart_nrfx_uarte.c.obj)
 .rodata.__pinctrl_states__device_dts_ord_99
                0x00000000000079b4        0x8 zephyr/drivers/serial/libdrivers__serial.a(uart_nrfx_uarte.c.obj)
 .rodata.__pinctrl_state_pins_0__device_dts_ord_99
                0x00000000000079bc       0x10 zephyr/drivers/serial/libdrivers__serial.a(uart_nrfx_uarte.c.obj)
 .rodata.uart_nrfx_uarte_driver_api
                0x00000000000079cc        0xc zephyr/drivers/serial/libdrivers__serial.a(uart_nrfx_uarte.c.obj)
 .rodata.CSWTCH.865
                0x00000000000079d8        0xc modules/hal_nordic/nrfx/libmodules__hal_nordic__nrfx.a(nrfx_gpiote.c.obj)
 .rodata.CSWTCH.486
                0x00000000000079e4       0x14 zephyr/kernel/libkernel.a(fatal.c.obj)
 .rodata.levels.0
                0x00000000000079f8       0x18 zephyr/kernel/libkernel.a(init.c.obj)
 .rodata.main.str1.1
                0x0000000000007a10       0x35 app/libapp.a(main.c.obj)
 .rodata.str1.1
                0x0000000000007a45        0x5 app/libapp.a(main.c.obj)
 .rodata.cbprintf_package_convert.str1.1
                0x0000000000007a4a       0xa3 zephyr/libzephyr.a(cbprintf_packaged.c.obj)
 .rodata.str1.1
                0x0000000000007aed       0x11 zephyr/libzephyr.a(cbprintf_packaged.c.obj)
 .rodata.enable_logger.str1.1
                0x0000000000007afe        0x8 zephyr/libzephyr.a(log_core.c.obj)
 .rodata.str1.1
                0x0000000000007b06        0x4 zephyr/libzephyr.a(log_core.c.obj)
 .rodata.str1.1
                0x0000000000007b0a        0x9 zephyr/libzephyr.a(log_mgmt.c.obj)
 .rodata.z_impl_z_log_msg_static_create.str1.1
                0x0000000000007b13       0x3f zephyr/libzephyr.a(log_msg.c.obj)
 .rodata.z_log_msg_runtime_vcreate.str1.1
                0x0000000000007b52       0x38 zephyr/libzephyr.a(log_msg.c.obj)
 .rodata.newline_print.str1.1
                0x0000000000007b8a        0x3 zephyr/libzephyr.a(log_output.c.obj)
                                          0x5 (size before relaxing)
 .rodata.log_output_process.str1.1
                0x0000000000007b8d       0x4c zephyr/libzephyr.a(log_output.c.obj)
                                         0x51 (size before relaxing)
 .rodata.log_output_dropped_process.str1.1
                0x0000000000007bd9       0x4c zephyr/libzephyr.a(log_output.c.obj)
                                          0x3 (size before relaxing)
 .rodata.postfix.0
                0x0000000000007bd9       0x1c zephyr/libzephyr.a(log_output.c.obj)
 .rodata.prefix.1
                0x0000000000007bf5        0xc zephyr/libzephyr.a(log_output.c.obj)
 .rodata.str1.1
                0x0000000000007c01       0x20 zephyr/libzephyr.a(log_output.c.obj)
 .rodata.str1.1
                0x0000000000007c21       0x1a zephyr/libzephyr.a(log_backend_uart.c.obj)
 .rodata.boot_banner.str1.1
                0x0000000000007c3b       0x63 zephyr/libzephyr.a(banner.c.obj)
 .rodata.z_arm_fatal_error.str1.1
                0x0000000000007c9e       0xae zephyr/arch/arch/arm/core/libarch__arm__core.a(fatal.c.obj)
 .rodata.mem_manage_fault.constprop.0.str1.1
                0x0000000000007d4c       0xd8 zephyr/arch/arch/arm/core/cortex_m/libarch__arm__core__cortex_m.a(fault.c.obj)
 .rodata.usage_fault.constprop.0.str1.1
                0x0000000000007e24       0xf7 zephyr/arch/arch/arm/core/cortex_m/libarch__arm__core__cortex_m.a(fault.c.obj)
 .rodata.bus_fault.constprop.0.str1.1
                0x0000000000007f1b       0x88 zephyr/arch/arch/arm/core/cortex_m/libarch__arm__core__cortex_m.a(fault.c.obj)
 .rodata.z_arm_fault.str1.1
                0x0000000000007fa3      0x111 zephyr/arch/arch/arm/core/cortex_m/libarch__arm__core__cortex_m.a(fault.c.obj)
 .rodata.str1.1
                0x00000000000080b4        0x4 zephyr/arch/arch/arm/core/mpu/libarch__arm__core__mpu.a(arm_core_mpu.c.obj)
 .rodata.region_allocate_and_init.str1.1
                0x00000000000080b8       0x26 zephyr/arch/arch/arm/core/mpu/libarch__arm__core__mpu.a(arm_mpu.c.obj)
 .rodata.mpu_configure_regions_and_partition.constprop.0.str1.1
                0x00000000000080de       0x46 zephyr/arch/arch/arm/core/mpu/libarch__arm__core__mpu.a(arm_mpu.c.obj)
 .rodata.str1.1
                0x0000000000008124        0xf zephyr/arch/arch/arm/core/mpu/libarch__arm__core__mpu.a(arm_mpu_regions.c.obj)
 .rodata.str1.1
                0x0000000000008133        0x4 zephyr/soc/soc/nrf54l15/libsoc__nordic.a(soc.c.obj)
 .rodata.str1.1
                0x0000000000008137       0x1e zephyr/drivers/misc/nordic_vpr_launcher/libdrivers__misc__nordic_vpr_launcher.a(nordic_vpr_launcher.c.obj)
 .rodata.str1.1
                0x0000000000008155        0xb zephyr/drivers/cache/libdrivers__cache.a(cache_nrf.c.obj)
 .rodata.str1.1
                0x0000000000008160       0x27 zephyr/drivers/clock_control/libdrivers__clock_control.a(clock_control_nrf.c.obj)
 .rodata.str1.1
                0x0000000000008187       0x22 zephyr/drivers/gpio/libdrivers__gpio.a(gpio_nrfx.c.obj)
 .rodata.drive_modes
                0x00000000000081a9        0x9 zephyr/drivers/pinctrl/libdrivers__pinctrl.a(pinctrl_nrf.c.obj)
 .rodata.str1.1
                0x00000000000081b2       0x1b zephyr/drivers/serial/libdrivers__serial.a(uart_nrfx_uarte.c.obj)
 .rodata.port_offset.1
                0x00000000000081cd       0x10 modules/hal_nordic/nrfx/libmodules__hal_nordic__nrfx.a(nrfx_gpiote.c.obj)
 .rodata.ports  0x00000000000081dd        0x3 modules/hal_nordic/nrfx/libmodules__hal_nordic__nrfx.a(nrfx_gpiote.c.obj)
 .rodata.k_sys_fatal_error_handler.str1.1
                0x00000000000081e0        0xf zephyr/kernel/libkernel.a(fatal.c.obj)
 .rodata.z_fatal_error.str1.1
                0x00000000000081ef       0x77 zephyr/kernel/libkernel.a(fatal.c.obj)
 .rodata.str1.1
                0x0000000000008266       0x4a zephyr/kernel/libkernel.a(fatal.c.obj)
 .rodata.z_cstart.str1.1
                0x00000000000082b0        0x5 zephyr/kernel/libkernel.a(init.c.obj)
 .rodata.str1.1
                0x00000000000082b0        0x3 zephyr/kernel/libkernel.a(init.c.obj)
 .rodata.__l_vfprintf.str1.1
                0x00000000000082b3        0xf c:\ncs\toolchains\b620d30767\opt\zephyr-sdk\arm-zephyr-eabi\bin\../lib/gcc/../../picolibc/arm-zephyr-eabi/lib/thumb/v8-m.main/nofp\libc.a(libc_tinystdio_vflprintf.c.o)
 *(SORT_BY_ALIGNMENT(.gnu.linkonce.r.*))
                0x00000000000082c4                . = ALIGN (0x4)
 *fill*         0x00000000000082c2        0x2 
                0x00000000000082c4                __rodata_region_end = .
                0x00000000000082e0                . = ALIGN (_region_min_align)
                0x00000000000082e0                __rom_region_end = ((__rom_region_start + .) - ADDR (rom_start))

/DISCARD/
 *(SORT_BY_ALIGNMENT(.got.plt))
 *(SORT_BY_ALIGNMENT(.igot.plt))
 *(SORT_BY_ALIGNMENT(.got))
 *(SORT_BY_ALIGNMENT(.igot))
                0x0000000020000000                . = 0x20000000
                0x0000000020000000                . = ALIGN (_region_min_align)
                0x0000000020000000                _image_ram_start = .

.ramfunc        0x0000000020000000        0x0 load address 0x00000000000082c4
                0x0000000020000000                . = ALIGN (_region_min_align)
                0x0000000020000000                __ramfunc_start = .
 *(SORT_BY_ALIGNMENT(.ramfunc))
 *(SORT_BY_ALIGNMENT(.ramfunc.*))
                0x0000000020000000                . = ALIGN (_region_min_align)
                0x0000000020000000                __ramfunc_end = .
                0x0000000000000000                __ramfunc_size = (__ramfunc_end - __ramfunc_start)
                0x00000000000082c4                __ramfunc_load_start = LOADADDR (.ramfunc)

datas           0x0000000020000000      0x164 load address 0x00000000000082c4
                0x0000000020000000                __data_region_start = .
                0x0000000020000000                __data_start = .
 *(SORT_BY_ALIGNMENT(.data))
 *(SORT_BY_ALIGNMENT(.data.*))
 .data._char_out
                0x0000000020000000        0x4 zephyr/libzephyr.a(printk.c.obj)
 .data.timestamp_func
                0x0000000020000004        0x4 zephyr/libzephyr.a(log_core.c.obj)
 .data.backend_cb_log_backend_uart
                0x0000000020000008        0x8 zephyr/libzephyr.a(log_backend_uart.c.obj)
 .data.__stdout
                0x0000000020000010       0x10 zephyr/lib/libc/picolibc/liblib__libc__picolibc.a(libc-hooks.c.obj)
 .data.system_clock_channel_data
                0x0000000020000020        0xc zephyr/drivers/timer/libdrivers__timer.a(nrf_grtc_timer.c.obj)
 .data.SystemCoreClock
                0x000000002000002c        0x4 modules/hal_nordic/nrfx/libmodules__hal_nordic__nrfx.a(system_nrf54l.c.obj)
                0x000000002000002c                SystemCoreClock
 .data.m_cb     0x0000000020000030       0xd8 modules/hal_nordic/nrfx/libmodules__hal_nordic__nrfx.a(nrfx_gpiote.c.obj)
 .data.m_cb     0x0000000020000108       0x54 modules/hal_nordic/nrfx/libmodules__hal_nordic__nrfx.a(nrfx_grtc.c.obj)
 .data.timeout_list
                0x000000002000015c        0x8 zephyr/kernel/libkernel.a(timeout.c.obj)
 *(SORT_BY_ALIGNMENT(.kernel.*))
                0x0000000020000164                __data_end = .
                0x0000000000000164                __data_size = (__data_end - __data_start)
                0x00000000000082c4                __data_load_start = LOADADDR (datas)
                0x00000000000082c4                __data_region_load_start = LOADADDR (datas)

device_states   0x0000000020000164        0xc load address 0x0000000000008428
                0x0000000020000164                __device_states_start = .
 *(SORT_BY_ALIGNMENT(.z_devstate))
 .z_devstate    0x0000000020000164        0x2 zephyr/drivers/misc/nordic_vpr_launcher/libdrivers__misc__nordic_vpr_launcher.a(nordic_vpr_launcher.c.obj)
 .z_devstate    0x0000000020000166        0x2 zephyr/drivers/clock_control/libdrivers__clock_control.a(clock_control_nrf.c.obj)
 .z_devstate    0x0000000020000168        0x6 zephyr/drivers/gpio/libdrivers__gpio.a(gpio_nrfx.c.obj)
 .z_devstate    0x000000002000016e        0x2 zephyr/drivers/serial/libdrivers__serial.a(uart_nrfx_uarte.c.obj)
 *(SORT_BY_ALIGNMENT(.z_devstate.*))
                0x0000000020000170                __device_states_end = .

log_mpsc_pbuf_area
                0x0000000020000170       0x38 load address 0x0000000000008434
                0x0000000020000170                _log_mpsc_pbuf_list_start = .
 *(SORT_BY_NAME(SORT_BY_ALIGNMENT(._log_mpsc_pbuf.static.*)))
 ._log_mpsc_pbuf.static.log_buffer_
                0x0000000020000170       0x38 zephyr/libzephyr.a(log_core.c.obj)
                0x00000000200001a8                _log_mpsc_pbuf_list_end = .

log_msg_ptr_area
                0x00000000200001a8        0x4 load address 0x000000000000846c
                0x00000000200001a8                _log_msg_ptr_list_start = .
 *(SORT_BY_NAME(SORT_BY_ALIGNMENT(._log_msg_ptr.static.*)))
 ._log_msg_ptr.static.log_msg_ptr_
                0x00000000200001a8        0x4 zephyr/libzephyr.a(log_core.c.obj)
                0x00000000200001ac                _log_msg_ptr_list_end = .

log_dynamic_area
                0x00000000200001ac        0x0 load address 0x0000000000008470
                0x00000000200001ac                _log_dynamic_list_start = .
 *(SORT_BY_NAME(SORT_BY_ALIGNMENT(._log_dynamic.static.*)))
                0x00000000200001ac                _log_dynamic_list_end = .

k_timer_area    0x00000000200001ac        0x0 load address 0x0000000000008470
                0x00000000200001ac                _k_timer_list_start = .
 *(SORT_BY_NAME(SORT_BY_ALIGNMENT(._k_timer.static.*)))
                0x00000000200001ac                _k_timer_list_end = .

k_mem_slab_area
                0x00000000200001ac        0x0 load address 0x0000000000008470
                0x00000000200001ac                _k_mem_slab_list_start = .
 *(SORT_BY_NAME(SORT_BY_ALIGNMENT(._k_mem_slab.static.*)))
                0x00000000200001ac                _k_mem_slab_list_end = .

k_heap_area     0x00000000200001ac        0x0 load address 0x0000000000008470
                0x00000000200001ac                _k_heap_list_start = .
 *(SORT_BY_NAME(SORT_BY_ALIGNMENT(._k_heap.static.*)))
                0x00000000200001ac                _k_heap_list_end = .

k_mutex_area    0x00000000200001ac        0x0 load address 0x0000000000008470
                0x00000000200001ac                _k_mutex_list_start = .
 *(SORT_BY_NAME(SORT_BY_ALIGNMENT(._k_mutex.static.*)))
                0x00000000200001ac                _k_mutex_list_end = .

k_stack_area    0x00000000200001ac        0x0 load address 0x0000000000008470
                0x00000000200001ac                _k_stack_list_start = .
 *(SORT_BY_NAME(SORT_BY_ALIGNMENT(._k_stack.static.*)))
                0x00000000200001ac                _k_stack_list_end = .

k_msgq_area     0x00000000200001ac        0x0 load address 0x0000000000008470
                0x00000000200001ac                _k_msgq_list_start = .
 *(SORT_BY_NAME(SORT_BY_ALIGNMENT(._k_msgq.static.*)))
                0x00000000200001ac                _k_msgq_list_end = .

k_mbox_area     0x00000000200001ac        0x0 load address 0x0000000000008470
                0x00000000200001ac                _k_mbox_list_start = .