Archive member included to satisfy reference by file (symbol)

app/libapp.a(main.c.obj)      (--whole-archive)
zephyr/libzephyr.a(heap.c.obj)
                              (--whole-archive)
zephyr/libzephyr.a(cbprintf_packaged.c.obj)
                              (--whole-archive)
zephyr/libzephyr.a(printk.c.obj)
                              (--whole-archive)
zephyr/libzephyr.a(sem.c.obj)
                              (--whole-archive)
zephyr/libzephyr.a(thread_entry.c.obj)
                              (--whole-archive)
zephyr/libzephyr.a(cbprintf_complete.c.obj)
                              (--whole-archive)
zephyr/libzephyr.a(assert.c.obj)
                              (--whole-archive)
zephyr/libzephyr.a(mpsc_pbuf.c.obj)
                              (--whole-archive)
zephyr/libzephyr.a(dec.c.obj)
                              (--whole-archive)
zephyr/libzephyr.a(hex.c.obj)
                              (--whole-archive)
zephyr/libzephyr.a(rb.c.obj)  (--whole-archive)
zephyr/libzephyr.a(timeutil.c.obj)
                              (--whole-archive)
zephyr/libzephyr.a(bitarray.c.obj)
                              (--whole-archive)
zephyr/libzephyr.a(configs.c.obj)
                              (--whole-archive)
zephyr/libzephyr.a(soc_irq.S.obj)
                              (--whole-archive)
zephyr/libzephyr.a(soc_common_irq.c.obj)
                              (--whole-archive)
zephyr/libzephyr.a(vector.S.obj)
                              (--whole-archive)
zephyr/libzephyr.a(log_core.c.obj)
                              (--whole-archive)
zephyr/libzephyr.a(log_mgmt.c.obj)
                              (--whole-archive)
zephyr/libzephyr.a(log_cache.c.obj)
                              (--whole-archive)
zephyr/libzephyr.a(log_msg.c.obj)
                              (--whole-archive)
zephyr/libzephyr.a(log_output.c.obj)
                              (--whole-archive)
zephyr/libzephyr.a(log_backend_uart.c.obj)
                              (--whole-archive)
zephyr/libzephyr.a(tracing_none.c.obj)
                              (--whole-archive)
zephyr/libzephyr.a(banner.c.obj)
                              (--whole-archive)
zephyr/libzephyr.a(flash_map_partition_manager.c.obj)
                              (--whole-archive)
zephyr/arch/common/libarch__common.a(sw_isr_common.c.obj)
                              (--whole-archive)
zephyr/arch/arch/riscv/core/libarch__riscv__core.a(cpu_idle.c.obj)
                              (--whole-archive)
zephyr/arch/arch/riscv/core/libarch__riscv__core.a(fatal.c.obj)
                              (--whole-archive)
zephyr/arch/arch/riscv/core/libarch__riscv__core.a(irq_manage.c.obj)
                              (--whole-archive)
zephyr/arch/arch/riscv/core/libarch__riscv__core.a(prep_c.c.obj)
                              (--whole-archive)
zephyr/arch/arch/riscv/core/libarch__riscv__core.a(reboot.c.obj)
                              (--whole-archive)
zephyr/arch/arch/riscv/core/libarch__riscv__core.a(reset.S.obj)
                              (--whole-archive)
zephyr/arch/arch/riscv/core/libarch__riscv__core.a(switch.S.obj)
                              (--whole-archive)
zephyr/arch/arch/riscv/core/libarch__riscv__core.a(thread.c.obj)
                              (--whole-archive)
zephyr/arch/arch/riscv/core/libarch__riscv__core.a(isr.S.obj)
                              (--whole-archive)
zephyr/arch/arch/riscv/core/libarch__riscv__core.a(tls.c.obj)
                              (--whole-archive)
zephyr/arch/arch/riscv/core/libarch__riscv__core.a(stacktrace.c.obj)
                              (--whole-archive)
zephyr/lib/libc/picolibc/liblib__libc__picolibc.a(libc-hooks.c.obj)
                              (--whole-archive)
zephyr/lib/libc/common/liblib__libc__common.a(abort.c.obj)
                              (--whole-archive)
zephyr/lib/libc/common/liblib__libc__common.a(malloc.c.obj)
                              (--whole-archive)
zephyr/soc/soc/nrf54l15/libsoc__nordic.a(validate_base_addresses.c.obj)
                              (--whole-archive)
zephyr/soc/soc/nrf54l15/libsoc__nordic.a(validate_binding_headers.c.obj)
                              (--whole-archive)
zephyr/soc/soc/nrf54l15/libsoc__nordic.a(validate_enabled_instances.c.obj)
                              (--whole-archive)
zephyr/soc/soc/nrf54l15/libsoc__nordic.a(soc.c.obj)
                              (--whole-archive)
zephyr/soc/soc/nrf54l15/libsoc__nordic.a(validate_rram_partitions.c.obj)
                              (--whole-archive)
zephyr/soc/soc/nrf54l15/libsoc__nordic.a(soc_context.S.obj)
                              (--whole-archive)
zephyr/soc/soc/nrf54l15/libsoc__nordic.a(soc_idle.c.obj)
                              (--whole-archive)
zephyr/soc/soc/nrf54l15/libsoc__nordic.a(soc_init.c.obj)
                              (--whole-archive)
zephyr/drivers/interrupt_controller/libdrivers__interrupt_controller.a(intc_nrfx_clic.c.obj)
                              (--whole-archive)
[...]
Memory Configuration

Name             Origin             Length             Attributes
RAM              0x0000000020028000 0x0000000000018000 xrw
IDT_LIST         0x00000000fffff7ff 0x0000000000000800 xw
*default*        0x0000000000000000 0xffffffffffffffff

Linker script and memory map

                0x000000002002e614                vfprintf = __l_vfprintf
                0x0000000000000000                vfscanf = __l_vfscanf
LOAD zephyr/CMakeFiles/zephyr_pre0.dir/misc/empty_file.c.obj
LOAD zephyr/CMakeFiles/offsets.dir/./arch/riscv/core/offsets/offsets.c.obj
LOAD app/libapp.a
LOAD zephyr/libzephyr.a
LOAD zephyr/arch/common/libarch__common.a
LOAD zephyr/arch/arch/riscv/core/libarch__riscv__core.a
LOAD zephyr/lib/libc/picolibc/liblib__libc__picolibc.a
LOAD zephyr/lib/libc/common/liblib__libc__common.a
LOAD zephyr/soc/soc/nrf54l15/libsoc__nordic.a
LOAD zephyr/drivers/interrupt_controller/libdrivers__interrupt_controller.a
LOAD zephyr/drivers/console/libdrivers__console.a
LOAD zephyr/drivers/gpio/libdrivers__gpio.a
LOAD zephyr/drivers/pinctrl/libdrivers__pinctrl.a
LOAD zephyr/drivers/serial/libdrivers__serial.a
LOAD zephyr/drivers/timer/libdrivers__timer.a
LOAD modules/hal_nordic/nrfx/libmodules__hal_nordic__nrfx.a
LOAD zephyr/kernel/libkernel.a
LOAD zephyr/arch/common/libisr_tables.a
LOAD c:\ncs\toolchains\b620d30767\opt\zephyr-sdk\riscv64-zephyr-elf\bin\../lib/gcc/../../picolibc/riscv64-zephyr-elf/lib/rv32emc_zicsr/ilp32e\libc.a
LOAD c:/ncs/toolchains/b620d30767/opt/zephyr-sdk/riscv64-zephyr-elf/bin/../lib/gcc/riscv64-zephyr-elf/12.2.0/rv32emc_zicsr/ilp32e\libgcc.a

.rel.plt        0x0000000000000000        0x0
 *(SORT_BY_ALIGNMENT(.rel.plt))
                [!provide]                        PROVIDE (__rel_iplt_start = .)
 *(SORT_BY_ALIGNMENT(.rel.iplt))
                [!provide]                        PROVIDE (__rel_iplt_end = .)

.rela.plt       0x0000000000000000        0x0
 *(SORT_BY_ALIGNMENT(.rela.plt))
                [!provide]                        PROVIDE (__rela_iplt_start = .)
 *(SORT_BY_ALIGNMENT(.rela.iplt))
                [!provide]                        PROVIDE (__rela_iplt_end = .)

.rel.dyn
 *(SORT_BY_ALIGNMENT(.rel.*))

.rela.dyn       0x0000000020028000        0x0
 *(SORT_BY_ALIGNMENT(.rela.*))
 .rela.text.cbvprintf_package
                0x0000000020028000        0x0 app/libapp.a(main.c.obj)
 .rela.text.cbprintf_package_convert
                0x0000000020028000        0x0 app/libapp.a(main.c.obj)
 .rela.sdata._char_out
                0x0000000020028000        0x0 app/libapp.a(main.c.obj)
 .rela.text.activate_foreach_backend
                0x0000000020028000        0x0 app/libapp.a(main.c.obj)
 .rela.text.z_log_init
                0x0000000020028000        0x0 app/libapp.a(main.c.obj)
 .rela.text.dropped_notify
                0x0000000020028000        0x0 app/libapp.a(main.c.obj)
 .rela.text.z_impl_log_process
                0x0000000020028000        0x0 app/libapp.a(main.c.obj)
 .rela.text.z_impl_log_panic
                0x0000000020028000        0x0 app/libapp.a(main.c.obj)
 .rela.text.log_process_thread_func
                0x0000000020028000        0x0 app/libapp.a(main.c.obj)
 .rela.text.log_source_name_get
                0x0000000020028000        0x0 app/libapp.a(main.c.obj)
 .rela.text.log_backend_enable
                0x0000000020028000        0x0 app/libapp.a(main.c.obj)
 .rela.text.log_msg_get_source_id
                0x0000000020028000        0x0 app/libapp.a(main.c.obj)
 .rela.text.arch_tls_stack_setup
                0x0000000020028000        0x0 app/libapp.a(main.c.obj)
 .rela.text.walk_stackframe
                0x0000000020028000        0x0 app/libapp.a(main.c.obj)
 .rela.text.malloc_prepare
                0x0000000020028000        0x0 app/libapp.a(main.c.obj)
 .rela.text.bg_thread_main
                0x0000000020028000        0x0 app/libapp.a(main.c.obj)
 .rela.text.z_bss_zero
                0x0000000020028000        0x0 app/libapp.a(main.c.obj)
 .rela.rodata.levels.0
                0x0000000020028000        0x0 app/libapp.a(main.c.obj)

.plt
 *(SORT_BY_ALIGNMENT(.plt))

.iplt
 *(SORT_BY_ALIGNMENT(.iplt))
                0x0000000020028000                __rom_region_start = 0x20028000

rom_start       0x0000000020028000      0x57c
                0x0000000020028000                . = ALIGN (0x10)
 *(SORT_BY_ALIGNMENT(.vectors.*))
 .vectors.__start
                0x0000000020028000       0x20 zephyr/libzephyr.a(vector.S.obj)
                0x0000000020028000                __start
                0x0000000020028100                . = ALIGN (0x100)
 *fill*         0x0000000020028020       0xe0 
 *(SORT_BY_ALIGNMENT(.gnu.linkonce.irq_vector_table*))
 .gnu.linkonce.irq_vector_table
                0x0000000020028100      0x47c zephyr/arch/common/libisr_tables.a(isr_tables.c.obj)
                0x0000000020028100                _irq_vector_table
                0x000000002002857c                _vector_end = .

reset           0x000000002002857c        0x4
 *(SORT_BY_ALIGNMENT(.reset.*))
 .reset.__reset
                0x000000002002857c        0x4 zephyr/arch/arch/riscv/core/libarch__riscv__core.a(reset.S.obj)
                0x000000002002857c                __reset

exceptions      0x0000000020028580      0x1ca
 *(SORT_BY_ALIGNMENT(.exception.entry.*))
 .exception.entry._isr_wrapper
                0x0000000020028580      0x1ae zephyr/arch/arch/riscv/core/libarch__riscv__core.a(isr.S.obj)
                0x0000000020028580                _isr_wrapper
                0x000000002002869a                z_riscv_thread_start
 *(SORT_BY_ALIGNMENT(.exception.other.*))
 *fill*         0x000000002002872e        0x2 
 .exception.other.__soc_save_context
                0x0000000020028730        0xa zephyr/soc/soc/nrf54l15/libsoc__nordic.a(soc_context.S.obj)
                0x0000000020028730                __soc_save_context
 *fill*         0x000000002002873a        0x2 
 .exception.other.__soc_restore_context
                0x000000002002873c        0xa zephyr/soc/soc/nrf54l15/libsoc__nordic.a(soc_context.S.obj)
                0x000000002002873c                __soc_restore_context
 *fill*         0x0000000020028746        0x2 
 .exception.other.__soc_handle_irq
                0x0000000020028748        0x2 zephyr/drivers/interrupt_controller/libdrivers__interrupt_controller.a(intc_nrfx_clic.S.obj)
                0x0000000020028748                __soc_handle_irq

text            0x000000002002874c     0x649e
                0x000000002002874c                . = ALIGN (0x4)
 *(SORT_BY_ALIGNMENT(.openocd_debug))
 *(SORT_BY_ALIGNMENT(.openocd_debug.*))
                0x000000002002874c                __text_region_start = .
 *(SORT_BY_ALIGNMENT(.text))
 .text          0x000000002002874c       0x3c c:/ncs/toolchains/b620d30767/opt/zephyr-sdk/riscv64-zephyr-elf/bin/../lib/gcc/riscv64-zephyr-elf/12.2.0/rv32emc_zicsr/ilp32e\libgcc.a(_clzsi2.o)
                0x000000002002874c                __clzsi2
 .text          0x0000000020028788       0x3c c:/ncs/toolchains/b620d30767/opt/zephyr-sdk/riscv64-zephyr-elf/bin/../lib/gcc/riscv64-zephyr-elf/12.2.0/rv32emc_zicsr/ilp32e\libgcc.a(_ctzsi2.o)
                0x0000000020028788                __ctzsi2
 .text          0x00000000200287c4      0x360 c:/ncs/toolchains/b620d30767/opt/zephyr-sdk/riscv64-zephyr-elf/bin/../lib/gcc/riscv64-zephyr-elf/12.2.0/rv32emc_zicsr/ilp32e\libgcc.a(_udivdi3.o)
                0x00000000200287c4                __udivdi3
 *(SORT_BY_ALIGNMENT(.text.*))
 .text.__initialize
                0x0000000020028b24       0x2a zephyr/arch/arch/riscv/core/libarch__riscv__core.a(reset.S.obj)
                0x0000000020028b24                __initialize
 *fill*         0x0000000020028b4e        0x2 
 .text.z_riscv_switch
                0x0000000020028b50       0x22 zephyr/arch/arch/riscv/core/libarch__riscv__core.a(switch.S.obj)
                0x0000000020028b50                z_riscv_switch
 .text._OffsetAbsSyms
                0x0000000020028b72        0x2 zephyr/CMakeFiles/offsets.dir/./arch/riscv/core/offsets/offsets.c.obj
                0x0000000020028b72                _OffsetAbsSyms
 .text.main     0x0000000020028b74       0x66 app/libapp.a(main.c.obj)
                0x0000000020028b74                main
 .text.chunk_field
                0x0000000020028bda       0x1e zephyr/libzephyr.a(heap.c.obj)
 .text.chunk_set
                0x0000000020028bf8       0x1e zephyr/libzephyr.a(heap.c.obj)
 .text.chunk_size
                0x0000000020028c16       0x10 zephyr/libzephyr.a(heap.c.obj)
 .text.set_chunk_used
                0x0000000020028c26       0x30 zephyr/libzephyr.a(heap.c.obj)
 .text.set_chunk_size
                0x0000000020028c56        0x8 zephyr/libzephyr.a(heap.c.obj)
 .text.bucket_idx.isra.0
                0x0000000020028c5e       0x28 zephyr/libzephyr.a(heap.c.obj)
 .text.free_list_add
                0x0000000020028c86       0x96 zephyr/libzephyr.a(heap.c.obj)
 .text.sys_heap_init
                0x0000000020028d1c       0xb4 zephyr/libzephyr.a(heap.c.obj)
                0x0000000020028d1c                sys_heap_init
 .text.cbvprintf_package
                0x0000000020028dd0      0x47a zephyr/libzephyr.a(cbprintf_packaged.c.obj)
                0x0000000020028dd0                cbvprintf_package
 .text.cbpprintf_external
                0x000000002002924a       0x94 zephyr/libzephyr.a(cbprintf_packaged.c.obj)
                0x000000002002924a                cbpprintf_external
 .text.is_ptr   0x00000000200292de       0x64 zephyr/libzephyr.a(cbprintf_packaged.c.obj)
                0x00000000200292de                is_ptr
 .text.cbprintf_package_convert
                0x0000000020029342      0x5e2 zephyr/libzephyr.a(cbprintf_packaged.c.obj)
                0x0000000020029342                cbprintf_package_convert
 .text.arch_printk_char_out
                0x0000000020029924        0x4 zephyr/libzephyr.a(printk.c.obj)
                0x0000000020029924                arch_printk_char_out
 .text.__printk_hook_install
                0x0000000020029928        0xa zephyr/libzephyr.a(printk.c.obj)
                0x0000000020029928                __printk_hook_install
 .text.printk   0x0000000020029932       0x1e zephyr/libzephyr.a(printk.c.obj)
                0x0000000020029932                printk
 .text.z_thread_entry
                0x0000000020029950       0x28 zephyr/libzephyr.a(thread_entry.c.obj)
                0x0000000020029950                z_thread_entry
 .text.free_space
                0x0000000020029978       0x26 zephyr/libzephyr.a(mpsc_pbuf.c.obj)
 .text.get_usage
                0x000000002002999e       0x28 zephyr/libzephyr.a(mpsc_pbuf.c.obj)
 .text.idx_inc  0x00000000200299c6       0x1c zephyr/libzephyr.a(mpsc_pbuf.c.obj)
 .text.rd_idx_inc
                0x00000000200299e2       0x1e zephyr/libzephyr.a(mpsc_pbuf.c.obj)
 .text.add_skip_item
                0x0000000020029a00       0x44 zephyr/libzephyr.a(mpsc_pbuf.c.obj)
 .text.drop_item_locked
                0x0000000020029a44       0xee zephyr/libzephyr.a(mpsc_pbuf.c.obj)
 .text.post_drop_action
                0x0000000020029b32       0x46 zephyr/libzephyr.a(mpsc_pbuf.c.obj)
 .text.max_utilization_update
                0x0000000020029b78       0x2a zephyr/libzephyr.a(mpsc_pbuf.c.obj)
 .text.mpsc_pbuf_init
                0x0000000020029ba2       0x4e zephyr/libzephyr.a(mpsc_pbuf.c.obj)
                0x0000000020029ba2                mpsc_pbuf_init
 .text.mpsc_pbuf_alloc
                0x0000000020029bf0       0xec zephyr/libzephyr.a(mpsc_pbuf.c.obj)
                0x0000000020029bf0                mpsc_pbuf_alloc
 .text.mpsc_pbuf_commit
                0x0000000020029cdc       0x40 zephyr/libzephyr.a(mpsc_pbuf.c.obj)
                0x0000000020029cdc                mpsc_pbuf_commit
 .text.mpsc_pbuf_claim
                0x0000000020029d1c       0x9e zephyr/libzephyr.a(mpsc_pbuf.c.obj)
                0x0000000020029d1c                mpsc_pbuf_claim
 .text.mpsc_pbuf_free
                0x0000000020029dba       0x74 zephyr/libzephyr.a(mpsc_pbuf.c.obj)
                0x0000000020029dba                mpsc_pbuf_free
 .text.mpsc_pbuf_is_pending
                0x0000000020029e2e       0x26 zephyr/libzephyr.a(mpsc_pbuf.c.obj)
                0x0000000020029e2e                mpsc_pbuf_is_pending
 .text._ConfigAbsSyms
                0x0000000020029e54        0x2 zephyr/libzephyr.a(configs.c.obj)
                0x0000000020029e54                _ConfigAbsSyms
 .text.arch_irq_enable
                0x0000000020029e56        0x4 zephyr/libzephyr.a(soc_common_irq.c.obj)
                0x0000000020029e56                arch_irq_enable
 .text.z_riscv_irq_priority_set
                0x0000000020029e5a        0x4 zephyr/libzephyr.a(soc_common_irq.c.obj)
                0x0000000020029e5a                z_riscv_irq_priority_set
 .text.log_msg_generic_get_wlen
                0x0000000020029e5e       0x22 zephyr/libzephyr.a(log_core.c.obj)
 .text.dummy_timestamp
                0x0000000020029e80        0x4 zephyr/libzephyr.a(log_core.c.obj)
 .text.default_get_timestamp
                0x0000000020029e84        0x4 zephyr/libzephyr.a(log_core.c.obj)
 .text.activate_foreach_backend
                0x0000000020029e88       0x76 zephyr/libzephyr.a(log_core.c.obj)
 .text.atomic_inc
                0x0000000020029efe        0x6 zephyr/libzephyr.a(log_core.c.obj)
 .text.enable_logger
                0x0000000020029f04       0x70 zephyr/libzephyr.a(log_core.c.obj)
 .text.log_process_thread_timer_expiry_fn
                0x0000000020029f74        0xc zephyr/libzephyr.a(log_core.c.obj)
 .text.z_log_init
                0x0000000020029f80       0x9a zephyr/libzephyr.a(log_core.c.obj)
 .text.log_format_func_t_get
                0x000000002002a01a       0x10 zephyr/libzephyr.a(log_core.c.obj)
                0x000000002002a01a                log_format_func_t_get
 .text.z_log_vprintk
                0x000000002002a02a       0x1e zephyr/libzephyr.a(log_core.c.obj)
                0x000000002002a02a                z_log_vprintk
 .text.log_set_timestamp_func
                0x000000002002a048       0x22 zephyr/libzephyr.a(log_core.c.obj)
                0x000000002002a048                log_set_timestamp_func
 .text.z_log_notify_backend_enabled
                0x000000002002a06a       0x2a zephyr/libzephyr.a(log_core.c.obj)
                0x000000002002a06a                z_log_notify_backend_enabled
 .text.z_log_dropped
                0x000000002002a094       0x40 zephyr/libzephyr.a(log_core.c.obj)
                0x000000002002a094                z_log_dropped
 .text.z_log_notify_drop
                0x000000002002a0d4        0x4 zephyr/libzephyr.a(log_core.c.obj)
 .text.z_log_dropped_read_and_clear
                0x000000002002a0d8        0xe zephyr/libzephyr.a(log_core.c.obj)
                0x000000002002a0d8                z_log_dropped_read_and_clear
 .text.dropped_notify
                0x000000002002a0e6       0x44 zephyr/libzephyr.a(log_core.c.obj)
                0x000000002002a0e6                dropped_notify
 .text.z_log_msg_init
                0x000000002002a12a       0x2c zephyr/libzephyr.a(log_core.c.obj)
                0x000000002002a12a                z_log_msg_init
 .text.log_core_init
                0x000000002002a156       0x34 zephyr/libzephyr.a(log_core.c.obj)
                0x000000002002a156                log_core_init
 .text.z_log_msg_alloc
                0x000000002002a18a       0x10 zephyr/libzephyr.a(log_core.c.obj)
                0x000000002002a18a                z_log_msg_alloc
 .text.z_log_msg_local_claim
                0x000000002002a19a        0xa zephyr/libzephyr.a(log_core.c.obj)
                0x000000002002a19a                z_log_msg_local_claim
 .text.z_log_msg_free
                0x000000002002a1a4        0xc zephyr/libzephyr.a(log_core.c.obj)
                0x000000002002a1a4                z_log_msg_free
 .text.z_log_msg_pending
                0x000000002002a1b0        0xa zephyr/libzephyr.a(log_core.c.obj)
                0x000000002002a1b0                z_log_msg_pending
 .text.z_impl_log_process
                0x000000002002a1ba       0xd2 zephyr/libzephyr.a(log_core.c.obj)
                0x000000002002a1ba                z_impl_log_process
 .text.z_impl_log_panic
                0x000000002002a28c       0x5c zephyr/libzephyr.a(log_core.c.obj)
                0x000000002002a28c                z_impl_log_panic
 .text.log_process_thread_func
                0x000000002002a2e8       0xac zephyr/libzephyr.a(log_core.c.obj)
 .text.z_log_msg_post_finalize
                0x000000002002a394       0x7c zephyr/libzephyr.a(log_core.c.obj)
 .text.z_log_msg_commit
                0x000000002002a410       0x26 zephyr/libzephyr.a(log_core.c.obj)
                0x000000002002a410                z_log_msg_commit
 .text.z_log_get_tag
                0x000000002002a436        0x4 zephyr/libzephyr.a(log_core.c.obj)
                0x000000002002a436                z_log_get_tag
 .text.log_source_name_get
                0x000000002002a43a       0x22 zephyr/libzephyr.a(log_mgmt.c.obj)
                0x000000002002a43a                log_source_name_get
 .text.log_backend_enable
                0x000000002002a45c       0x2a zephyr/libzephyr.a(log_mgmt.c.obj)
                0x000000002002a45c                log_backend_enable
 .text.z_cbprintf_cpy
                0x000000002002a486       0x3a zephyr/libzephyr.a(log_msg.c.obj)
 .text.z_log_msg_finalize
                0x000000002002a4c0       0x3c zephyr/libzephyr.a(log_msg.c.obj)
                0x000000002002a4c0                z_log_msg_finalize
 .text.z_log_msg_simple_create
                0x000000002002a4fc       0x7a zephyr/libzephyr.a(log_msg.c.obj)
 .text.z_impl_z_log_msg_simple_create_0
                0x000000002002a576       0x12 zephyr/libzephyr.a(log_msg.c.obj)
                0x000000002002a576                z_impl_z_log_msg_simple_create_0
 .text.z_impl_z_log_msg_simple_create_1
                0x000000002002a588       0x14 zephyr/libzephyr.a(log_msg.c.obj)
                0x000000002002a588                z_impl_z_log_msg_simple_create_1
 .text.z_impl_z_log_msg_simple_create_2
                0x000000002002a59c       0x16 zephyr/libzephyr.a(log_msg.c.obj)
                0x000000002002a59c                z_impl_z_log_msg_simple_create_2
 .text.z_impl_z_log_msg_static_create
                0x000000002002a5b2      0x184 zephyr/libzephyr.a(log_msg.c.obj)
                0x000000002002a5b2                z_impl_z_log_msg_static_create
 .text.z_log_msg_runtime_vcreate
                0x000000002002a736       0xba zephyr/libzephyr.a(log_msg.c.obj)
                0x000000002002a736                z_log_msg_runtime_vcreate
 .text.log_msg_get_source_id
                0x000000002002a7f0       0x1a zephyr/libzephyr.a(log_msg.c.obj)
                0x000000002002a7f0                log_msg_get_source_id
 .text.log_output_write
                0x000000002002a80a       0x30 zephyr/libzephyr.a(log_output.c.obj)
 .text.log_output_flush
                0x000000002002a83a       0x22 zephyr/libzephyr.a(log_output.c.obj)
 .text.print_formatted
                0x000000002002a85c       0x26 zephyr/libzephyr.a(log_output.c.obj)
 .text.newline_print
                0x000000002002a882       0x22 zephyr/libzephyr.a(log_output.c.obj)
 .text.out_func
                0x000000002002a8a4       0x36 zephyr/libzephyr.a(log_output.c.obj)
 .text.cr_out_func
                0x000000002002a8da       0x28 zephyr/libzephyr.a(log_output.c.obj)
 .text.log_output_process
                0x000000002002a902      0x2f8 zephyr/libzephyr.a(log_output.c.obj)
                0x000000002002a902                log_output_process
 .text.log_output_msg_process
                0x000000002002abfa       0x72 zephyr/libzephyr.a(log_output.c.obj)
                0x000000002002abfa                log_output_msg_process
 .text.log_output_dropped_process
                0x000000002002ac6c       0x6e zephyr/libzephyr.a(log_output.c.obj)
                0x000000002002ac6c                log_output_dropped_process
 .text.log_output_timestamp_freq_set
                0x000000002002acda       0x2e zephyr/libzephyr.a(log_output.c.obj)
                0x000000002002acda                log_output_timestamp_freq_set
 .text.format_set
                0x000000002002ad08        0xc zephyr/libzephyr.a(log_backend_uart.c.obj)
 .text.log_backend_uart_init
                0x000000002002ad14        0xc zephyr/libzephyr.a(log_backend_uart.c.obj)
 .text.panic    0x000000002002ad20       0x4a zephyr/libzephyr.a(log_backend_uart.c.obj)
 .text.dropped  0x000000002002ad6a        0x8 zephyr/libzephyr.a(log_backend_uart.c.obj)
 .text.process  0x000000002002ad72       0x24 zephyr/libzephyr.a(log_backend_uart.c.obj)
 .text.char_out
                0x000000002002ad96       0x3e zephyr/libzephyr.a(log_backend_uart.c.obj)
 .text.sys_trace_idle
                0x000000002002add4        0x2 zephyr/libzephyr.a(tracing_none.c.obj)
                0x000000002002add4                sys_trace_idle
 .text.boot_banner
                0x000000002002add6       0x20 zephyr/libzephyr.a(banner.c.obj)
                0x000000002002add6                boot_banner
 .text.z_log_msg_simple_create_1.constprop.0
                0x000000002002adf6        0xa zephyr/arch/arch/riscv/core/libarch__riscv__core.a(fatal.c.obj)
 .text.z_riscv_get_sp_before_exc
                0x000000002002ae00        0x6 zephyr/arch/arch/riscv/core/libarch__riscv__core.a(fatal.c.obj)
                0x000000002002ae00                z_riscv_get_sp_before_exc
 .text.z_riscv_fatal_error_csf
                0x000000002002ae06      0x1ec zephyr/arch/arch/riscv/core/libarch__riscv__core.a(fatal.c.obj)
                0x000000002002ae06                z_riscv_fatal_error_csf
 .text.z_riscv_fatal_error
                0x000000002002aff2        0x8 zephyr/arch/arch/riscv/core/libarch__riscv__core.a(fatal.c.obj)
                0x000000002002aff2                z_riscv_fatal_error
 .text._Fault   0x000000002002affa        0xa zephyr/arch/arch/riscv/core/libarch__riscv__core.a(fatal.c.obj)
                0x000000002002affa                _Fault
 .text.z_irq_spurious
                0x000000002002b004       0x28 zephyr/arch/arch/riscv/core/libarch__riscv__core.a(irq_manage.c.obj)
                0x000000002002b004                z_irq_spurious
 .text.z_prep_c
                0x000000002002b02c        0xc zephyr/arch/arch/riscv/core/libarch__riscv__core.a(prep_c.c.obj)
                0x000000002002b02c                z_prep_c
 .text.arch_new_thread
                0x000000002002b038       0x5c zephyr/arch/arch/riscv/core/libarch__riscv__core.a(thread.c.obj)
                0x000000002002b038                arch_new_thread
 .text.arch_tls_stack_setup
                0x000000002002b094       0x4c zephyr/arch/arch/riscv/core/libarch__riscv__core.a(tls.c.obj)
                0x000000002002b094                arch_tls_stack_setup
 .text.in_stack_bound
                0x000000002002b0e0       0x20 zephyr/arch/arch/riscv/core/libarch__riscv__core.a(stacktrace.c.obj)
 .text.walk_stackframe
                0x000000002002b100       0xb0 zephyr/arch/arch/riscv/core/libarch__riscv__core.a(stacktrace.c.obj)
 .text.in_fatal_stack_bound
                0x000000002002b1b0       0x36 zephyr/arch/arch/riscv/core/libarch__riscv__core.a(stacktrace.c.obj)
 .text.print_trace_address
                0x000000002002b1e6       0x54 zephyr/arch/arch/riscv/core/libarch__riscv__core.a(stacktrace.c.obj)
 .text.z_riscv_unwind_stack
                0x000000002002b23a       0x5e zephyr/arch/arch/riscv/core/libarch__riscv__core.a(stacktrace.c.obj)
                0x000000002002b23a                z_riscv_unwind_stack
 .text.cbputc   0x000000002002b298       0x12 zephyr/lib/libc/picolibc/liblib__libc__picolibc.a(libc-hooks.c.obj)
 .text.z_impl_zephyr_fputc
                0x000000002002b2aa       0x16 zephyr/lib/libc/picolibc/liblib__libc__picolibc.a(libc-hooks.c.obj)
                0x000000002002b2aa                z_impl_zephyr_fputc
 .text.picolibc_put
                0x000000002002b2c0        0xe zephyr/lib/libc/picolibc/liblib__libc__picolibc.a(libc-hooks.c.obj)
 .text.__stdout_hook_install
                0x000000002002b2ce       0x1e zephyr/lib/libc/picolibc/liblib__libc__picolibc.a(libc-hooks.c.obj)
                0x000000002002b2ce                __stdout_hook_install
 .text.cbvprintf
                0x000000002002b2ec       0x36 zephyr/lib/libc/picolibc/liblib__libc__picolibc.a(libc-hooks.c.obj)
                0x000000002002b2ec                cbvprintf
 .text.malloc_prepare
                0x000000002002b322       0x28 zephyr/lib/libc/common/liblib__libc__common.a(malloc.c.obj)
 .text.nordicsemi_nrf54l_init
                0x000000002002b34a       0x10 zephyr/soc/soc/nrf54l15/libsoc__nordic.a(soc.c.obj)
                0x000000002002b34a                nordicsemi_nrf54l_init
 .text.arch_cpu_idle
                0x000000002002b35a       0x1c zephyr/soc/soc/nrf54l15/libsoc__nordic.a(soc_idle.c.obj)
                0x000000002002b35a                arch_cpu_idle
 .text.vpr_init
                0x000000002002b376       0x1c zephyr/soc/soc/nrf54l15/libsoc__nordic.a(soc_init.c.obj)
 .text.riscv_clic_irq_enable
                0x000000002002b392       0x12 zephyr/drivers/interrupt_controller/libdrivers__interrupt_controller.a(intc_nrfx_clic.c.obj)
                0x000000002002b392                riscv_clic_irq_enable
 .text.riscv_clic_irq_priority_set
                0x000000002002b3a4       0x24 zephyr/drivers/interrupt_controller/libdrivers__interrupt_controller.a(intc_nrfx_clic.c.obj)
                0x000000002002b3a4                riscv_clic_irq_priority_set
 .text.uart_console_init
                0x000000002002b3c8       0x34 zephyr/drivers/console/libdrivers__console.a(uart_console.c.obj)
 .text.console_out
                0x000000002002b3fc       0x42 zephyr/drivers/console/libdrivers__console.a(uart_console.c.obj)
 .text.gpio_nrfx_port_get_raw
                0x000000002002b43e        0xc zephyr/drivers/gpio/libdrivers__gpio.a(gpio_nrfx.c.obj)
 .text.gpio_nrfx_port_set_masked_raw
                0x000000002002b44a       0x14 zephyr/drivers/gpio/libdrivers__gpio.a(gpio_nrfx.c.obj)
 .text.gpio_nrfx_port_set_bits_raw
                0x000000002002b45e        0xa zephyr/drivers/gpio/libdrivers__gpio.a(gpio_nrfx.c.obj)
 .text.gpio_nrfx_port_clear_bits_raw
                0x000000002002b468        0xa zephyr/drivers/gpio/libdrivers__gpio.a(gpio_nrfx.c.obj)
 .text.gpio_nrfx_port_toggle_bits
                0x000000002002b472       0x1a zephyr/drivers/gpio/libdrivers__gpio.a(gpio_nrfx.c.obj)
 .text.gpio_nrfx_manage_callback
                0x000000002002b48c       0x4a zephyr/drivers/gpio/libdrivers__gpio.a(gpio_nrfx.c.obj)
 .text.gpio_nrfx_pin_interrupt_configure
                0x000000002002b4d6      0x112 zephyr/drivers/gpio/libdrivers__gpio.a(gpio_nrfx.c.obj)
 .text.gpio_nrfx_pin_configure
                0x000000002002b5e8      0x1b0 zephyr/drivers/gpio/libdrivers__gpio.a(gpio_nrfx.c.obj)
 .text.gpio_nrfx_init
                0x000000002002b798       0x5c zephyr/drivers/gpio/libdrivers__gpio.a(gpio_nrfx.c.obj)
 .text.nrfx_gpio_handler
                0x000000002002b7f4       0x6c zephyr/drivers/gpio/libdrivers__gpio.a(gpio_nrfx.c.obj)
 .text.pinctrl_lookup_state
                0x000000002002b860       0x26 zephyr/drivers/pinctrl/libdrivers__pinctrl.a(common.c.obj)
                0x000000002002b860                pinctrl_lookup_state
 .text.pinctrl_configure_pins
                0x000000002002b886      0x1be zephyr/drivers/pinctrl/libdrivers__pinctrl.a(pinctrl_nrf.c.obj)
                0x000000002002b886                pinctrl_configure_pins
 .text.uarte_nrfx_isr_int
                0x000000002002ba44        0xa zephyr/drivers/serial/libdrivers__serial.a(uart_nrfx_uarte.c.obj)
 .text.uarte_nrfx_err_check
                0x000000002002ba4e        0xe zephyr/drivers/serial/libdrivers__serial.a(uart_nrfx_uarte.c.obj)
 .text.uarte_nrfx_poll_in
                0x000000002002ba5c       0x28 zephyr/drivers/serial/libdrivers__serial.a(uart_nrfx_uarte.c.obj)
 .text.uarte_30_init
                0x000000002002ba84       0xc2 zephyr/drivers/serial/libdrivers__serial.a(uart_nrfx_uarte.c.obj)
 .text.uarte_nrfx_poll_out
                0x000000002002bb46       0xa8 zephyr/drivers/serial/libdrivers__serial.a(uart_nrfx_uarte.c.obj)
 .text.sys_clock_timeout_handler
                0x000000002002bbee       0x76 zephyr/drivers/timer/libdrivers__timer.a(nrf_grtc_timer.c.obj)
 .text.sys_clock_driver_init
                0x000000002002bc64       0x4c zephyr/drivers/timer/libdrivers__timer.a(nrf_grtc_timer.c.obj)
 .text.sys_clock_cycle_get_32
                0x000000002002bcb0       0x2a zephyr/drivers/timer/libdrivers__timer.a(nrf_grtc_timer.c.obj)
                0x000000002002bcb0                sys_clock_cycle_get_32
 .text.sys_clock_elapsed
                0x000000002002bcda       0x3c zephyr/drivers/timer/libdrivers__timer.a(nrf_grtc_timer.c.obj)
                0x000000002002bcda                sys_clock_elapsed
 .text.sys_clock_set_timeout
                0x000000002002bd16       0x96 zephyr/drivers/timer/libdrivers__timer.a(nrf_grtc_timer.c.obj)
                0x000000002002bd16                sys_clock_set_timeout
 .text.SystemCoreClockUpdate
                0x000000002002bdac       0x2c modules/hal_nordic/nrfx/libmodules__hal_nordic__nrfx.a(system_nrf54l.c.obj)
                0x000000002002bdac                SystemCoreClockUpdate
 .text.nrfx_isr
                0x000000002002bdd8        0x2 modules/hal_nordic/nrfx/libmodules__hal_nordic__nrfx.a(nrfx_glue.c.obj)
                0x000000002002bdd8                nrfx_isr
 .text.nrfx_busy_wait
                0x000000002002bdda        0x4 modules/hal_nordic/nrfx/libmodules__hal_nordic__nrfx.a(nrfx_glue.c.obj)
                0x000000002002bdda                nrfx_busy_wait
 .text.nrfx_flag32_alloc
                0x000000002002bdde       0x54 modules/hal_nordic/nrfx/libmodules__hal_nordic__nrfx.a(nrfx_flag32_allocator.c.obj)
                0x000000002002bdde                nrfx_flag32_alloc
 .text.nrfx_flag32_free
                0x000000002002be32       0x3e modules/hal_nordic/nrfx/libmodules__hal_nordic__nrfx.a(nrfx_flag32_allocator.c.obj)
                0x000000002002be32                nrfx_flag32_free
 .text.get_pin_idx
                0x000000002002be70       0x1c modules/hal_nordic/nrfx/libmodules__hal_nordic__nrfx.a(nrfx_gpiote.c.obj)
 .text.call_handler
                0x000000002002be8c       0x54 modules/hal_nordic/nrfx/libmodules__hal_nordic__nrfx.a(nrfx_gpiote.c.obj)
 .text.latch_pending_read_and_check
                0x000000002002bee0       0x74 modules/hal_nordic/nrfx/libmodules__hal_nordic__nrfx.a(nrfx_gpiote.c.obj)
 .text.release_handler
                0x000000002002bf54       0xaa modules/hal_nordic/nrfx/libmodules__hal_nordic__nrfx.a(nrfx_gpiote.c.obj)
 .text.irq_handler
                0x000000002002bffe      0x2f4 modules/hal_nordic/nrfx/libmodules__hal_nordic__nrfx.a(nrfx_gpiote.c.obj)
 .text.pin_te_get.isra.0
                0x000000002002c2f2       0x34 modules/hal_nordic/nrfx/libmodules__hal_nordic__nrfx.a(nrfx_gpiote.c.obj)
 .text.pin_is_output.isra.0
                0x000000002002c326       0x36 modules/hal_nordic/nrfx/libmodules__hal_nordic__nrfx.a(nrfx_gpiote.c.obj)
 .text.pin_in_use_by_te.isra.0
                0x000000002002c35c       0x36 modules/hal_nordic/nrfx/libmodules__hal_nordic__nrfx.a(nrfx_gpiote.c.obj)
 .text.pin_trigger_disable
                0x000000002002c392       0x96 modules/hal_nordic/nrfx/libmodules__hal_nordic__nrfx.a(nrfx_gpiote.c.obj)
 .text.pin_uninit
                0x000000002002c428       0xec modules/hal_nordic/nrfx/libmodules__hal_nordic__nrfx.a(nrfx_gpiote.c.obj)
 .text.nrfx_gpiote_input_configure
                0x000000002002c514      0x2ba modules/hal_nordic/nrfx/libmodules__hal_nordic__nrfx.a(nrfx_gpiote.c.obj)
                0x000000002002c514                nrfx_gpiote_input_configure
 .text.nrfx_gpiote_output_configure
                0x000000002002c7ce      0x1ca modules/hal_nordic/nrfx/libmodules__hal_nordic__nrfx.a(nrfx_gpiote.c.obj)
                0x000000002002c7ce                nrfx_gpiote_output_configure
 .text.nrfx_gpiote_global_callback_set
                0x000000002002c998       0x26 modules/hal_nordic/nrfx/libmodules__hal_nordic__nrfx.a(nrfx_gpiote.c.obj)
                0x000000002002c998                nrfx_gpiote_global_callback_set
 .text.nrfx_gpiote_channel_get
                0x000000002002c9be       0x56 modules/hal_nordic/nrfx/libmodules__hal_nordic__nrfx.a(nrfx_gpiote.c.obj)
                0x000000002002c9be                nrfx_gpiote_channel_get
 .text.nrfx_gpiote_init
                0x000000002002ca14       0xaa modules/hal_nordic/nrfx/libmodules__hal_nordic__nrfx.a(nrfx_gpiote.c.obj)
                0x000000002002ca14                nrfx_gpiote_init
 .text.nrfx_gpiote_init_check
                0x000000002002cabe       0x1e modules/hal_nordic/nrfx/libmodules__hal_nordic__nrfx.a(nrfx_gpiote.c.obj)
                0x000000002002cabe                nrfx_gpiote_init_check
 .text.nrfx_gpiote_pin_uninit
                0x000000002002cadc        0x4 modules/hal_nordic/nrfx/libmodules__hal_nordic__nrfx.a(nrfx_gpiote.c.obj)
                0x000000002002cadc                nrfx_gpiote_pin_uninit
 .text.nrfx_gpiote_channel_free
                0x000000002002cae0       0x1e modules/hal_nordic/nrfx/libmodules__hal_nordic__nrfx.a(nrfx_gpiote.c.obj)
                0x000000002002cae0                nrfx_gpiote_channel_free
 .text.nrfx_gpiote_channel_alloc
                0x000000002002cafe       0x1e modules/hal_nordic/nrfx/libmodules__hal_nordic__nrfx.a(nrfx_gpiote.c.obj)
                0x000000002002cafe                nrfx_gpiote_channel_alloc
 .text.nrfx_gpiote_trigger_enable
                0x000000002002cb1c      0x142 modules/hal_nordic/nrfx/libmodules__hal_nordic__nrfx.a(nrfx_gpiote.c.obj)
                0x000000002002cb1c                nrfx_gpiote_trigger_enable
 .text.nrfx_gpiote_trigger_disable
                0x000000002002cc5e        0x4 modules/hal_nordic/nrfx/libmodules__hal_nordic__nrfx.a(nrfx_gpiote.c.obj)
                0x000000002002cc5e                nrfx_gpiote_trigger_disable
 .text.nrfx_gpiote_20_irq_handler
                0x000000002002cc62       0x10 modules/hal_nordic/nrfx/libmodules__hal_nordic__nrfx.a(nrfx_gpiote.c.obj)
                0x000000002002cc62                nrfx_gpiote_20_irq_handler
 .text.nrfx_gpiote_30_irq_handler
                0x000000002002cc72       0x10 modules/hal_nordic/nrfx/libmodules__hal_nordic__nrfx.a(nrfx_gpiote.c.obj)
                0x000000002002cc72                nrfx_gpiote_30_irq_handler
 .text.cc_channel_prepare
                0x000000002002cc82       0x82 modules/hal_nordic/nrfx/libmodules__hal_nordic__nrfx.a(nrfx_grtc.c.obj)
 .text.syscounter_check
                0x000000002002cd04       0x36 modules/hal_nordic/nrfx/libmodules__hal_nordic__nrfx.a(nrfx_grtc.c.obj)
 .text.nrfx_grtc_syscounter_get
                0x000000002002cd3a       0x4a modules/hal_nordic/nrfx/libmodules__hal_nordic__nrfx.a(nrfx_grtc.c.obj)
                0x000000002002cd3a                nrfx_grtc_syscounter_get
 .text.nrfx_grtc_channel_alloc
                0x000000002002cd84        0xe modules/hal_nordic/nrfx/libmodules__hal_nordic__nrfx.a(nrfx_grtc.c.obj)
                0x000000002002cd84                nrfx_grtc_channel_alloc
 .text.nrfx_grtc_init
                0x000000002002cd92       0x98 modules/hal_nordic/nrfx/libmodules__hal_nordic__nrfx.a(nrfx_grtc.c.obj)
                0x000000002002cd92                nrfx_grtc_init
 .text.nrfx_grtc_syscounter_cc_absolute_set
                0x000000002002ce2a       0x8a modules/hal_nordic/nrfx/libmodules__hal_nordic__nrfx.a(nrfx_grtc.c.obj)
                0x000000002002ce2a                nrfx_grtc_syscounter_cc_absolute_set
 .text.nrfx_grtc_irq_handler
                0x000000002002ceb4       0xda modules/hal_nordic/nrfx/libmodules__hal_nordic__nrfx.a(nrfx_grtc.c.obj)
                0x000000002002ceb4                nrfx_grtc_irq_handler
 .text.z_impl_k_busy_wait
                0x000000002002cf8e       0x2a zephyr/kernel/libkernel.a(busy_wait.c.obj)
                0x000000002002cf8e                z_impl_k_busy_wait
 .text.z_device_state_init
                0x000000002002cfb8        0x2 zephyr/kernel/libkernel.a(device.c.obj)
                0x000000002002cfb8                z_device_state_init
 .text.z_impl_device_is_ready
                0x000000002002cfba       0x1c zephyr/kernel/libkernel.a(device.c.obj)
                0x000000002002cfba                z_impl_device_is_ready
 .text.arch_system_halt
                0x000000002002cfd6        0x6 zephyr/kernel/libkernel.a(fatal.c.obj)
                0x000000002002cfd6                arch_system_halt
 .text.k_sys_fatal_error_handler
                0x000000002002cfdc       0x26 zephyr/kernel/libkernel.a(fatal.c.obj)
                0x000000002002cfdc                k_sys_fatal_error_handler
 .text.z_fatal_error
                0x000000002002d002      0x122 zephyr/kernel/libkernel.a(fatal.c.obj)
                0x000000002002d002                z_fatal_error
 .text.do_device_init
                0x000000002002d124       0x46 zephyr/kernel/libkernel.a(init.c.obj)
 .text.z_sys_init_run_level
                0x000000002002d16a       0x40 zephyr/kernel/libkernel.a(init.c.obj)
 .text.bg_thread_main
                0x000000002002d1aa       0xd6 zephyr/kernel/libkernel.a(init.c.obj)
 .text.z_early_memset
                0x000000002002d280        0x4 zephyr/kernel/libkernel.a(init.c.obj)
                0x000000002002d280                z_early_memset
 .text.z_bss_zero
                0x000000002002d284       0x1c zephyr/kernel/libkernel.a(init.c.obj)
                0x000000002002d284                z_bss_zero
 .text.z_init_cpu
                0x000000002002d2a0       0x88 zephyr/kernel/libkernel.a(init.c.obj)
                0x000000002002d2a0                z_init_cpu
 .text.z_cstart
                0x000000002002d328       0xda zephyr/kernel/libkernel.a(init.c.obj)
                0x000000002002d328                z_cstart
 .text.z_init_static
                0x000000002002d402        0x2 zephyr/kernel/libkernel.a(init_static.c.obj)
                0x000000002002d402                z_init_static
 .text.idle     0x000000002002d404        0xe zephyr/kernel/libkernel.a(idle.c.obj)
                0x000000002002d404                idle
 .text.z_impl_k_sem_init
                0x000000002002d412       0x18 zephyr/kernel/libkernel.a(sem.c.obj)
                0x000000002002d412                z_impl_k_sem_init
 .text.z_impl_k_sem_give
                0x000000002002d42a       0x4a zephyr/kernel/libkernel.a(sem.c.obj)
                0x000000002002d42a                z_impl_k_sem_give
 .text.z_impl_k_sem_take
                0x000000002002d474       0x36 zephyr/kernel/libkernel.a(sem.c.obj)
                0x000000002002d474                z_impl_k_sem_take
 .text.k_is_in_isr
                0x000000002002d4aa        0xe zephyr/kernel/libkernel.a(thread.c.obj)
                0x000000002002d4aa                k_is_in_isr
 .text.z_impl_k_thread_name_set
                0x000000002002d4b8        0x6 zephyr/kernel/libkernel.a(thread.c.obj)
                0x000000002002d4b8                z_impl_k_thread_name_set
 .text.k_thread_name_get
                0x000000002002d4be        0x4 zephyr/kernel/libkernel.a(thread.c.obj)
                0x000000002002d4be                k_thread_name_get
 .text.z_impl_k_thread_start
                0x000000002002d4c2        0x2 zephyr/kernel/libkernel.a(thread.c.obj)
                0x000000002002d4c2                z_impl_k_thread_start
 .text.z_setup_new_thread
                0x000000002002d4c4       0x98 zephyr/kernel/libkernel.a(thread.c.obj)
                0x000000002002d4c4                z_setup_new_thread
 .text.z_impl_k_thread_create
                0x000000002002d55c       0x58 zephyr/kernel/libkernel.a(thread.c.obj)
                0x000000002002d55c                z_impl_k_thread_create
 .text.sys_dlist_remove
                0x000000002002d5b4       0x12 zephyr/kernel/libkernel.a(sched.c.obj)
 .text.unpend_thread_no_timeout
                0x000000002002d5c6       0x20 zephyr/kernel/libkernel.a(sched.c.obj)
 .text.update_cache
                0x000000002002d5e6       0x56 zephyr/kernel/libkernel.a(sched.c.obj)
 .text.unready_thread
                0x000000002002d63c       0x38 zephyr/kernel/libkernel.a(sched.c.obj)
 .text.z_swap   0x000000002002d674       0x5c zephyr/kernel/libkernel.a(sched.c.obj)
 .text.ready_thread
                0x000000002002d6d0       0x74 zephyr/kernel/libkernel.a(sched.c.obj)
 .text.z_thread_halt
                0x000000002002d744      0x116 zephyr/kernel/libkernel.a(sched.c.obj)
 .text.add_to_waitq_locked
                0x000000002002d85a       0x60 zephyr/kernel/libkernel.a(sched.c.obj)
 .text.move_thread_to_end_of_prio_q
                0x000000002002d8ba       0x8c zephyr/kernel/libkernel.a(sched.c.obj)
                0x000000002002d8ba                move_thread_to_end_of_prio_q
 .text.z_ready_thread
                0x000000002002d946       0x1c zephyr/kernel/libkernel.a(sched.c.obj)
                0x000000002002d946                z_ready_thread
 .text.z_impl_k_thread_suspend
                0x000000002002d962       0x36 zephyr/kernel/libkernel.a(sched.c.obj)
                0x000000002002d962                z_impl_k_thread_suspend
 .text.z_unpend_thread_no_timeout
                0x000000002002d998       0x20 zephyr/kernel/libkernel.a(sched.c.obj)
                0x000000002002d998                z_unpend_thread_no_timeout
 .text.z_sched_wake_thread
                0x000000002002d9b8       0x4c zephyr/kernel/libkernel.a(sched.c.obj)
                0x000000002002d9b8                z_sched_wake_thread
 .text.z_thread_timeout
                0x000000002002da04        0x6 zephyr/kernel/libkernel.a(sched.c.obj)
                0x000000002002da04                z_thread_timeout
 .text.z_pend_curr
                0x000000002002da0a       0x5c zephyr/kernel/libkernel.a(sched.c.obj)
                0x000000002002da0a                z_pend_curr
 .text.z_unpend1_no_timeout
                0x000000002002da66       0x2e zephyr/kernel/libkernel.a(sched.c.obj)
                0x000000002002da66                z_unpend1_no_timeout
 .text.z_unpend_first_thread
                0x000000002002da94       0x36 zephyr/kernel/libkernel.a(sched.c.obj)
                0x000000002002da94                z_unpend_first_thread
 .text.z_reschedule
                0x000000002002daca       0x24 zephyr/kernel/libkernel.a(sched.c.obj)
                0x000000002002daca                z_reschedule
 .text.z_sched_start
                0x000000002002daee       0x38 zephyr/kernel/libkernel.a(sched.c.obj)
                0x000000002002daee                z_sched_start
 .text.z_reschedule_irqlock
                0x000000002002db26       0x50 zephyr/kernel/libkernel.a(sched.c.obj)
                0x000000002002db26                z_reschedule_irqlock
 .text.k_sched_lock
                0x000000002002db76       0x20 zephyr/kernel/libkernel.a(sched.c.obj)
                0x000000002002db76                k_sched_lock
 .text.k_sched_unlock
                0x000000002002db96       0x38 zephyr/kernel/libkernel.a(sched.c.obj)
                0x000000002002db96                k_sched_unlock
 .text.z_swap_next_thread
                0x000000002002dbce        0xc zephyr/kernel/libkernel.a(sched.c.obj)
                0x000000002002dbce                z_swap_next_thread
 .text.z_get_next_switch_handle
                0x000000002002dbda       0x14 zephyr/kernel/libkernel.a(sched.c.obj)
                0x000000002002dbda                z_get_next_switch_handle
 .text.z_sched_init
                0x000000002002dbee       0x16 zephyr/kernel/libkernel.a(sched.c.obj)
                0x000000002002dbee                z_sched_init
 .text.z_impl_k_yield
                0x000000002002dc04       0x96 zephyr/kernel/libkernel.a(sched.c.obj)
                0x000000002002dc04                z_impl_k_yield
 .text.z_tick_sleep
                0x000000002002dc9a       0xa2 zephyr/kernel/libkernel.a(sched.c.obj)
 .text.z_impl_k_sleep
                0x000000002002dd3c       0x50 zephyr/kernel/libkernel.a(sched.c.obj)
                0x000000002002dd3c                z_impl_k_sleep
 .text.z_impl_k_sched_current_thread_query
                0x000000002002dd8c        0xc zephyr/kernel/libkernel.a(sched.c.obj)
                0x000000002002dd8c                z_impl_k_sched_current_thread_query
 .text.z_thread_abort
                0x000000002002dd98       0x32 zephyr/kernel/libkernel.a(sched.c.obj)
                0x000000002002dd98                z_thread_abort
 .text.z_impl_k_thread_abort
                0x000000002002ddca        0x4 zephyr/kernel/libkernel.a(sched.c.obj)
                0x000000002002ddca                z_impl_k_thread_abort
 .text.slice_timeout
                0x000000002002ddce       0x2c zephyr/kernel/libkernel.a(timeslicing.c.obj)
 .text.thread_is_sliceable
                0x000000002002ddfa       0x48 zephyr/kernel/libkernel.a(timeslicing.c.obj)
                0x000000002002ddfa                thread_is_sliceable
 .text.z_reset_time_slice
                0x000000002002de42       0x6a zephyr/kernel/libkernel.a(timeslicing.c.obj)
                0x000000002002de42                z_reset_time_slice
 .text.z_time_slice
                0x000000002002deac       0x56 zephyr/kernel/libkernel.a(timeslicing.c.obj)
                0x000000002002deac                z_time_slice
 .text.elapsed  0x000000002002df02       0x12 zephyr/kernel/libkernel.a(timeout.c.obj)
 .text.remove_timeout
                0x000000002002df14       0x3c zephyr/kernel/libkernel.a(timeout.c.obj)
 .text.next_timeout
                0x000000002002df50       0x52 zephyr/kernel/libkernel.a(timeout.c.obj)
 .text.z_add_timeout
                0x000000002002dfa2      0x12e zephyr/kernel/libkernel.a(timeout.c.obj)
                0x000000002002dfa2                z_add_timeout
 .text.z_abort_timeout
                0x000000002002e0d0       0x26 zephyr/kernel/libkernel.a(timeout.c.obj)
                0x000000002002e0d0                z_abort_timeout
 .text.sys_clock_announce
                0x000000002002e0f6       0xf8 zephyr/kernel/libkernel.a(timeout.c.obj)
                0x000000002002e0f6                sys_clock_announce
 .text.sys_clock_tick_get
                0x000000002002e1ee       0x38 zephyr/kernel/libkernel.a(timeout.c.obj)
                0x000000002002e1ee                sys_clock_tick_get
 .text.sys_clock_tick_get_32
                0x000000002002e226        0xe zephyr/kernel/libkernel.a(timeout.c.obj)
                0x000000002002e226                sys_clock_tick_get_32
 .text.z_impl_k_uptime_ticks
                0x000000002002e234        0x4 zephyr/kernel/libkernel.a(timeout.c.obj)
                0x000000002002e234                z_impl_k_uptime_ticks
 .text.z_timer_expiration_handler
                0x000000002002e238      0x100 zephyr/kernel/libkernel.a(timer.c.obj)
                0x000000002002e238                z_timer_expiration_handler
 .text.k_timer_init
                0x000000002002e338       0x1e zephyr/kernel/libkernel.a(timer.c.obj)
                0x000000002002e338                k_timer_init
 .text.z_impl_k_timer_start
                0x000000002002e356       0x88 zephyr/kernel/libkernel.a(timer.c.obj)
                0x000000002002e356                z_impl_k_timer_start
 .text.z_impl_k_timer_stop
                0x000000002002e3de       0x3a zephyr/kernel/libkernel.a(timer.c.obj)
                0x000000002002e3de                z_impl_k_timer_stop
 .text.z_impl_atomic_cas
                0x000000002002e418       0x1a zephyr/kernel/libkernel.a(atomic_c.c.obj)
                0x000000002002e418                z_impl_atomic_cas
 .text.z_impl_atomic_add
                0x000000002002e432       0x16 zephyr/kernel/libkernel.a(atomic_c.c.obj)
                0x000000002002e432                z_impl_atomic_add
 .text.z_impl_atomic_sub
                0x000000002002e448       0x18 zephyr/kernel/libkernel.a(atomic_c.c.obj)
                0x000000002002e448                z_impl_atomic_sub
 .text.z_impl_atomic_set
                0x000000002002e460       0x14 zephyr/kernel/libkernel.a(atomic_c.c.obj)
                0x000000002002e460                z_impl_atomic_set
 .text.strlen   0x000000002002e474       0x12 c:\ncs\toolchains\b620d30767\opt\zephyr-sdk\riscv64-zephyr-elf\bin\../lib/gcc/../../picolibc/riscv64-zephyr-elf/lib/rv32emc_zicsr/ilp32e\libc.a(strlen.c.o)
                0x000000002002e474                strlen
 .text.strnlen  0x000000002002e486       0x18 c:\ncs\toolchains\b620d30767\opt\zephyr-sdk\riscv64-zephyr-elf\bin\../lib/gcc/../../picolibc/riscv64-zephyr-elf/lib/rv32emc_zicsr/ilp32e\libc.a(libc_string_strnlen.c.o)
                0x000000002002e486                strnlen
 .text.snprintf
                0x000000002002e49e       0x66 c:\ncs\toolchains\b620d30767\opt\zephyr-sdk\riscv64-zephyr-elf\bin\../lib/gcc/../../picolibc/riscv64-zephyr-elf/lib/rv32emc_zicsr/ilp32e\libc.a(libc_tinystdio_snprintf.c.o)
                0x000000002002e49e                snprintf
 .text.__ultoa_invert
                0x000000002002e504      0x110 c:\ncs\toolchains\b620d30767\opt\zephyr-sdk\riscv64-zephyr-elf\bin\../lib/gcc/../../picolibc/riscv64-zephyr-elf/lib/rv32emc_zicsr/ilp32e\libc.a(libc_tinystdio_vflprintf.c.o)
 .text.__l_vfprintf
                0x000000002002e614      0x59c c:\ncs\toolchains\b620d30767\opt\zephyr-sdk\riscv64-zephyr-elf\bin\../lib/gcc/../../picolibc/riscv64-zephyr-elf/lib/rv32emc_zicsr/ilp32e\libc.a(libc_tinystdio_vflprintf.c.o)
                0x000000002002e614                __l_vfprintf
 .text.__file_str_put
                0x000000002002ebb0       0x14 c:\ncs\toolchains\b620d30767\opt\zephyr-sdk\riscv64-zephyr-elf\bin\../lib/gcc/../../picolibc/riscv64-zephyr-elf/lib/rv32emc_zicsr/ilp32e\libc.a(libc_tinystdio_filestrput.c.o)
                0x000000002002ebb0                __file_str_put
 .text.memcpy   0x000000002002ebc4       0x16 c:\ncs\toolchains\b620d30767\opt\zephyr-sdk\riscv64-zephyr-elf\bin\../lib/gcc/../../picolibc/riscv64-zephyr-elf/lib/rv32emc_zicsr/ilp32e\libc.a(memcpy-asm.S.o)
                0x000000002002ebc4                memcpy
 .text.memset   0x000000002002ebda       0x10 c:\ncs\toolchains\b620d30767\opt\zephyr-sdk\riscv64-zephyr-elf\bin\../lib/gcc/../../picolibc/riscv64-zephyr-elf/lib/rv32emc_zicsr/ilp32e\libc.a(memset.S.o)
                0x000000002002ebda                memset
 *(SORT_BY_ALIGNMENT(.gnu.linkonce.t.*))
                0x000000002002ebea                __text_region_end = .
                0x000000002002ebea                __rodata_region_start = .

initlevel       0x000000002002ebec       0x50
                0x000000002002ebec                __init_start = .
                0x000000002002ebec                __init_EARLY_start = .
 *(SORT_BY_NAME(SORT_BY_ALIGNMENT(.z_init_EARLY?_*)))
 *(SORT_BY_NAME(SORT_BY_ALIGNMENT(.z_init_EARLY??_*)))
                0x000000002002ebec                __init_PRE_KERNEL_1_start = .
 *(SORT_BY_NAME(SORT_BY_ALIGNMENT(.z_init_PRE_KERNEL_1?_*)))
 .z_init_PRE_KERNEL_10_0_
                0x000000002002ebec        0x8 zephyr/soc/soc/nrf54l15/libsoc__nordic.a(soc.c.obj)
 .z_init_PRE_KERNEL_10_0_
                0x000000002002ebf4        0x8 zephyr/soc/soc/nrf54l15/libsoc__nordic.a(soc_init.c.obj)
 *(SORT_BY_NAME(SORT_BY_ALIGNMENT(.z_init_PRE_KERNEL_1??_*)))
 .z_init_PRE_KERNEL_140_00009_
                0x000000002002ebfc        0x8 zephyr/drivers/gpio/libdrivers__gpio.a(gpio_nrfx.c.obj)
 .z_init_PRE_KERNEL_140_00011_
                0x000000002002ec04        0x8 zephyr/drivers/gpio/libdrivers__gpio.a(gpio_nrfx.c.obj)
 .z_init_PRE_KERNEL_140_00023_
                0x000000002002ec0c        0x8 zephyr/drivers/gpio/libdrivers__gpio.a(gpio_nrfx.c.obj)
 .z_init_PRE_KERNEL_150_00097_
                0x000000002002ec14        0x8 zephyr/drivers/serial/libdrivers__serial.a(uart_nrfx_uarte.c.obj)
 .z_init_PRE_KERNEL_160_0_
                0x000000002002ec1c        0x8 zephyr/drivers/console/libdrivers__console.a(uart_console.c.obj)
                0x000000002002ec24                __init_PRE_KERNEL_2_start = .
 *(SORT_BY_NAME(SORT_BY_ALIGNMENT(.z_init_PRE_KERNEL_2?_*)))
 .z_init_PRE_KERNEL_20_0_
                0x000000002002ec24        0x8 zephyr/drivers/timer/libdrivers__timer.a(nrf_grtc_timer.c.obj)
 *(SORT_BY_NAME(SORT_BY_ALIGNMENT(.z_init_PRE_KERNEL_2??_*)))
                0x000000002002ec2c                __init_POST_KERNEL_start = .
 *(SORT_BY_NAME(SORT_BY_ALIGNMENT(.z_init_POST_KERNEL?_*)))
 .z_init_POST_KERNEL0_0_
                0x000000002002ec2c        0x8 zephyr/libzephyr.a(log_core.c.obj)
 *(SORT_BY_NAME(SORT_BY_ALIGNMENT(.z_init_POST_KERNEL??_*)))
 .z_init_POST_KERNEL35_0_
                0x000000002002ec34        0x8 zephyr/lib/libc/common/liblib__libc__common.a(malloc.c.obj)
                0x000000002002ec3c                __init_APPLICATION_start = .
 *(SORT_BY_NAME(SORT_BY_ALIGNMENT(.z_init_APPLICATION?_*)))
 *(SORT_BY_NAME(SORT_BY_ALIGNMENT(.z_init_APPLICATION??_*)))
                0x000000002002ec3c                __init_SMP_start = .
 *(SORT_BY_NAME(SORT_BY_ALIGNMENT(.z_init_SMP?_*)))
 *(SORT_BY_NAME(SORT_BY_ALIGNMENT(.z_init_SMP??_*)))
                0x000000002002ec3c                __init_end = .
                0x000000002002ec3c                __deferred_init_list_start = .
 *(SORT_BY_ALIGNMENT(.z_deferred_init*))
                0x000000002002ec3c                __deferred_init_list_end = .

device_area     0x000000002002ec3c       0x50
                0x000000002002ec3c                _device_list_start = .
 *(SORT_BY_NAME(SORT_BY_ALIGNMENT(._device.static.*_?_*)))
 *(SORT_BY_NAME(SORT_BY_ALIGNMENT(._device.static.*_??_*)))
 ._device.static.1_40_
                0x000000002002ec3c       0x3c zephyr/drivers/gpio/libdrivers__gpio.a(gpio_nrfx.c.obj)
                0x000000002002ec3c                __device_dts_ord_11
                0x000000002002ec50                __device_dts_ord_9
                0x000000002002ec64                __device_dts_ord_23
 ._device.static.1_50_
                0x000000002002ec78       0x14 zephyr/drivers/serial/libdrivers__serial.a(uart_nrfx_uarte.c.obj)
                0x000000002002ec78                __device_dts_ord_97
                0x000000002002ec8c                _device_list_end = .

sw_isr_table    0x000000002002ec8c      0x92c
                0x000000002002ecc0                . = ALIGN (0x40)
 *fill*         0x000000002002ec8c       0x34 
 *(SORT_BY_ALIGNMENT(.gnu.linkonce.sw_isr_table*))
 .gnu.linkonce.sw_isr_table
                0x000000002002ecc0      0x8f8 zephyr/arch/common/libisr_tables.a(isr_tables.c.obj)
                0x000000002002ecc0                _sw_isr_table

initlevel_error
                0x000000002002ebea        0x0
 *(SORT_BY_NAME(SORT_BY_ALIGNMENT(.z_init_[_A-Z0-9]*)))
                0x0000000000000001                ASSERT ((SIZEOF (initlevel_error) == 0x0), Undefined initialization levels used.)

app_shmem_regions
                0x000000002002f5b8        0x0
                0x000000002002f5b8                __app_shmem_regions_start = .
 *(SORT_BY_NAME(SORT_BY_ALIGNMENT(.app_regions.*)))
                0x000000002002f5b8                __app_shmem_regions_end = .

k_p4wq_initparam_area
                0x000000002002f5b8        0x0
                0x000000002002f5b8                _k_p4wq_initparam_list_start = .
 *(SORT_BY_NAME(SORT_BY_ALIGNMENT(._k_p4wq_initparam.static.*)))
                0x000000002002f5b8                _k_p4wq_initparam_list_end = .

_static_thread_data_area
                0x000000002002f5b8        0x0
                0x000000002002f5b8                __static_thread_data_list_start = .
 *(SORT_BY_NAME(SORT_BY_ALIGNMENT(.__static_thread_data.static.*)))
                0x000000002002f5b8                __static_thread_data_list_end = .

device_deps     0x000000002002f5b8        0x0
                0x000000002002f5b8                __device_deps_start = .
 *(SORT_BY_NAME(SORT_BY_ALIGNMENT(.__device_deps_pass2*)))
                0x000000002002f5b8                __device_deps_end = .

ztest           0x000000002002f5b8        0x0
                0x000000002002f5b8                _ztest_expected_result_entry_list_start = .
 *(SORT_BY_NAME(SORT_BY_ALIGNMENT(._ztest_expected_result_entry.static.*)))
                0x000000002002f5b8                _ztest_expected_result_entry_list_end = .
                0x000000002002f5b8                _ztest_suite_node_list_start = .
 *(SORT_BY_NAME(SORT_BY_ALIGNMENT(._ztest_suite_node.static.*)))
                0x000000002002f5b8                _ztest_suite_node_list_end = .
                0x000000002002f5b8                _ztest_unit_test_list_start = .
 *(SORT_BY_NAME(SORT_BY_ALIGNMENT(._ztest_unit_test.static.*)))
                0x000000002002f5b8                _ztest_unit_test_list_end = .
                0x000000002002f5b8                _ztest_test_rule_list_start = .
 *(SORT_BY_NAME(SORT_BY_ALIGNMENT(._ztest_test_rule.static.*)))
                0x000000002002f5b8                _ztest_test_rule_list_end = .

init_array      0x000000002002f5b8        0x0
 *(SORT_BY_NAME(SORT_BY_ALIGNMENT(.ctors*)))
 *(SORT_BY_NAME(SORT_BY_ALIGNMENT(.init_array*)))
                0x0000000000000001                ASSERT ((SIZEOF (init_array) == 0x0), GNU-style constructors required but STATIC_INIT_GNU not enabled)

bt_l2cap_fixed_chan_area
                0x000000002002f5b8        0x0
                0x000000002002f5b8                _bt_l2cap_fixed_chan_list_start = .
 *(SORT_BY_NAME(SORT_BY_ALIGNMENT(._bt_l2cap_fixed_chan.static.*)))
                0x000000002002f5b8                _bt_l2cap_fixed_chan_list_end = .

bt_gatt_service_static_area
                0x000000002002f5b8        0x0
                0x000000002002f5b8                _bt_gatt_service_static_list_start = .
 *(SORT_BY_NAME(SORT_BY_ALIGNMENT(._bt_gatt_service_static.static.*)))
                0x000000002002f5b8                _bt_gatt_service_static_list_end = .

log_strings_area
                0x000000002002f5b8        0x0
                0x000000002002f5b8                _log_strings_list_start = .
 *(SORT_BY_NAME(SORT_BY_ALIGNMENT(._log_strings.static.*)))
                0x000000002002f5b8                _log_strings_list_end = .

log_const_area  0x000000002002f5b8       0x40
                0x000000002002f5b8                _log_const_list_start = .
 *(SORT_BY_NAME(SORT_BY_ALIGNMENT(._log_const.static.*)))
 ._log_const.static.log_const_cbprintf_package_
                0x000000002002f5b8        0x8 zephyr/libzephyr.a(cbprintf_packaged.c.obj)
                0x000000002002f5b8                log_const_cbprintf_package
 ._log_const.static.log_const_log_
                0x000000002002f5c0        0x8 zephyr/libzephyr.a(log_core.c.obj)
                0x000000002002f5c0                log_const_log
 ._log_const.static.log_const_log_mgmt_
                0x000000002002f5c8        0x8 zephyr/libzephyr.a(log_mgmt.c.obj)
                0x000000002002f5c8                log_const_log_mgmt
 ._log_const.static.log_const_log_uart_
                0x000000002002f5d0        0x8 zephyr/libzephyr.a(log_backend_uart.c.obj)
                0x000000002002f5d0                log_const_log_uart
 ._log_const.static.log_const_main_
                0x000000002002f5d8        0x8 app/libapp.a(main.c.obj)
                0x000000002002f5d8                log_const_main
 ._log_const.static.log_const_os_
                0x000000002002f5e0        0x8 zephyr/kernel/libkernel.a(init.c.obj)
                0x000000002002f5e0                log_const_os
 ._log_const.static.log_const_soc_
                0x000000002002f5e8        0x8 zephyr/soc/soc/nrf54l15/libsoc__nordic.a(soc.c.obj)
                0x000000002002f5e8                log_const_soc
 ._log_const.static.log_const_uart_nrfx_uarte_
                0x000000002002f5f0        0x8 zephyr/drivers/serial/libdrivers__serial.a(uart_nrfx_uarte.c.obj)
                0x000000002002f5f0                log_const_uart_nrfx_uarte
                0x000000002002f5f8                _log_const_list_end = .

log_backend_area
                0x000000002002f5f8       0x10
                0x000000002002f5f8                _log_backend_list_start = .
 *(SORT_BY_NAME(SORT_BY_ALIGNMENT(._log_backend.static.*)))
 ._log_backend.static.log_backend_uart_
                0x000000002002f5f8       0x10 zephyr/libzephyr.a(log_backend_uart.c.obj)
                0x000000002002f608                _log_backend_list_end = .

log_link_area   0x000000002002f608        0x0
                0x000000002002f608                _log_link_list_start = .
 *(SORT_BY_NAME(SORT_BY_ALIGNMENT(._log_link.static.*)))
                0x000000002002f608                _log_link_list_end = .

tracing_backend_area
                0x000000002002f608        0x0
                0x000000002002f608                _tracing_backend_list_start = .
 *(SORT_BY_NAME(SORT_BY_ALIGNMENT(._tracing_backend.static.*)))
                0x000000002002f608                _tracing_backend_list_end = .

zephyr_dbg_info
 *(SORT_BY_ALIGNMENT(.dbg_thread_info))

intc_table_area
                0x000000002002f608        0x0
                0x000000002002f608                _intc_table_list_start = .
 *(SORT_BY_NAME(SORT_BY_ALIGNMENT(._intc_table.static.*)))
                0x000000002002f608                _intc_table_list_end = .

symbol_to_keep  0x000000002002f608        0x0
                0x000000002002f608                __symbol_to_keep_start = .
 *(SORT_BY_NAME(SORT_BY_ALIGNMENT(.symbol_to_keep*)))
                0x000000002002f608                __symbol_to_keep_end = .

shell_area      0x000000002002f608        0x0
                0x000000002002f608                _shell_list_start = .
 *(SORT_BY_NAME(SORT_BY_ALIGNMENT(._shell.static.*)))
                0x000000002002f608                _shell_list_end = .

shell_root_cmds_area
                0x000000002002f608        0x0
                0x000000002002f608                _shell_root_cmds_list_start = .
 *(SORT_BY_NAME(SORT_BY_ALIGNMENT(._shell_root_cmds.static.*)))
                0x000000002002f608                _shell_root_cmds_list_end = .

shell_subcmds_area
                0x000000002002f608        0x0
                0x000000002002f608                _shell_subcmds_list_start = .
 *(SORT_BY_NAME(SORT_BY_ALIGNMENT(._shell_subcmds.static.*)))
                0x000000002002f608                _shell_subcmds_list_end = .

shell_dynamic_subcmds_area
                0x000000002002f608        0x0
                0x000000002002f608                _shell_dynamic_subcmds_list_start = .
 *(SORT_BY_NAME(SORT_BY_ALIGNMENT(._shell_dynamic_subcmds.static.*)))
                0x000000002002f608                _shell_dynamic_subcmds_list_end = .

cfb_font_area   0x000000002002f608        0x0
                0x000000002002f608                _cfb_font_list_start = .
 *(SORT_BY_NAME(SORT_BY_ALIGNMENT(._cfb_font.static.*)))
                0x000000002002f608                _cfb_font_list_end = .

tdata           0x000000002002f608        0x0
 *(SORT_BY_ALIGNMENT(.tdata) SORT_BY_ALIGNMENT(.tdata.*) SORT_BY_ALIGNMENT(.gnu.linkonce.td.*))

tbss            0x000000002002f608        0x4
 *(SORT_BY_ALIGNMENT(.tbss) SORT_BY_ALIGNMENT(.tbss.*) SORT_BY_ALIGNMENT(.gnu.linkonce.tb.*) SORT_BY_ALIGNMENT(.tcommon))
 .tbss.z_tls_current
                0x000000002002f608        0x4 zephyr/libzephyr.a(thread_entry.c.obj)
                0x000000002002f608                z_tls_current
                0x000000002002f608                PROVIDE (__tdata_start = ADDR (tdata))
                0x0000000000000001                PROVIDE (__tdata_align = ALIGNOF (tdata))
                0x0000000000000000                PROVIDE (__tdata_size = (((SIZEOF (tdata) + __tdata_align) - 0x1) & ~ ((__tdata_align - 0x1))))
                [!provide]                        PROVIDE (__tdata_end = (__tdata_start + __tdata_size))
                0x0000000000000004                PROVIDE (__tbss_align = ALIGNOF (tbss))
                [!provide]                        PROVIDE (__tbss_start = ADDR (tbss))
                0x0000000000000004                PROVIDE (__tbss_size = (((SIZEOF (tbss) + __tbss_align) - 0x1) & ~ ((__tbss_align - 0x1))))
                [!provide]                        PROVIDE (__tbss_end = (__tbss_start + __tbss_size))
                [!provide]                        PROVIDE (__tls_start = __tdata_start)
                [!provide]                        PROVIDE (__tls_end = __tbss_end)
                [!provide]                        PROVIDE (__tls_size = (__tbss_end - __tdata_start))

rodata          0x000000002002f608      0xaf0
                0x000000002002f608                . = ALIGN (0x4)
 *(SORT_BY_ALIGNMENT(.srodata))
 *(SORT_BY_ALIGNMENT(.srodata.*))
 .srodata.lbu_cb_ctx
                0x000000002002f608        0x8 zephyr/libzephyr.a(log_backend_uart.c.obj)
 .srodata.__pinctrl_states__device_dts_ord_97
                0x000000002002f610        0x8 zephyr/drivers/serial/libdrivers__serial.a(uart_nrfx_uarte.c.obj)
 .srodata.ports
                0x000000002002f618        0x3 modules/hal_nordic/nrfx/libmodules__hal_nordic__nrfx.a(nrfx_gpiote.c.obj)
 *(SORT_BY_ALIGNMENT(.rodata))
 *fill*         0x000000002002f61b        0x1 
 .rodata        0x000000002002f61c      0x100 c:/ncs/toolchains/b620d30767/opt/zephyr-sdk/riscv64-zephyr-elf/bin/../lib/gcc/riscv64-zephyr-elf/12.2.0/rv32emc_zicsr/ilp32e\libgcc.a(_clz.o)
                0x000000002002f61c                __clz_tab
 *(SORT_BY_ALIGNMENT(.rodata.*))
 .rodata.main.str1.4
                0x000000002002f71c       0x38 app/libapp.a(main.c.obj)
 .rodata.str1.4
                0x000000002002f754        0x5 app/libapp.a(main.c.obj)
 *fill*         0x000000002002f759        0x3 
 .rodata.cbvprintf_package
                0x000000002002f75c       0xbc zephyr/libzephyr.a(cbprintf_packaged.c.obj)
 .rodata.cbprintf_package_convert.str1.4
                0x000000002002f818       0xa3 zephyr/libzephyr.a(cbprintf_packaged.c.obj)
 *fill*         0x000000002002f8bb        0x1 
 .rodata.str1.4
                0x000000002002f8bc       0x11 zephyr/libzephyr.a(cbprintf_packaged.c.obj)
 *fill*         0x000000002002f8cd        0x3 
 .rodata.enable_logger.str1.4
                0x000000002002f8d0        0x8 zephyr/libzephyr.a(log_core.c.obj)
 .rodata.mpsc_config
                0x000000002002f8d8       0x14 zephyr/libzephyr.a(log_core.c.obj)
 .rodata.format_table
                0x000000002002f8ec       0x10 zephyr/libzephyr.a(log_core.c.obj)
 .rodata.str1.4
                0x000000002002f8fc        0x4 zephyr/libzephyr.a(log_core.c.obj)
 .rodata.str1.4
                0x000000002002f900        0x9 zephyr/libzephyr.a(log_mgmt.c.obj)
 *fill*         0x000000002002f909        0x3 
 .rodata.z_impl_z_log_msg_static_create.str1.4
                0x000000002002f90c       0x3f zephyr/libzephyr.a(log_msg.c.obj)
 *fill*         0x000000002002f94b        0x1 
 .rodata.z_log_msg_runtime_vcreate.str1.4
                0x000000002002f94c       0x38 zephyr/libzephyr.a(log_msg.c.obj)
 .rodata.newline_print.str1.4
                0x000000002002f984        0x3 zephyr/libzephyr.a(log_output.c.obj)
                                          0x7 (size before relaxing)
 *fill*         0x000000002002f987        0x1 
 .rodata.log_output_process.str1.4
                0x000000002002f988       0x5f zephyr/libzephyr.a(log_output.c.obj)
                                         0x63 (size before relaxing)
 .rodata.log_output_dropped_process.str1.4
                0x000000002002f9e7       0x5f zephyr/libzephyr.a(log_output.c.obj)
                                          0x3 (size before relaxing)
 *fill*         0x000000002002f9e7        0x1 
 .rodata.postfix.0
                0x000000002002f9e8       0x1c zephyr/libzephyr.a(log_output.c.obj)
 .rodata.prefix.1
                0x000000002002fa04        0xc zephyr/libzephyr.a(log_output.c.obj)
 .rodata.str1.4
                0x000000002002fa10       0x20 zephyr/libzephyr.a(log_output.c.obj)
 .rodata.colors
                0x000000002002fa30       0x14 zephyr/libzephyr.a(log_output.c.obj)
 .rodata.severity
                0x000000002002fa44       0x14 zephyr/libzephyr.a(log_output.c.obj)
 .rodata.str1.4
                0x000000002002fa58       0x1d zephyr/libzephyr.a(log_backend_uart.c.obj)
 *fill*         0x000000002002fa75        0x3 
 .rodata.lbu_output
                0x000000002002fa78       0x10 zephyr/libzephyr.a(log_backend_uart.c.obj)
 .rodata.log_backend_uart_api
                0x000000002002fa88       0x1c zephyr/libzephyr.a(log_backend_uart.c.obj)
                0x000000002002fa88                log_backend_uart_api
 .rodata.boot_banner.str1.4
                0x000000002002faa4       0x66 zephyr/libzephyr.a(banner.c.obj)
 *fill*         0x000000002002fb0a        0x2 
 .rodata.z_riscv_fatal_error_csf.str1.4
                0x000000002002fb0c      0x107 zephyr/arch/arch/riscv/core/libarch__riscv__core.a(fatal.c.obj)
                                        0x10b (size before relaxing)
 *fill*         0x000000002002fc13        0x1 
 .rodata.str1.4
                0x000000002002fc14      0x165 zephyr/arch/arch/riscv/core/libarch__riscv__core.a(fatal.c.obj)
 *fill*         0x000000002002fd79        0x3 
 .rodata.mcause_str.0
                0x000000002002fd7c       0x44 zephyr/arch/arch/riscv/core/libarch__riscv__core.a(fatal.c.obj)
 .rodata.z_irq_spurious.str1.4
                0x000000002002fdc0       0x26 zephyr/arch/arch/riscv/core/libarch__riscv__core.a(irq_manage.c.obj)
 *fill*         0x000000002002fde6        0x2 
 .rodata.print_trace_address.str1.4
                0x000000002002fde8       0x1e zephyr/arch/arch/riscv/core/libarch__riscv__core.a(stacktrace.c.obj)
 *fill*         0x000000002002fe06        0x2 
 .rodata.z_riscv_unwind_stack.str1.4
                0x000000002002fe08        0xc zephyr/arch/arch/riscv/core/libarch__riscv__core.a(stacktrace.c.obj)
                                          0xd (size before relaxing)
 .rodata.str1.4
                0x000000002002fe14        0x4 zephyr/soc/soc/nrf54l15/libsoc__nordic.a(soc.c.obj)
 .rodata.CSWTCH.44
                0x000000002002fe18        0xc zephyr/drivers/gpio/libdrivers__gpio.a(gpio_nrfx.c.obj)
 .rodata.str1.4
                0x000000002002fe24       0x23 zephyr/drivers/gpio/libdrivers__gpio.a(gpio_nrfx.c.obj)
 *fill*         0x000000002002fe47        0x1 
 .rodata.gpio_nrfx_p2_cfg
                0x000000002002fe48       0x18 zephyr/drivers/gpio/libdrivers__gpio.a(gpio_nrfx.c.obj)
 .rodata.gpio_nrfx_p1_cfg
                0x000000002002fe60       0x18 zephyr/drivers/gpio/libdrivers__gpio.a(gpio_nrfx.c.obj)
 .rodata.gpio_nrfx_p0_cfg
                0x000000002002fe78       0x18 zephyr/drivers/gpio/libdrivers__gpio.a(gpio_nrfx.c.obj)
 .rodata.gpio_nrfx_drv_api_funcs
                0x000000002002fe90       0x24 zephyr/drivers/gpio/libdrivers__gpio.a(gpio_nrfx.c.obj)
 .rodata.CSWTCH.17
                0x000000002002feb4        0xc zephyr/drivers/pinctrl/libdrivers__pinctrl.a(pinctrl_nrf.c.obj)
 .rodata.drive_modes
                0x000000002002fec0       0x24 zephyr/drivers/pinctrl/libdrivers__pinctrl.a(pinctrl_nrf.c.obj)
 .rodata.str1.4
                0x000000002002fee4       0x1c zephyr/drivers/serial/libdrivers__serial.a(uart_nrfx_uarte.c.obj)
 .rodata.uarte_30z_config
                0x000000002002ff00       0x34 zephyr/drivers/serial/libdrivers__serial.a(uart_nrfx_uarte.c.obj)
 .rodata.__pinctrl_dev_config__device_dts_ord_97
                0x000000002002ff34        0xc zephyr/drivers/serial/libdrivers__serial.a(uart_nrfx_uarte.c.obj)
 .rodata.__pinctrl_state_pins_0__device_dts_ord_97
                0x000000002002ff40       0x10 zephyr/drivers/serial/libdrivers__serial.a(uart_nrfx_uarte.c.obj)
 .rodata.uart_nrfx_uarte_driver_api
                0x000000002002ff50        0xc zephyr/drivers/serial/libdrivers__serial.a(uart_nrfx_uarte.c.obj)
 .rodata.CSWTCH.869
                0x000000002002ff5c        0xc modules/hal_nordic/nrfx/libmodules__hal_nordic__nrfx.a(nrfx_gpiote.c.obj)
 .rodata.port_offset.1
                0x000000002002ff68       0x10 modules/hal_nordic/nrfx/libmodules__hal_nordic__nrfx.a(nrfx_gpiote.c.obj)
 .rodata.k_sys_fatal_error_handler.str1.4
                0x000000002002ff78        0xf zephyr/kernel/libkernel.a(fatal.c.obj)
 *fill*         0x000000002002ff87        0x1 
 .rodata.z_fatal_error.str1.4
                0x000000002002ff88       0x50 zephyr/kernel/libkernel.a(fatal.c.obj)
                                         0x58 (size before relaxing)
 .rodata.str1.4
                0x000000002002ffd8       0x4d zephyr/kernel/libkernel.a(fatal.c.obj)
 *fill*         0x0000000020030025        0x3 
 .rodata.CSWTCH.404
                0x0000000020030028       0x14 zephyr/kernel/libkernel.a(fatal.c.obj)
 .rodata.z_cstart.str1.4
                0x000000002003003c        0x5 zephyr/kernel/libkernel.a(init.c.obj)
 .rodata.levels.0
                0x000000002003003c       0x18 zephyr/kernel/libkernel.a(init.c.obj)
 .rodata.str1.4
                0x0000000020030054        0x3 zephyr/kernel/libkernel.a(init.c.obj)
 *fill*         0x0000000020030057        0x1 
 .rodata.__l_vfprintf.str1.4
                0x0000000020030058       0x10 c:\ncs\toolchains\b620d30767\opt\zephyr-sdk\riscv64-zephyr-elf\bin\../lib/gcc/../../picolibc/riscv64-zephyr-elf/lib/rv32emc_zicsr/ilp32e\libc.a(libc_tinystdio_vflprintf.c.o)
 .rodata.__l_vfprintf
                0x0000000020030068       0x90 c:\ncs\toolchains\b620d30767\opt\zephyr-sdk\riscv64-zephyr-elf\bin\../lib/gcc/../../picolibc/riscv64-zephyr-elf/lib/rv32emc_zicsr/ilp32e\libc.a(libc_tinystdio_vflprintf.c.o)
 *(SORT_BY_ALIGNMENT(.gnu.linkonce.r.*))
 *(SORT_BY_ALIGNMENT(.sdata2) SORT_BY_ALIGNMENT(.sdata2.*) SORT_BY_ALIGNMENT(.gnu.linkonce.s2.*))
                0x00000000200300f8                . = ALIGN (0x4)
                0x00000000200300f8                __rodata_region_end = .
                0x00000000200300f8                __rom_region_end = .
                0x00000000000080f8                __rom_region_size = (__rom_region_end - __rom_region_start)
                0x0000000020028000                . = 0x20028000
                0x0000000020028000                _image_ram_start = .

bss             0x00000000200300f8      0x6c4
                0x00000000200300f8                . = ALIGN (0x4)
                0x00000000200300f8                __bss_start = .
                0x00000000200300f8                __kernel_ram_start = .
 *(SORT_BY_ALIGNMENT(.sbss))
 *(SORT_BY_ALIGNMENT(.sbss.*))
 .sbss.last_failure_report
                0x00000000200300f8        0x8 zephyr/libzephyr.a(log_core.c.obj)
 .sbss.last_count
                0x0000000020030100        0x8 zephyr/drivers/timer/libdrivers__timer.a(nrf_grtc_timer.c.obj)
 .sbss.curr_tick
                0x0000000020030108        0x8 zephyr/kernel/libkernel.a(timeout.c.obj)
 .sbss.curr_log_buffer
                0x0000000020030110        0x4 zephyr/libzephyr.a(log_core.c.obj)
 .sbss.proc_tid
                0x0000000020030114        0x4 zephyr/libzephyr.a(log_core.c.obj)
 .sbss.dropped_cnt
                0x0000000020030118        0x4 zephyr/libzephyr.a(log_core.c.obj)
 .sbss.buffered_cnt
                0x000000002003011c        0x4 zephyr/libzephyr.a(log_core.c.obj)
 .sbss.initialized
                0x0000000020030120        0x4 zephyr/libzephyr.a(log_core.c.obj)
 .sbss.timestamp_div
                0x0000000020030124        0x4 zephyr/libzephyr.a(log_output.c.obj)
 .sbss.freq     0x0000000020030128        0x4 zephyr/libzephyr.a(log_output.c.obj)
 .sbss.lbu_buffer
                0x000000002003012c        0x1 zephyr/libzephyr.a(log_backend_uart.c.obj)
 *fill*         0x000000002003012d        0x3 
 .sbss._stdout_hook
                0x0000000020030130        0x4 zephyr/lib/libc/picolibc/liblib__libc__picolibc.a(libc-hooks.c.obj)
 .sbss.uarte_30_data
                0x0000000020030134        0x8 zephyr/drivers/serial/libdrivers__serial.a(uart_nrfx_uarte.c.obj)
 .sbss.int_mask
                0x000000002003013c        0x4 zephyr/drivers/timer/libdrivers__timer.a(nrf_grtc_timer.c.obj)
 .sbss.slice_expired
                0x0000000020030140        0x1 zephyr/kernel/libkernel.a(timeslicing.c.obj)
 *fill*         0x0000000020030141        0x3 
 .sbss.slice_max_prio
                0x0000000020030144        0x4 zephyr/kernel/libkernel.a(timeslicing.c.obj)
 .sbss.slice_ticks
                0x0000000020030148        0x4 zephyr/kernel/libkernel.a(timeslicing.c.obj)
 .sbss.announce_remaining
                0x000000002003014c        0x4 zephyr/kernel/libkernel.a(timeout.c.obj)
 .sbss.backend_attached
                0x0000000020030150        0x1 zephyr/libzephyr.a(log_core.c.obj)
 .sbss.panic_mode
                0x0000000020030151        0x1 zephyr/libzephyr.a(log_core.c.obj)
 .sbss.uarte30_poll_in_byte
                0x0000000020030152        0x1 zephyr/drivers/serial/libdrivers__serial.a(uart_nrfx_uarte.c.obj)
 .sbss.uarte30_poll_out_byte
                0x0000000020030153        0x1 zephyr/drivers/serial/libdrivers__serial.a(uart_nrfx_uarte.c.obj)
 .sbss.z_sys_post_kernel
                0x0000000020030154        0x1 zephyr/kernel/libkernel.a(init.c.obj)
                0x0000000020030154                z_sys_post_kernel
 *(SORT_BY_ALIGNMENT(.bss))
 *(SORT_BY_ALIGNMENT(.bss.*))
 *fill*         0x0000000020030155        0x3 
 .bss.logging_thread
                0x0000000020030158       0x68 zephyr/libzephyr.a(log_core.c.obj)
                0x0000000020030158                logging_thread
 .bss.buf32     0x00000000200301c0      0x400 zephyr/libzephyr.a(log_core.c.obj)
 .bss.log_process_thread_timer
                0x00000000200305c0       0x38 zephyr/libzephyr.a(log_core.c.obj)
 .bss.z_idle_threads
                0x00000000200305f8       0x68 zephyr/kernel/libkernel.a(init.c.obj)
                0x00000000200305f8                z_idle_threads
 .bss.z_main_thread
                0x0000000020030660       0x68 zephyr/kernel/libkernel.a(init.c.obj)
                0x0000000020030660                z_main_thread
 .bss._thread_dummy
                0x00000000200306c8       0x68 zephyr/kernel/libkernel.a(sched.c.obj)
                0x00000000200306c8                _thread_dummy
 .bss.slice_timeouts
                0x0000000020030730       0x18 zephyr/kernel/libkernel.a(timeslicing.c.obj)
 .bss.lbu_data  0x0000000020030748       0x18 zephyr/libzephyr.a(log_backend_uart.c.obj)
 .bss.lbu_output_control_block
                0x0000000020030760        0xc zephyr/libzephyr.a(log_backend_uart.c.obj)
 .bss.z_malloc_heap
                0x000000002003076c        0xc zephyr/lib/libc/common/liblib__libc__common.a(malloc.c.obj)
 .bss.gpio_nrfx_p2_data
                0x0000000020030778        0xc zephyr/drivers/gpio/libdrivers__gpio.a(gpio_nrfx.c.obj)
 .bss.gpio_nrfx_p1_data
                0x0000000020030784        0xc zephyr/drivers/gpio/libdrivers__gpio.a(gpio_nrfx.c.obj)
 .bss.gpio_nrfx_p0_data
                0x0000000020030790        0xc zephyr/drivers/gpio/libdrivers__gpio.a(gpio_nrfx.c.obj)
 .bss._kernel   0x000000002003079c       0x20 zephyr/kernel/libkernel.a(init.c.obj)
                0x000000002003079c                _kernel
 .bss.lock      0x00000000200307bc        0x0 zephyr/kernel/libkernel.a(sem.c.obj)
 .bss._sched_spinlock
                0x00000000200307bc        0x0 zephyr/kernel/libkernel.a(sched.c.obj)
                0x00000000200307bc                _sched_spinlock
 *(SORT_BY_ALIGNMENT(COMMON))
                0x00000000200307bc                __bss_end = ALIGN (0x4)

noinit          0x00000000200307c0     0x1100
 *(SORT_BY_ALIGNMENT(.noinit))
 *(SORT_BY_ALIGNMENT(.noinit.*))
 .noinit."WEST_TOPDIR/zephyr/subsys/logging/log_core.c".0
                0x00000000200307c0      0x300 zephyr/libzephyr.a(log_core.c.obj)
                0x00000000200307c0                logging_stack
 .noinit."WEST_TOPDIR/zephyr/kernel/init.c".2
                0x0000000020030ac0      0x800 zephyr/kernel/libkernel.a(init.c.obj)
                0x0000000020030ac0                z_interrupt_stacks
 .noinit."WEST_TOPDIR/zephyr/kernel/init.c".1
                0x00000000200312c0      0x200 zephyr/kernel/libkernel.a(init.c.obj)
 .noinit."WEST_TOPDIR/zephyr/kernel/init.c".0
                0x00000000200314c0      0x400 zephyr/kernel/libkernel.a(init.c.obj)
                0x00000000200314c0                z_main_stack

datas           0x00000000200318c0      0x144
                0x00000000200318c0                . = ALIGN (0x4)
                0x00000000200318c0                __data_region_start = .
                0x00000000200318c0                __data_start = .
 *(SORT_BY_ALIGNMENT(.data))
 *(SORT_BY_ALIGNMENT(.data.*))
 .data.__stdout
                0x00000000200318c0       0x14 zephyr/lib/libc/picolibc/liblib__libc__picolibc.a(libc-hooks.c.obj)
 .data.system_clock_channel_data
                0x00000000200318d4        0xc zephyr/drivers/timer/libdrivers__timer.a(nrf_grtc_timer.c.obj)
 .data.m_cb     0x00000000200318e0       0xd8 modules/hal_nordic/nrfx/libmodules__hal_nordic__nrfx.a(nrfx_gpiote.c.obj)
 .data.m_cb     0x00000000200319b8       0x30 modules/hal_nordic/nrfx/libmodules__hal_nordic__nrfx.a(nrfx_grtc.c.obj)
 *(SORT_BY_ALIGNMENT(.sdata) SORT_BY_ALIGNMENT(.sdata.*) SORT_BY_ALIGNMENT(.gnu.linkonce.s.*))
 .sdata._char_out
                0x00000000200319e8        0x4 zephyr/libzephyr.a(printk.c.obj)
 .sdata.timestamp_func
                0x00000000200319ec        0x4 zephyr/libzephyr.a(log_core.c.obj)
 .sdata.backend_cb_log_backend_uart
                0x00000000200319f0        0x8 zephyr/libzephyr.a(log_backend_uart.c.obj)
 .sdata.SystemCoreClock
                0x00000000200319f8        0x4 modules/hal_nordic/nrfx/libmodules__hal_nordic__nrfx.a(system_nrf54l.c.obj)
                0x00000000200319f8                SystemCoreClock
 .sdata.timeout_list
                0x00000000200319fc        0x8 zephyr/kernel/libkernel.a(timeout.c.obj)
                0x0000000020031a04                __data_end = .
                0x0000000000000144                __data_size = (__data_end - __data_start)
                0x00000000200318c0                __data_load_start = LOADADDR (datas)
                0x00000000200318c0                __data_region_load_start = LOADADDR (datas)

device_states   0x0000000020031a04        0x8
                0x0000000020031a04                __device_states_start = .
 *(SORT_BY_ALIGNMENT(.z_devstate))
 .z_devstate    0x0000000020031a04        0x6 zephyr/drivers/gpio/libdrivers__gpio.a(gpio_nrfx.c.obj)
 .z_devstate    0x0000000020031a0a        0x2 zephyr/drivers/serial/libdrivers__serial.a(uart_nrfx_uarte.c.obj)
 *(SORT_BY_ALIGNMENT(.z_devstate.*))
                0x0000000020031a0c                __device_states_end = .

log_mpsc_pbuf_area
                0x0000000020031a0c       0x38
                0x0000000020031a0c                _log_mpsc_pbuf_list_start = .
 *(SORT_BY_NAME(SORT_BY_ALIGNMENT(._log_mpsc_pbuf.static.*)))
 ._log_mpsc_pbuf.static.log_buffer_
                0x0000000020031a0c       0x38 zephyr/libzephyr.a(log_core.c.obj)
                0x0000000020031a44                _log_mpsc_pbuf_list_end = .

log_msg_ptr_area
                0x0000000020031a44        0x4
                0x0000000020031a44                _log_msg_ptr_list_start = .
 *(SORT_BY_NAME(SORT_BY_ALIGNMENT(._log_msg_ptr.static.*)))
 ._log_msg_ptr.static.log_msg_ptr_
                0x0000000020031a44        0x4 zephyr/libzephyr.a(log_core.c.obj)
                0x0000000020031a48                _log_msg_ptr_list_end = .

log_dynamic_area
                0x0000000020031a48        0x0
                0x0000000020031a48                _log_dynamic_list_start = .
 *(SORT_BY_NAME(SORT_BY_ALIGNMENT(._log_dynamic.static.*)))
                0x0000000020031a48                _log_dynamic_list_end = .

k_timer_area    0x0000000020031a48        0x0
                0x0000000020031a48                _k_timer_list_start = .
 *(SORT_BY_NAME(SORT_BY_ALIGNMENT(._k_timer.static.*)))
                0x0000000020031a48                _k_timer_list_end = .

k_mem_slab_area
                0x0000000020031a48        0x0
                0x0000000020031a48                _k_mem_slab_list_start = .
 *(SORT_BY_NAME(SORT_BY_ALIGNMENT(._k_mem_slab.static.*)))
                0x0000000020031a48                _k_mem_slab_list_end = .

k_heap_area     0x0000000020031a48        0x0
                0x0000000020031a48                _k_heap_list_start = .
 *(SORT_BY_NAME(SORT_BY_ALIGNMENT(._k_heap.static.*)))
                0x0000000020031a48                _k_heap_list_end = .

k_mutex_area    0x0000000020031a48        0x0
                0x0000000020031a48                _k_mutex_list_start = .
 *(SORT_BY_NAME(SORT_BY_ALIGNMENT(._k_mutex.static.*)))
                0x0000000020031a48                _k_mutex_list_end = .

k_stack_area    0x0000000020031a48        0x0
                0x0000000020031a48                _k_stack_list_start = .
 *(SORT_BY_NAME(SORT_BY_ALIGNMENT(._k_stack.static.*)))
                0x0000000020031a48                _k_stack_list_end = .

k_msgq_area     0x0000000020031a48        0x0
                0x0000000020031a48                _k_msgq_list_start = .
 *(SORT_BY_NAME(SORT_BY_ALIGNMENT(._k_msgq.static.*)))
                0x0000000020031a48                _k_msgq_list_end = .

k_mbox_area     0x0000000020031a48        0x0
                0x0000000020031a48                _k_mbox_list_start = .
 *(SORT_BY_NAME(SORT_BY_ALIGNMENT(._k_mbox.static.*)))
                0x0000000020031a48                _k_mbox_list_end = .

k_pipe_area     0x0000000020031a48        0x0
                0x0000000020031a48                _k_pipe_list_start = .
 *(SORT_BY_NAME(SORT_BY_ALIGNMENT(._k_pipe.static.*)))
                0x0000000020031a48                _k_pipe_list_end = .

k_sem_area      0x0000000020031a48       0x10
                0x0000000020031a48                _k_sem_list_start = .
 *(SORT_BY_NAME(SORT_BY_ALIGNMENT(._k_sem.static.*)))
 ._k_sem.static.log_process_thread_sem_
                0x0000000020031a48       0x10 zephyr/libzephyr.a(log_core.c.obj)
                0x0000000020031a48                log_process_thread_sem
                0x0000000020031a58                _k_sem_list_end = .

k_event_area    0x0000000020031a58        0x0
                0x0000000020031a58                _k_event_list_start = .
 *(SORT_BY_NAME(SORT_BY_ALIGNMENT(._k_event.static.*)))
                0x0000000020031a58                _k_event_list_end = .

k_queue_area    0x0000000020031a58        0x0
                0x0000000020031a58                _k_queue_list_start = .
 *(SORT_BY_NAME(SORT_BY_ALIGNMENT(._k_queue.static.*)))
                0x0000000020031a58                _k_queue_list_end = .

k_fifo_area     0x0000000020031a58        0x0
                0x0000000020031a58                _k_fifo_list_start = .
 *(SORT_BY_NAME(SORT_BY_ALIGNMENT(._k_fifo.static.*)))
                0x0000000020031a58                _k_fifo_list_end = .

k_lifo_area     0x0000000020031a58        0x0
                0x0000000020031a58                _k_lifo_list_start = .
 *(SORT_BY_NAME(SORT_BY_ALIGNMENT(._k_lifo.static.*)))
                0x0000000020031a58                _k_lifo_list_end = .

k_condvar_area  0x0000000020031a58        0x0
                0x0000000020031a58                _k_condvar_list_start = .
 *(SORT_BY_NAME(SORT_BY_ALIGNMENT(._k_condvar.static.*)))
                0x0000000020031a58                _k_condvar_list_end = .

sys_mem_blocks_ptr_area
                0x0000000020031a58        0x0
                0x0000000020031a58                _sys_mem_blocks_ptr_list_start = .
 *(SORT_BY_NAME(SORT_BY_ALIGNMENT(._sys_mem_blocks_ptr.static.*)))
                0x0000000020031a58                _sys_mem_blocks_ptr_list_end = .

net_buf_pool_area
                0x0000000020031a58        0x0
                0x0000000020031a58                _net_buf_pool_list_start = .
 *(SORT_BY_NAME(SORT_BY_ALIGNMENT(._net_buf_pool.static.*)))
                0x0000000020031a58                _net_buf_pool_list_end = .
                0x0000000020031a58                __data_region_end = .
                0x0000000020031a58                __kernel_ram_end = .
                0x0000000000001960                __kernel_ram_size = (__kernel_ram_end - __kernel_ram_start)

.intList        0x00000000fffff800       0x48
 *(SORT_BY_ALIGNMENT(.irq_info*))
 .irq_info      0x00000000fffff800        0x8 zephyr/arch/common/libisr_tables.a(isr_tables.c.obj)
                0x00000000fffff800                _iheader
 *(SORT_BY_ALIGNMENT(.intList*))
 .intList       0x00000000fffff808       0x20 zephyr/drivers/gpio/libdrivers__gpio.a(gpio_nrfx.c.obj)
 .intList       0x00000000fffff828       0x10 zephyr/drivers/serial/libdrivers__serial.a(uart_nrfx_uarte.c.obj)
 .intList       0x00000000fffff838       0x10 zephyr/drivers/timer/libdrivers__timer.a(nrf_grtc_timer.c.obj)

.last_ram_section
                0x0000000020031a58        0x0
                0x0000000020031a58                _image_ram_end = .
                0x0000000000009a58                _image_ram_size = (_image_ram_end - _image_ram_start)
                0x0000000020031a58                _end = .
                0x0000000020031a58                z_mapped_end = .

.stab
 *(SORT_BY_ALIGNMENT(.stab))

.stabstr
 *(SORT_BY_ALIGNMENT(.stabstr))

.stab.excl
 *(SORT_BY_ALIGNMENT(.stab.excl))

.stab.exclstr
 *(SORT_BY_ALIGNMENT(.stab.exclstr))

.stab.index
 *(SORT_BY_ALIGNMENT(.stab.index))

.stab.indexstr
 *(SORT_BY_ALIGNMENT(.stab.indexstr))

.gnu.build.attributes
 *(SORT_BY_ALIGNMENT(.gnu.build.attributes) SORT_BY_ALIGNMENT(.gnu.build.attributes.*))

.comment        0x0000000000000000       0x20
 *(SORT_BY_ALIGNMENT(.comment))
 .comment       0x0000000000000000       0x20 zephyr/CMakeFiles/offsets.dir/./arch/riscv/core/offsets/offsets.c.obj
                                         0x21 (size before relaxing)
 .comment       0x0000000000000020       0x21 app/libapp.a(main.c.obj)
 .comment       0x0000000000000020       0x21 zephyr/libzephyr.a(heap.c.obj)
 .comment       0x0000000000000020       0x21 zephyr/libzephyr.a(cbprintf_packaged.c.obj)
 .comment       0x0000000000000020       0x21 zephyr/libzephyr.a(printk.c.obj)
 .comment       0x0000000000000020       0x21 zephyr/libzephyr.a(thread_entry.c.obj)
 .comment       0x0000000000000020       0x21 zephyr/libzephyr.a(mpsc_pbuf.c.obj)
 .comment       0x0000000000000020       0x21 zephyr/libzephyr.a(configs.c.obj)
 .comment       0x0000000000000020       0x21 zephyr/libzephyr.a(soc_common_irq.c.obj)
 .comment       0x0000000000000020       0x21 zephyr/libzephyr.a(log_core.c.obj)
 .comment       0x0000000000000020       0x21 zephyr/libzephyr.a(log_mgmt.c.obj)
 .comment       0x0000000000000020       0x21 zephyr/libzephyr.a(log_msg.c.obj)
 .comment       0x0000000000000020       0x21 zephyr/libzephyr.a(log_output.c.obj)
 .comment       0x0000000000000020       0x21 zephyr/libzephyr.a(log_backend_uart.c.obj)
 .comment       0x0000000000000020       0x21 zephyr/libzephyr.a(tracing_none.c.obj)
 .comment       0x0000000000000020       0x21 zephyr/libzephyr.a(banner.c.obj)
 .comment       0x0000000000000020       0x21 zephyr/arch/arch/riscv/core/libarch__riscv__core.a(fatal.c.obj)
 .comment       0x0000000000000020       0x21 zephyr/arch/arch/riscv/core/libarch__riscv__core.a(irq_manage.c.obj)
 .comment       0x0000000000000020       0x21 zephyr/arch/arch/riscv/core/libarch__riscv__core.a(prep_c.c.obj)
 .comment       0x0000000000000020       0x21 zephyr/arch/arch/riscv/core/libarch__riscv__core.a(thread.c.obj)
 .comment       0x0000000000000020       0x21 zephyr/arch/arch/riscv/core/libarch__riscv__core.a(tls.c.obj)
 .comment       0x0000000000000020       0x21 zephyr/arch/arch/riscv/core/libarch__riscv__core.a(stacktrace.c.obj)
 .comment       0x0000000000000020       0x21 zephyr/lib/libc/picolibc/liblib__libc__picolibc.a(libc-hooks.c.obj)
 .comment       0x0000000000000020       0x21 zephyr/lib/libc/common/liblib__libc__common.a(malloc.c.obj)
 .comment       0x0000000000000020       0x21 zephyr/soc/soc/nrf54l15/libsoc__nordic.a(soc.c.obj)
 .comment       0x0000000000000020       0x21 zephyr/soc/soc/nrf54l15/libsoc__nordic.a(soc_idle.c.obj)
 .comment       0x0000000000000020       0x21 zephyr/soc/soc/nrf54l15/libsoc__nordic.a(soc_init.c.obj)
 .comment       0x0000000000000020       0x21 zephyr/drivers/interrupt_controller/libdrivers__interrupt_controller.a(intc_nrfx_clic.c.obj)
 .comment       0x0000000000000020       0x21 zephyr/drivers/console/libdrivers__console.a(uart_console.c.obj)
 .comment       0x0000000000000020       0x21 zephyr/drivers/gpio/libdrivers__gpio.a(gpio_nrfx.c.obj)
 .comment       0x0000000000000020       0x21 zephyr/drivers/pinctrl/libdrivers__pinctrl.a(common.c.obj)
 .comment       0x0000000000000020       0x21 zephyr/drivers/pinctrl/libdrivers__pinctrl.a(pinctrl_nrf.c.obj)
 .comment       0x0000000000000020       0x21 zephyr/drivers/serial/libdrivers__serial.a(uart_nrfx_uarte.c.obj)
 .comment       0x0000000000000020       0x21 zephyr/drivers/timer/libdrivers__timer.a(nrf_grtc_timer.c.obj)
 .comment       0x0000000000000020       0x21 modules/hal_nordic/nrfx/libmodules__hal_nordic__nrfx.a(system_nrf54l.c.obj)
 .comment       0x0000000000000020       0x21 modules/hal_nordic/nrfx/libmodules__hal_nordic__nrfx.a(nrfx_glue.c.obj)
 .comment       0x0000000000000020       0x21 modules/hal_nordic/nrfx/libmodules__hal_nordic__nrfx.a(nrfx_flag32_allocator.c.obj)
 .comment       0x0000000000000020       0x21 modules/hal_nordic/nrfx/libmodules__hal_nordic__nrfx.a(nrfx_gpiote.c.obj)
 .comment       0x0000000000000020       0x21 modules/hal_nordic/nrfx/libmodules__hal_nordic__nrfx.a(nrfx_grtc.c.obj)
 .comment       0x0000000000000020       0x21 zephyr/kernel/libkernel.a(busy_wait.c.obj)
 .comment       0x0000000000000020       0x21 zephyr/kernel/libkernel.a(device.c.obj)
 .comment       0x0000000000000020       0x21 zephyr/kernel/libkernel.a(fatal.c.obj)
 .comment       0x0000000000000020       0x21 zephyr/kernel/libkernel.a(init.c.obj)
 .comment       0x0000000000000020       0x21 zephyr/kernel/libkernel.a(init_static.c.obj)
 .comment       0x0000000000000020       0x21 zephyr/kernel/libkernel.a(idle.c.obj)